

================================================================
== Vitis HLS Report for 'read_input_Pipeline_VITIS_LOOP_5_1'
================================================================
* Date:           Sat Aug 24 01:41:24 2024

* Version:        2022.2 (Build 3670227 on Oct 13 2022)
* Project:        kernel_wrapper
* Solution:       solution (Vitis Kernel Flow Target)
* Product family: versal
* Target device:  xcvc1902-vsvd1760-2MP-e-S


================================================================
== Performance Estimates
================================================================
+ Timing: 
    * Summary: 
    +--------+---------+----------+------------+
    |  Clock |  Target | Estimated| Uncertainty|
    +--------+---------+----------+------------+
    |ap_clk  |  5.00 ns|  3.650 ns|     1.35 ns|
    +--------+---------+----------+------------+

+ Latency: 
    * Summary: 
    +---------+---------+-----------+-----------+-------+-------+---------+
    |  Latency (cycles) |   Latency (absolute)  |    Interval   | Pipeline|
    |   min   |   max   |    min    |    max    |  min  |  max  |   Type  |
    +---------+---------+-----------+-----------+-------+-------+---------+
    |    16387|    16387|  81.935 us|  81.935 us|  16387|  16387|       no|
    +---------+---------+-----------+-----------+-------+-------+---------+

    + Detail: 
        * Instance: 
        N/A

        * Loop: 
        +------------------+---------+---------+----------+-----------+-----------+-------+----------+
        |                  |  Latency (cycles) | Iteration|  Initiation Interval  |  Trip |          |
        |     Loop Name    |   min   |   max   |  Latency |  achieved |   target  | Count | Pipelined|
        +------------------+---------+---------+----------+-----------+-----------+-------+----------+
        |- VITIS_LOOP_5_1  |    16385|    16385|         3|          1|          1|  16384|       yes|
        +------------------+---------+---------+----------+-----------+-----------+-------+----------+



================================================================
== Utilization Estimates
================================================================
* Summary: 
+-----------------+---------+------+---------+--------+-----+
|       Name      | BRAM_18K|  DSP |    FF   |   LUT  | URAM|
+-----------------+---------+------+---------+--------+-----+
|DSP              |        -|     -|        -|       -|    -|
|Expression       |        -|     -|        0|      31|    -|
|FIFO             |        -|     -|        -|       -|    -|
|Instance         |        -|     -|        -|       -|    -|
|Memory           |        -|     -|        -|       -|    -|
|Multiplexer      |        -|     -|        -|     283|    -|
|Register         |        -|     -|      820|       -|    -|
+-----------------+---------+------+---------+--------+-----+
|Total            |        0|     0|      820|     314|    0|
+-----------------+---------+------+---------+--------+-----+
|Available        |     1934|  1968|  1799680|  899840|  463|
+-----------------+---------+------+---------+--------+-----+
|Utilization (%)  |        0|     0|       ~0|      ~0|    0|
+-----------------+---------+------+---------+--------+-----+

+ Detail: 
    * Instance: 
    N/A

    * DSP: 
    N/A

    * Memory: 
    N/A

    * FIFO: 
    N/A

    * Expression: 
    +----------------------------------+----------+----+---+----+------------+------------+
    |           Variable Name          | Operation| DSP| FF| LUT| Bitwidth P0| Bitwidth P1|
    +----------------------------------+----------+----+---+----+------------+------------+
    |add_ln5_fu_113_p2                 |         +|   0|  0|  15|          15|           1|
    |ap_block_pp0_stage0_11001         |       and|   0|  0|   2|           1|           1|
    |ap_block_state2_pp0_stage0_iter1  |       and|   0|  0|   2|           1|           1|
    |ap_predicate_op24_read_state2     |       and|   0|  0|   2|           1|           1|
    |icmp_ln5_fu_119_p2                |      icmp|   0|  0|   8|          15|          16|
    |ap_enable_pp0                     |       xor|   0|  0|   2|           1|           2|
    +----------------------------------+----------+----+---+----+------------+------------+
    |Total                             |          |   0|  0|  31|          34|          22|
    +----------------------------------+----------+----+---+----+------------+------------+

    * Multiplexer: 
    +----------------------------------+-----+-----------+-----+-----------+
    |               Name               | LUT | Input Size| Bits| Total Bits|
    +----------------------------------+-----+-----------+-----+-----------+
    |ap_done_int                       |    2|          2|    1|          2|
    |ap_enable_reg_pp0_iter2           |    2|          2|    1|          2|
    |ap_phi_mux_empty_51_phi_fu_90_p4  |  128|          3|  512|       1536|
    |ap_sig_allocacmp_i_2              |   14|          2|   15|         30|
    |gmem0_blk_n_R                     |    2|          2|    1|          2|
    |i_fu_60                           |   14|          2|   15|         30|
    |shiftreg_fu_56                    |  121|          2|  256|        512|
    +----------------------------------+-----+-----------+-----+-----------+
    |Total                             |  283|         15|  801|       2114|
    +----------------------------------+-----+-----------+-----+-----------+

    * Register: 
    +-----------------------------------+-----+----+-----+-----------+
    |                Name               |  FF | LUT| Bits| Const Bits|
    +-----------------------------------+-----+----+-----+-----------+
    |ap_CS_fsm                          |    1|   0|    1|          0|
    |ap_done_reg                        |    1|   0|    1|          0|
    |ap_enable_reg_pp0_iter1            |    1|   0|    1|          0|
    |ap_enable_reg_pp0_iter2            |    1|   0|    1|          0|
    |ap_loop_exit_ready_pp0_iter1_reg   |    1|   0|    1|          0|
    |gmem0_addr_read_reg_205            |  512|   0|  512|          0|
    |i_fu_60                            |   15|   0|   15|          0|
    |icmp_ln5_reg_192                   |    1|   0|    1|          0|
    |icmp_ln5_reg_192_pp0_iter1_reg     |    1|   0|    1|          0|
    |in_buf_addr_reg_200                |   14|   0|   14|          0|
    |in_buf_addr_reg_200_pp0_iter1_reg  |   14|   0|   14|          0|
    |shiftreg_fu_56                     |  256|   0|  256|          0|
    |trunc_ln5_reg_196                  |    1|   0|    1|          0|
    |trunc_ln5_reg_196_pp0_iter1_reg    |    1|   0|    1|          0|
    +-----------------------------------+-----+----+-----+-----------+
    |Total                              |  820|   0|  820|          0|
    +-----------------------------------+-----+----+-----+-----------+



================================================================
== Interface
================================================================
* Summary: 
+----------------------+-----+-----+------------+------------------------------------+--------------+
|       RTL Ports      | Dir | Bits|  Protocol  |            Source Object           |    C Type    |
+----------------------+-----+-----+------------+------------------------------------+--------------+
|ap_clk                |   in|    1|  ap_ctrl_hs|  read_input_Pipeline_VITIS_LOOP_5_1|  return value|
|ap_rst                |   in|    1|  ap_ctrl_hs|  read_input_Pipeline_VITIS_LOOP_5_1|  return value|
|ap_start              |   in|    1|  ap_ctrl_hs|  read_input_Pipeline_VITIS_LOOP_5_1|  return value|
|ap_done               |  out|    1|  ap_ctrl_hs|  read_input_Pipeline_VITIS_LOOP_5_1|  return value|
|ap_idle               |  out|    1|  ap_ctrl_hs|  read_input_Pipeline_VITIS_LOOP_5_1|  return value|
|ap_ready              |  out|    1|  ap_ctrl_hs|  read_input_Pipeline_VITIS_LOOP_5_1|  return value|
|m_axi_gmem0_AWVALID   |  out|    1|       m_axi|                               gmem0|       pointer|
|m_axi_gmem0_AWREADY   |   in|    1|       m_axi|                               gmem0|       pointer|
|m_axi_gmem0_AWADDR    |  out|   64|       m_axi|                               gmem0|       pointer|
|m_axi_gmem0_AWID      |  out|    1|       m_axi|                               gmem0|       pointer|
|m_axi_gmem0_AWLEN     |  out|   32|       m_axi|                               gmem0|       pointer|
|m_axi_gmem0_AWSIZE    |  out|    3|       m_axi|                               gmem0|       pointer|
|m_axi_gmem0_AWBURST   |  out|    2|       m_axi|                               gmem0|       pointer|
|m_axi_gmem0_AWLOCK    |  out|    2|       m_axi|                               gmem0|       pointer|
|m_axi_gmem0_AWCACHE   |  out|    4|       m_axi|                               gmem0|       pointer|
|m_axi_gmem0_AWPROT    |  out|    3|       m_axi|                               gmem0|       pointer|
|m_axi_gmem0_AWQOS     |  out|    4|       m_axi|                               gmem0|       pointer|
|m_axi_gmem0_AWREGION  |  out|    4|       m_axi|                               gmem0|       pointer|
|m_axi_gmem0_AWUSER    |  out|    1|       m_axi|                               gmem0|       pointer|
|m_axi_gmem0_WVALID    |  out|    1|       m_axi|                               gmem0|       pointer|
|m_axi_gmem0_WREADY    |   in|    1|       m_axi|                               gmem0|       pointer|
|m_axi_gmem0_WDATA     |  out|  512|       m_axi|                               gmem0|       pointer|
|m_axi_gmem0_WSTRB     |  out|   64|       m_axi|                               gmem0|       pointer|
|m_axi_gmem0_WLAST     |  out|    1|       m_axi|                               gmem0|       pointer|
|m_axi_gmem0_WID       |  out|    1|       m_axi|                               gmem0|       pointer|
|m_axi_gmem0_WUSER     |  out|    1|       m_axi|                               gmem0|       pointer|
|m_axi_gmem0_ARVALID   |  out|    1|       m_axi|                               gmem0|       pointer|
|m_axi_gmem0_ARREADY   |   in|    1|       m_axi|                               gmem0|       pointer|
|m_axi_gmem0_ARADDR    |  out|   64|       m_axi|                               gmem0|       pointer|
|m_axi_gmem0_ARID      |  out|    1|       m_axi|                               gmem0|       pointer|
|m_axi_gmem0_ARLEN     |  out|   32|       m_axi|                               gmem0|       pointer|
|m_axi_gmem0_ARSIZE    |  out|    3|       m_axi|                               gmem0|       pointer|
|m_axi_gmem0_ARBURST   |  out|    2|       m_axi|                               gmem0|       pointer|
|m_axi_gmem0_ARLOCK    |  out|    2|       m_axi|                               gmem0|       pointer|
|m_axi_gmem0_ARCACHE   |  out|    4|       m_axi|                               gmem0|       pointer|
|m_axi_gmem0_ARPROT    |  out|    3|       m_axi|                               gmem0|       pointer|
|m_axi_gmem0_ARQOS     |  out|    4|       m_axi|                               gmem0|       pointer|
|m_axi_gmem0_ARREGION  |  out|    4|       m_axi|                               gmem0|       pointer|
|m_axi_gmem0_ARUSER    |  out|    1|       m_axi|                               gmem0|       pointer|
|m_axi_gmem0_RVALID    |   in|    1|       m_axi|                               gmem0|       pointer|
|m_axi_gmem0_RREADY    |  out|    1|       m_axi|                               gmem0|       pointer|
|m_axi_gmem0_RDATA     |   in|  512|       m_axi|                               gmem0|       pointer|
|m_axi_gmem0_RLAST     |   in|    1|       m_axi|                               gmem0|       pointer|
|m_axi_gmem0_RID       |   in|    1|       m_axi|                               gmem0|       pointer|
|m_axi_gmem0_RFIFONUM  |   in|    9|       m_axi|                               gmem0|       pointer|
|m_axi_gmem0_RUSER     |   in|    1|       m_axi|                               gmem0|       pointer|
|m_axi_gmem0_RRESP     |   in|    2|       m_axi|                               gmem0|       pointer|
|m_axi_gmem0_BVALID    |   in|    1|       m_axi|                               gmem0|       pointer|
|m_axi_gmem0_BREADY    |  out|    1|       m_axi|                               gmem0|       pointer|
|m_axi_gmem0_BRESP     |   in|    2|       m_axi|                               gmem0|       pointer|
|m_axi_gmem0_BID       |   in|    1|       m_axi|                               gmem0|       pointer|
|m_axi_gmem0_BUSER     |   in|    1|       m_axi|                               gmem0|       pointer|
|sext_ln5              |   in|   58|     ap_none|                            sext_ln5|        scalar|
|in_buf_address0       |  out|   14|   ap_memory|                              in_buf|         array|
|in_buf_ce0            |  out|    1|   ap_memory|                              in_buf|         array|
|in_buf_we0            |  out|    1|   ap_memory|                              in_buf|         array|
|in_buf_d0             |  out|  256|   ap_memory|                              in_buf|         array|
+----------------------+-----+-----+------------+------------------------------------+--------------+

