

================================================================
== Vitis HLS Report for 'softmax_stable_ap_fixed_ap_fixed_16_6_5_3_0_softmax_config13_s'
================================================================
* Date:           Sat Aug 24 01:44:45 2024

* Version:        2022.2 (Build 3670227 on Oct 13 2022)
* Project:        kernel_wrapper
* Solution:       solution (Vitis Kernel Flow Target)
* Product family: versal
* Target device:  xcvc1902-vsvd1760-2MP-e-S


================================================================
== Performance Estimates
================================================================
+ Timing: 
    * Summary: 
    +--------+---------+----------+------------+
    |  Clock |  Target | Estimated| Uncertainty|
    +--------+---------+----------+------------+
    |ap_clk  |  5.00 ns|  3.555 ns|     1.35 ns|
    +--------+---------+----------+------------+

+ Latency: 
    * Summary: 
    +---------+---------+-----------+-----------+-----+-----+---------+
    |  Latency (cycles) |   Latency (absolute)  |  Interval | Pipeline|
    |   min   |   max   |    min    |    max    | min | max |   Type  |
    +---------+---------+-----------+-----------+-----+-----+---------+
    |        6|        6|  30.000 ns|  30.000 ns|    1|    1|      yes|
    +---------+---------+-----------+-----------+-----+-----+---------+

    + Detail: 
        * Instance: 
        N/A

        * Loop: 
        N/A



================================================================
== Utilization Estimates
================================================================
* Summary: 
+-----------------+---------+------+---------+--------+-----+
|       Name      | BRAM_18K|  DSP |    FF   |   LUT  | URAM|
+-----------------+---------+------+---------+--------+-----+
|DSP              |        -|     5|        -|       -|    -|
|Expression       |        -|     -|        0|     460|    -|
|FIFO             |        -|     -|        -|       -|    -|
|Instance         |        -|     -|        -|       -|    -|
|Memory           |        8|     -|        0|       0|    -|
|Multiplexer      |        -|     -|        -|       -|    -|
|Register         |        -|     -|      193|       -|    -|
+-----------------+---------+------+---------+--------+-----+
|Total            |        8|     5|      193|     460|    0|
+-----------------+---------+------+---------+--------+-----+
|Available        |     1934|  1968|  1799680|  899840|  463|
+-----------------+---------+------+---------+--------+-----+
|Utilization (%)  |       ~0|    ~0|       ~0|      ~0|    0|
+-----------------+---------+------+---------+--------+-----+

+ Detail: 
    * Instance: 
    N/A

    * DSP: 
    +------------------------------+------------------------+-----------+
    |           Instance           |         Module         | Expression|
    +------------------------------+------------------------+-----------+
    |mul_mul_18s_18s_30_4_1_U2860  |mul_mul_18s_18s_30_4_1  |    i0 * i1|
    |mul_mul_18s_18s_30_4_1_U2861  |mul_mul_18s_18s_30_4_1  |    i0 * i1|
    |mul_mul_18s_18s_30_4_1_U2862  |mul_mul_18s_18s_30_4_1  |    i0 * i1|
    |mul_mul_18s_18s_30_4_1_U2863  |mul_mul_18s_18s_30_4_1  |    i0 * i1|
    |mul_mul_18s_18s_30_4_1_U2864  |mul_mul_18s_18s_30_4_1  |    i0 * i1|
    +------------------------------+------------------------+-----------+

    * Memory: 
    +----------------+----------------------------------------------------------------------------------+---------+---+----+-----+------+-----+------+-------------+
    |     Memory     |                                      Module                                      | BRAM_18K| FF| LUT| URAM| Words| Bits| Banks| W*Bits*Banks|
    +----------------+----------------------------------------------------------------------------------+---------+---+----+-----+------+-----+------+-------------+
    |exp_table_U     |softmax_stable_ap_fixed_ap_fixed_16_6_5_3_0_softmax_config13_s_exp_table_ROM_bkb  |        6|  0|   0|    0|  1024|   18|     1|        18432|
    |invert_table_U  |softmax_stable_ap_fixed_ap_fixed_16_6_5_3_0_softmax_config13_s_invert_table_Rcud  |        2|  0|   0|    0|  1024|   18|     1|        18432|
    +----------------+----------------------------------------------------------------------------------+---------+---+----+-----+------+-----+------+-------------+
    |Total           |                                                                                  |        8|  0|   0|    0|  2048|   36|     2|        36864|
    +----------------+----------------------------------------------------------------------------------+---------+---+----+-----+------+-----+------+-------------+

    * FIFO: 
    N/A

    * Expression: 
    +--------------------------+----------+----+---+----+------------+------------+
    |       Variable Name      | Operation| DSP| FF| LUT| Bitwidth P0| Bitwidth P1|
    +--------------------------+----------+----+---+----+------------+------------+
    |add_ln813_1_fu_616_p2     |         +|   0|  0|  37|          18|          18|
    |add_ln813_2_fu_622_p2     |         +|   0|  0|  37|          18|          18|
    |add_ln813_fu_610_p2       |         +|   0|  0|  37|          18|          18|
    |exp_sum_V_fu_628_p2       |         +|   0|  0|  37|          18|          18|
    |ret_V_1_fu_286_p2         |         -|   0|  0|  17|          17|          17|
    |ret_V_2_fu_329_p2         |         -|   0|  0|  17|          17|          17|
    |ret_V_3_fu_372_p2         |         -|   0|  0|  17|          17|          17|
    |ret_V_4_fu_415_p2         |         -|   0|  0|  17|          17|          17|
    |ret_V_fu_243_p2           |         -|   0|  0|  17|          17|          17|
    |overflow_1_fu_314_p2      |       and|   0|  0|   2|           1|           1|
    |overflow_2_fu_357_p2      |       and|   0|  0|   2|           1|           1|
    |overflow_3_fu_400_p2      |       and|   0|  0|   2|           1|           1|
    |overflow_4_fu_443_p2      |       and|   0|  0|   2|           1|           1|
    |overflow_fu_271_p2        |       and|   0|  0|   2|           1|           1|
    |icmp_ln1651_1_fu_180_p2   |      icmp|   0|  0|   8|          16|          16|
    |icmp_ln1651_2_fu_200_p2   |      icmp|   0|  0|   8|          16|          16|
    |icmp_ln1651_3_fu_220_p2   |      icmp|   0|  0|   8|          16|          16|
    |icmp_ln1651_fu_160_p2     |      icmp|   0|  0|   8|          16|          16|
    |p_Result_12_fu_504_p3     |    select|   0|  0|   9|           1|          10|
    |p_Result_13_fu_535_p3     |    select|   0|  0|   9|           1|          10|
    |p_Result_14_fu_566_p3     |    select|   0|  0|   9|           1|          10|
    |p_Result_15_fu_597_p3     |    select|   0|  0|   9|           1|          10|
    |p_Result_s_fu_473_p3      |    select|   0|  0|   9|           1|          10|
    |select_ln346_1_fu_486_p3  |    select|   0|  0|  10|           1|           9|
    |select_ln346_2_fu_517_p3  |    select|   0|  0|  10|           1|           9|
    |select_ln346_3_fu_548_p3  |    select|   0|  0|  10|           1|           9|
    |select_ln346_4_fu_579_p3  |    select|   0|  0|  10|           1|           9|
    |select_ln346_fu_455_p3    |    select|   0|  0|  10|           1|           9|
    |select_ln65_1_fu_192_p3   |    select|   0|  0|  15|           1|          16|
    |select_ln65_2_fu_212_p3   |    select|   0|  0|  15|           1|          16|
    |select_ln65_fu_172_p3     |    select|   0|  0|  15|           1|          16|
    |x_max_V_fu_230_p3         |    select|   0|  0|  15|           1|          16|
    |ap_enable_pp0             |       xor|   0|  0|   2|           1|           2|
    |xor_ln1651_1_fu_186_p2    |       xor|   0|  0|   2|           1|           2|
    |xor_ln1651_2_fu_206_p2    |       xor|   0|  0|   2|           1|           2|
    |xor_ln1651_3_fu_224_p2    |       xor|   0|  0|   2|           1|           2|
    |xor_ln1651_fu_166_p2      |       xor|   0|  0|   2|           1|           2|
    |xor_ln302_1_fu_320_p2     |       xor|   0|  0|   2|           1|           1|
    |xor_ln302_2_fu_363_p2     |       xor|   0|  0|   2|           1|           1|
    |xor_ln302_3_fu_406_p2     |       xor|   0|  0|   2|           1|           1|
    |xor_ln302_4_fu_449_p2     |       xor|   0|  0|   2|           1|           1|
    |xor_ln302_fu_277_p2       |       xor|   0|  0|   2|           1|           1|
    |xor_ln895_1_fu_308_p2     |       xor|   0|  0|   2|           1|           2|
    |xor_ln895_2_fu_351_p2     |       xor|   0|  0|   2|           1|           2|
    |xor_ln895_3_fu_394_p2     |       xor|   0|  0|   2|           1|           2|
    |xor_ln895_4_fu_437_p2     |       xor|   0|  0|   2|           1|           2|
    |xor_ln895_fu_265_p2       |       xor|   0|  0|   2|           1|           2|
    +--------------------------+----------+----+---+----+------------+------------+
    |Total                     |          |   0|  0| 460|         255|         410|
    +--------------------------+----------+----+---+----+------------+------------+

    * Multiplexer: 
    N/A

    * Register: 
    +-------------------------+----+----+-----+-----------+
    |           Name          | FF | LUT| Bits| Const Bits|
    +-------------------------+----+----+-----+-----------+
    |ap_CS_fsm                |   1|   0|    1|          0|
    |ap_enable_reg_pp0_iter1  |   1|   0|    1|          0|
    |ap_enable_reg_pp0_iter2  |   1|   0|    1|          0|
    |ap_enable_reg_pp0_iter3  |   1|   0|    1|          0|
    |ap_enable_reg_pp0_iter4  |   1|   0|    1|          0|
    |ap_enable_reg_pp0_iter5  |   1|   0|    1|          0|
    |ap_enable_reg_pp0_iter6  |   1|   0|    1|          0|
    |p_read33_reg_800         |  16|   0|   16|          0|
    |p_read_1_reg_778         |  16|   0|   16|          0|
    |p_read_2_reg_785         |  16|   0|   16|          0|
    |p_read_3_reg_790         |  16|   0|   16|          0|
    |p_read_4_reg_795         |  16|   0|   16|          0|
    |r_V_1_reg_841            |  18|   0|   18|          0|
    |r_V_2_reg_846            |  18|   0|   18|          0|
    |r_V_3_reg_851            |  18|   0|   18|          0|
    |r_V_4_reg_856            |  18|   0|   18|          0|
    |r_V_reg_836              |  18|   0|   18|          0|
    |select_ln65_2_reg_805    |  16|   0|   16|          0|
    +-------------------------+----+----+-----+-----------+
    |Total                    | 193|   0|  193|          0|
    +-------------------------+----+----+-----+-----------+



================================================================
== Interface
================================================================
* Summary: 
+-------------+-----+-----+------------+----------------------------------------------------------------+--------------+
|  RTL Ports  | Dir | Bits|  Protocol  |                          Source Object                         |    C Type    |
+-------------+-----+-----+------------+----------------------------------------------------------------+--------------+
|ap_clk       |   in|    1|  ap_ctrl_hs|  softmax_stable<ap_fixed,ap_fixed<16,6,5,3,0>,softmax_config13>|  return value|
|ap_rst       |   in|    1|  ap_ctrl_hs|  softmax_stable<ap_fixed,ap_fixed<16,6,5,3,0>,softmax_config13>|  return value|
|ap_start     |   in|    1|  ap_ctrl_hs|  softmax_stable<ap_fixed,ap_fixed<16,6,5,3,0>,softmax_config13>|  return value|
|ap_done      |  out|    1|  ap_ctrl_hs|  softmax_stable<ap_fixed,ap_fixed<16,6,5,3,0>,softmax_config13>|  return value|
|ap_idle      |  out|    1|  ap_ctrl_hs|  softmax_stable<ap_fixed,ap_fixed<16,6,5,3,0>,softmax_config13>|  return value|
|ap_ready     |  out|    1|  ap_ctrl_hs|  softmax_stable<ap_fixed,ap_fixed<16,6,5,3,0>,softmax_config13>|  return value|
|ap_ce        |   in|    1|  ap_ctrl_hs|  softmax_stable<ap_fixed,ap_fixed<16,6,5,3,0>,softmax_config13>|  return value|
|ap_return_0  |  out|   16|  ap_ctrl_hs|  softmax_stable<ap_fixed,ap_fixed<16,6,5,3,0>,softmax_config13>|  return value|
|ap_return_1  |  out|   16|  ap_ctrl_hs|  softmax_stable<ap_fixed,ap_fixed<16,6,5,3,0>,softmax_config13>|  return value|
|ap_return_2  |  out|   16|  ap_ctrl_hs|  softmax_stable<ap_fixed,ap_fixed<16,6,5,3,0>,softmax_config13>|  return value|
|ap_return_3  |  out|   16|  ap_ctrl_hs|  softmax_stable<ap_fixed,ap_fixed<16,6,5,3,0>,softmax_config13>|  return value|
|ap_return_4  |  out|   16|  ap_ctrl_hs|  softmax_stable<ap_fixed,ap_fixed<16,6,5,3,0>,softmax_config13>|  return value|
|p_read       |   in|   16|     ap_none|                                                          p_read|        scalar|
|p_read1      |   in|   16|     ap_none|                                                         p_read1|        scalar|
|p_read2      |   in|   16|     ap_none|                                                         p_read2|        scalar|
|p_read3      |   in|   16|     ap_none|                                                         p_read3|        scalar|
|p_read4      |   in|   16|     ap_none|                                                         p_read4|        scalar|
+-------------+-----+-----+------------+----------------------------------------------------------------+--------------+

