

================================================================
== Vitis HLS Report for 'dense_latency_ap_fixed_16_6_5_3_0_ap_fixed_16_6_5_3_0_config2_mult_s'
================================================================
* Date:           Fri Aug  2 18:52:59 2024

* Version:        2022.2 (Build 3670227 on Oct 13 2022)
* Project:        kernel_wrapper
* Solution:       solution (Vitis Kernel Flow Target)
* Product family: virtexuplus
* Target device:  xcu55c-fsvh2892-2L-e


================================================================
== Performance Estimates
================================================================
+ Timing: 
    * Summary: 
    +--------+---------+----------+------------+
    |  Clock |  Target | Estimated| Uncertainty|
    +--------+---------+----------+------------+
    |ap_clk  |  5.00 ns|  3.605 ns|     1.35 ns|
    +--------+---------+----------+------------+

+ Latency: 
    * Summary: 
    +---------+---------+----------+----------+-----+-----+---------+
    |  Latency (cycles) |  Latency (absolute) |  Interval | Pipeline|
    |   min   |   max   |    min   |    max   | min | max |   Type  |
    +---------+---------+----------+----------+-----+-----+---------+
    |        1|        1|  5.000 ns|  5.000 ns|    1|    1|      yes|
    +---------+---------+----------+----------+-----+-----+---------+

    + Detail: 
        * Instance: 
        N/A

        * Loop: 
        N/A



================================================================
== Utilization Estimates
================================================================
* Summary: 
+---------------------+---------+------+---------+---------+-----+
|         Name        | BRAM_18K|  DSP |    FF   |   LUT   | URAM|
+---------------------+---------+------+---------+---------+-----+
|DSP                  |        -|     -|        -|        -|    -|
|Expression           |        -|     -|        0|     6963|    -|
|FIFO                 |        -|     -|        -|        -|    -|
|Instance             |        -|    28|        0|      140|    -|
|Memory               |        -|     -|        -|        -|    -|
|Multiplexer          |        -|     -|        -|      224|    -|
|Register             |        -|     -|      896|        -|    -|
+---------------------+---------+------+---------+---------+-----+
|Total                |        0|    28|      896|     7327|    0|
+---------------------+---------+------+---------+---------+-----+
|Available SLR        |     1344|  3008|   869120|   434560|  320|
+---------------------+---------+------+---------+---------+-----+
|Utilization SLR (%)  |        0|    ~0|       ~0|        1|    0|
+---------------------+---------+------+---------+---------+-----+
|Available            |     4032|  9024|  2607360|  1303680|  960|
+---------------------+---------+------+---------+---------+-----+
|Utilization (%)      |        0|    ~0|       ~0|       ~0|    0|
+---------------------+---------+------+---------+---------+-----+

+ Detail: 
    * Instance: 
    +------------------------+--------------------+---------+----+---+----+-----+
    |        Instance        |       Module       | BRAM_18K| DSP| FF| LUT| URAM|
    +------------------------+--------------------+---------+----+---+----+-----+
    |mul_16s_5ns_21_1_0_U48  |mul_16s_5ns_21_1_0  |        0|   1|  0|   5|    0|
    |mul_16s_5ns_21_1_0_U57  |mul_16s_5ns_21_1_0  |        0|   1|  0|   5|    0|
    |mul_16s_5ns_21_1_0_U62  |mul_16s_5ns_21_1_0  |        0|   1|  0|   5|    0|
    |mul_16s_5s_21_1_0_U45   |mul_16s_5s_21_1_0   |        0|   1|  0|   5|    0|
    |mul_16s_5s_21_1_0_U61   |mul_16s_5s_21_1_0   |        0|   1|  0|   5|    0|
    |mul_16s_6ns_21_1_0_U46  |mul_16s_6ns_21_1_0  |        0|   1|  0|   5|    0|
    |mul_16s_6ns_21_1_0_U47  |mul_16s_6ns_21_1_0  |        0|   1|  0|   5|    0|
    |mul_16s_6ns_21_1_0_U49  |mul_16s_6ns_21_1_0  |        0|   1|  0|   5|    0|
    |mul_16s_6ns_21_1_0_U50  |mul_16s_6ns_21_1_0  |        0|   1|  0|   5|    0|
    |mul_16s_6ns_21_1_0_U51  |mul_16s_6ns_21_1_0  |        0|   1|  0|   5|    0|
    |mul_16s_6ns_21_1_0_U54  |mul_16s_6ns_21_1_0  |        0|   1|  0|   5|    0|
    |mul_16s_6ns_21_1_0_U59  |mul_16s_6ns_21_1_0  |        0|   1|  0|   5|    0|
    |mul_16s_6ns_21_1_0_U60  |mul_16s_6ns_21_1_0  |        0|   1|  0|   5|    0|
    |mul_16s_6ns_21_1_0_U63  |mul_16s_6ns_21_1_0  |        0|   1|  0|   5|    0|
    |mul_16s_6ns_21_1_0_U64  |mul_16s_6ns_21_1_0  |        0|   1|  0|   5|    0|
    |mul_16s_6ns_21_1_0_U66  |mul_16s_6ns_21_1_0  |        0|   1|  0|   5|    0|
    |mul_16s_6ns_21_1_0_U68  |mul_16s_6ns_21_1_0  |        0|   1|  0|   5|    0|
    |mul_16s_6s_21_1_0_U42   |mul_16s_6s_21_1_0   |        0|   1|  0|   5|    0|
    |mul_16s_6s_21_1_0_U43   |mul_16s_6s_21_1_0   |        0|   1|  0|   5|    0|
    |mul_16s_6s_21_1_0_U44   |mul_16s_6s_21_1_0   |        0|   1|  0|   5|    0|
    |mul_16s_6s_21_1_0_U52   |mul_16s_6s_21_1_0   |        0|   1|  0|   5|    0|
    |mul_16s_6s_21_1_0_U53   |mul_16s_6s_21_1_0   |        0|   1|  0|   5|    0|
    |mul_16s_6s_21_1_0_U55   |mul_16s_6s_21_1_0   |        0|   1|  0|   5|    0|
    |mul_16s_6s_21_1_0_U56   |mul_16s_6s_21_1_0   |        0|   1|  0|   5|    0|
    |mul_16s_6s_21_1_0_U58   |mul_16s_6s_21_1_0   |        0|   1|  0|   5|    0|
    |mul_16s_6s_21_1_0_U65   |mul_16s_6s_21_1_0   |        0|   1|  0|   5|    0|
    |mul_16s_6s_21_1_0_U67   |mul_16s_6s_21_1_0   |        0|   1|  0|   5|    0|
    |mul_16s_6s_21_1_0_U69   |mul_16s_6s_21_1_0   |        0|   1|  0|   5|    0|
    +------------------------+--------------------+---------+----+---+----+-----+
    |Total                   |                    |        0|  28|  0| 140|    0|
    +------------------------+--------------------+---------+----+---+----+-----+

    * DSP: 
    N/A

    * Memory: 
    N/A

    * FIFO: 
    N/A

    * Expression: 
    +-----------------------------+----------+----+---+----+------------+------------+
    |        Variable Name        | Operation| DSP| FF| LUT| Bitwidth P0| Bitwidth P1|
    +-----------------------------+----------+----+---+----+------------+------------+
    |add_ln813_4533_fu_26202_p2   |         +|   0|  0|  23|          16|          16|
    |add_ln813_4534_fu_28013_p2   |         +|   0|  0|  16|          16|          16|
    |add_ln813_4535_fu_26208_p2   |         +|   0|  0|  16|          16|          16|
    |add_ln813_4536_fu_26214_p2   |         +|   0|  0|  23|          16|          10|
    |add_ln813_4537_fu_26220_p2   |         +|   0|  0|  16|          16|          16|
    |add_ln813_4538_fu_28018_p2   |         +|   0|  0|  16|          16|          16|
    |add_ln813_4539_fu_28023_p2   |         +|   0|  0|  19|          12|          10|
    |add_ln813_4540_fu_28033_p2   |         +|   0|  0|  21|          14|          14|
    |add_ln813_4541_fu_28043_p2   |         +|   0|  0|  23|          16|          16|
    |add_ln813_4542_fu_26226_p2   |         +|   0|  0|  16|          16|          16|
    |add_ln813_4543_fu_26232_p2   |         +|   0|  0|  16|          16|          16|
    |add_ln813_4544_fu_28049_p2   |         +|   0|  0|  16|          16|          16|
    |add_ln813_4545_fu_28054_p2   |         +|   0|  0|  22|          15|          15|
    |add_ln813_4546_fu_28064_p2   |         +|   0|  0|  16|          16|          16|
    |add_ln813_4547_fu_26238_p2   |         +|   0|  0|  21|          14|          14|
    |add_ln813_4548_fu_28073_p2   |         +|   0|  0|  22|          15|          15|
    |add_ln813_4549_fu_28083_p2   |         +|   0|  0|  16|          16|          16|
    |add_ln813_4550_fu_28089_p2   |         +|   0|  0|  16|          16|          16|
    |add_ln813_4551_fu_28095_p2   |         +|   0|  0|  23|          16|          16|
    |add_ln813_4552_fu_26244_p2   |         +|   0|  0|  23|          16|          16|
    |add_ln813_4553_fu_28101_p2   |         +|   0|  0|  16|          16|          16|
    |add_ln813_4554_fu_26250_p2   |         +|   0|  0|  16|          16|          16|
    |add_ln813_4555_fu_26256_p2   |         +|   0|  0|  22|          15|          11|
    |add_ln813_4556_fu_26266_p2   |         +|   0|  0|  16|          16|          16|
    |add_ln813_4557_fu_28106_p2   |         +|   0|  0|  16|          16|          16|
    |add_ln813_4558_fu_28111_p2   |         +|   0|  0|  16|          16|          16|
    |add_ln813_4559_fu_28117_p2   |         +|   0|  0|  16|          16|          16|
    |add_ln813_4560_fu_26272_p2   |         +|   0|  0|  16|          16|          16|
    |add_ln813_4561_fu_26278_p2   |         +|   0|  0|  23|          16|          16|
    |add_ln813_4562_fu_26284_p2   |         +|   0|  0|  16|          16|          16|
    |add_ln813_4563_fu_28123_p2   |         +|   0|  0|  16|          16|          16|
    |add_ln813_4564_fu_26290_p2   |         +|   0|  0|  23|          16|          16|
    |add_ln813_4565_fu_26296_p2   |         +|   0|  0|  23|          16|          16|
    |add_ln813_4566_fu_26302_p2   |         +|   0|  0|  16|          16|          16|
    |add_ln813_4567_fu_26308_p2   |         +|   0|  0|  16|          16|          16|
    |add_ln813_4568_fu_26314_p2   |         +|   0|  0|  21|          14|          10|
    |add_ln813_4569_fu_26324_p2   |         +|   0|  0|  16|          16|          16|
    |add_ln813_4570_fu_26330_p2   |         +|   0|  0|  16|          16|          16|
    |add_ln813_4571_fu_28128_p2   |         +|   0|  0|  16|          16|          16|
    |add_ln813_4572_fu_28133_p2   |         +|   0|  0|  16|          16|          16|
    |add_ln813_4573_fu_28139_p2   |         +|   0|  0|  23|          16|          16|
    |add_ln813_4574_fu_28145_p2   |         +|   0|  0|  16|          16|          16|
    |add_ln813_4575_fu_28151_p2   |         +|   0|  0|  16|          16|          16|
    |add_ln813_4576_fu_28157_p2   |         +|   0|  0|  23|          16|          16|
    |add_ln813_4577_fu_28161_p2   |         +|   0|  0|  16|          16|          16|
    |add_ln813_4578_fu_28167_p2   |         +|   0|  0|  16|          16|          16|
    |add_ln813_4579_fu_26336_p2   |         +|   0|  0|  23|          16|          16|
    |add_ln813_4580_fu_26342_p2   |         +|   0|  0|  23|          16|          16|
    |add_ln813_4581_fu_26348_p2   |         +|   0|  0|  16|          16|          16|
    |add_ln813_4582_fu_26354_p2   |         +|   0|  0|  16|          16|          16|
    |add_ln813_4583_fu_26360_p2   |         +|   0|  0|  23|          16|          10|
    |add_ln813_4584_fu_26366_p2   |         +|   0|  0|  16|          16|          16|
    |add_ln813_4585_fu_26372_p2   |         +|   0|  0|  16|          16|          16|
    |add_ln813_4586_fu_28173_p2   |         +|   0|  0|  16|          16|          16|
    |add_ln813_4587_fu_28178_p2   |         +|   0|  0|  16|          16|          16|
    |add_ln813_4588_fu_28184_p2   |         +|   0|  0|  16|          16|          16|
    |add_ln813_4589_fu_28190_p2   |         +|   0|  0|  16|          16|          16|
    |add_ln813_4590_fu_28195_p2   |         +|   0|  0|  16|          16|          16|
    |add_ln813_4591_fu_28201_p2   |         +|   0|  0|  16|          16|          16|
    |add_ln813_4592_fu_26378_p2   |         +|   0|  0|  23|          16|          16|
    |add_ln813_4593_fu_26384_p2   |         +|   0|  0|  16|          16|          16|
    |add_ln813_4594_fu_26390_p2   |         +|   0|  0|  16|          16|          16|
    |add_ln813_4595_fu_26396_p2   |         +|   0|  0|  22|          15|          11|
    |add_ln813_4596_fu_26406_p2   |         +|   0|  0|  16|          16|          16|
    |add_ln813_4597_fu_26412_p2   |         +|   0|  0|  16|          16|          16|
    |add_ln813_4598_fu_28207_p2   |         +|   0|  0|  16|          16|          16|
    |add_ln813_4599_fu_28212_p2   |         +|   0|  0|  23|          16|          16|
    |add_ln813_4600_fu_28218_p2   |         +|   0|  0|  16|          16|          16|
    |add_ln813_4601_fu_28223_p2   |         +|   0|  0|  16|          16|          16|
    |add_ln813_4602_fu_28229_p2   |         +|   0|  0|  16|          16|          16|
    |add_ln813_4603_fu_26418_p2   |         +|   0|  0|  23|          16|          16|
    |add_ln813_4604_fu_26424_p2   |         +|   0|  0|  16|          16|          16|
    |add_ln813_4605_fu_26430_p2   |         +|   0|  0|  16|          16|          11|
    |add_ln813_4606_fu_26436_p2   |         +|   0|  0|  16|          16|          16|
    |add_ln813_4607_fu_26442_p2   |         +|   0|  0|  16|          16|          16|
    |add_ln813_4608_fu_28235_p2   |         +|   0|  0|  16|          16|          16|
    |add_ln813_4609_fu_28240_p2   |         +|   0|  0|  16|          16|          16|
    |add_ln813_4610_fu_28246_p2   |         +|   0|  0|  23|          16|          16|
    |add_ln813_4611_fu_28252_p2   |         +|   0|  0|  16|          16|          16|
    |add_ln813_4612_fu_28258_p2   |         +|   0|  0|  16|          16|          16|
    |add_ln813_4613_fu_26448_p2   |         +|   0|  0|  23|          16|          16|
    |add_ln813_4614_fu_28263_p2   |         +|   0|  0|  16|          16|          16|
    |add_ln813_4615_fu_28268_p2   |         +|   0|  0|  16|          16|          16|
    |add_ln813_4616_fu_26454_p2   |         +|   0|  0|  23|          16|          16|
    |add_ln813_4617_fu_26460_p2   |         +|   0|  0|  23|          16|          16|
    |add_ln813_4618_fu_26466_p2   |         +|   0|  0|  16|          16|          16|
    |add_ln813_4619_fu_26472_p2   |         +|   0|  0|  16|          16|          16|
    |add_ln813_4620_fu_26478_p2   |         +|   0|  0|  22|          15|           9|
    |add_ln813_4621_fu_26488_p2   |         +|   0|  0|  16|          16|          16|
    |add_ln813_4622_fu_26494_p2   |         +|   0|  0|  16|          16|          16|
    |add_ln813_4623_fu_28274_p2   |         +|   0|  0|  16|          16|          16|
    |add_ln813_4624_fu_28279_p2   |         +|   0|  0|  16|          16|          16|
    |add_ln813_4625_fu_28285_p2   |         +|   0|  0|  16|          16|          16|
    |add_ln813_4626_fu_28291_p2   |         +|   0|  0|  16|          16|          16|
    |add_ln813_4627_fu_28297_p2   |         +|   0|  0|  16|          16|          16|
    |add_ln813_4628_fu_28303_p2   |         +|   0|  0|  16|          16|          16|
    |add_ln813_4629_fu_28309_p2   |         +|   0|  0|  16|          16|          16|
    |add_ln813_4630_fu_28313_p2   |         +|   0|  0|  16|          16|          16|
    |add_ln813_4631_fu_28319_p2   |         +|   0|  0|  16|          16|          16|
    |add_ln813_4632_fu_28325_p2   |         +|   0|  0|  16|          16|          16|
    |add_ln813_4633_fu_26500_p2   |         +|   0|  0|  23|          16|          16|
    |add_ln813_4634_fu_26506_p2   |         +|   0|  0|  16|          16|          16|
    |add_ln813_4635_fu_26512_p2   |         +|   0|  0|  16|          16|          16|
    |add_ln813_4636_fu_26518_p2   |         +|   0|  0|  16|          16|          16|
    |add_ln813_4637_fu_26524_p2   |         +|   0|  0|  16|          16|          16|
    |add_ln813_4638_fu_26530_p2   |         +|   0|  0|  16|          16|           9|
    |add_ln813_4639_fu_26536_p2   |         +|   0|  0|  16|          16|          16|
    |add_ln813_4640_fu_26542_p2   |         +|   0|  0|  16|          16|          16|
    |add_ln813_4641_fu_26548_p2   |         +|   0|  0|  16|          16|          16|
    |add_ln813_4642_fu_28331_p2   |         +|   0|  0|  16|          16|          16|
    |add_ln813_4643_fu_28336_p2   |         +|   0|  0|  23|          16|          16|
    |add_ln813_4644_fu_28342_p2   |         +|   0|  0|  16|          16|          16|
    |add_ln813_4645_fu_28348_p2   |         +|   0|  0|  16|          16|          16|
    |add_ln813_4646_fu_26554_p2   |         +|   0|  0|  16|          16|          16|
    |add_ln813_4647_fu_26560_p2   |         +|   0|  0|  23|          16|          16|
    |add_ln813_4648_fu_26566_p2   |         +|   0|  0|  16|          16|          16|
    |add_ln813_4649_fu_28354_p2   |         +|   0|  0|  16|          16|          16|
    |add_ln813_4650_fu_26572_p2   |         +|   0|  0|  23|          16|          16|
    |add_ln813_4651_fu_26578_p2   |         +|   0|  0|  23|          16|          16|
    |add_ln813_4652_fu_26584_p2   |         +|   0|  0|  16|          16|          16|
    |add_ln813_4653_fu_26590_p2   |         +|   0|  0|  16|          16|          16|
    |add_ln813_4654_fu_26596_p2   |         +|   0|  0|  20|          13|           9|
    |add_ln813_4655_fu_26606_p2   |         +|   0|  0|  16|          16|          16|
    |add_ln813_4656_fu_26612_p2   |         +|   0|  0|  16|          16|          16|
    |add_ln813_4657_fu_28359_p2   |         +|   0|  0|  16|          16|          16|
    |add_ln813_4658_fu_28364_p2   |         +|   0|  0|  16|          16|          16|
    |add_ln813_4659_fu_28370_p2   |         +|   0|  0|  16|          16|          16|
    |add_ln813_4660_fu_28376_p2   |         +|   0|  0|  16|          16|          16|
    |add_ln813_4661_fu_28382_p2   |         +|   0|  0|  16|          16|          16|
    |add_ln813_4662_fu_28388_p2   |         +|   0|  0|  16|          16|          16|
    |add_ln813_4663_fu_26618_p2   |         +|   0|  0|  23|          16|          16|
    |add_ln813_4664_fu_26624_p2   |         +|   0|  0|  16|          16|          16|
    |add_ln813_4665_fu_26630_p2   |         +|   0|  0|  16|          16|          16|
    |add_ln813_4666_fu_26636_p2   |         +|   0|  0|  23|          16|          10|
    |add_ln813_4667_fu_26642_p2   |         +|   0|  0|  16|          16|          16|
    |add_ln813_4668_fu_26648_p2   |         +|   0|  0|  16|          16|          16|
    |add_ln813_4669_fu_28394_p2   |         +|   0|  0|  16|          16|          16|
    |add_ln813_4670_fu_28399_p2   |         +|   0|  0|  16|          16|          16|
    |add_ln813_4671_fu_28405_p2   |         +|   0|  0|  23|          16|          16|
    |add_ln813_4672_fu_28411_p2   |         +|   0|  0|  16|          16|          16|
    |add_ln813_4673_fu_28417_p2   |         +|   0|  0|  16|          16|          16|
    |add_ln813_4674_fu_26654_p2   |         +|   0|  0|  16|          16|          16|
    |add_ln813_4675_fu_26660_p2   |         +|   0|  0|  16|          16|          16|
    |add_ln813_4676_fu_28423_p2   |         +|   0|  0|  16|          16|          16|
    |add_ln813_4677_fu_28428_p2   |         +|   0|  0|  16|          16|          16|
    |add_ln813_4678_fu_26666_p2   |         +|   0|  0|  23|          16|          16|
    |add_ln813_4679_fu_26672_p2   |         +|   0|  0|  23|          16|          16|
    |add_ln813_4680_fu_26678_p2   |         +|   0|  0|  16|          16|          16|
    |add_ln813_4681_fu_26684_p2   |         +|   0|  0|  16|          16|          16|
    |add_ln813_4682_fu_26690_p2   |         +|   0|  0|  16|          16|          10|
    |add_ln813_4683_fu_26696_p2   |         +|   0|  0|  16|          16|          16|
    |add_ln813_4684_fu_26702_p2   |         +|   0|  0|  16|          16|          16|
    |add_ln813_4685_fu_26708_p2   |         +|   0|  0|  16|          16|          16|
    |add_ln813_4686_fu_28434_p2   |         +|   0|  0|  16|          16|          16|
    |add_ln813_4687_fu_28439_p2   |         +|   0|  0|  16|          16|          16|
    |add_ln813_4688_fu_28445_p2   |         +|   0|  0|  16|          16|          16|
    |add_ln813_4689_fu_28451_p2   |         +|   0|  0|  16|          16|          16|
    |add_ln813_4690_fu_26714_p2   |         +|   0|  0|  23|          16|          16|
    |add_ln813_4691_fu_28457_p2   |         +|   0|  0|  16|          16|          16|
    |add_ln813_4692_fu_28462_p2   |         +|   0|  0|  16|          16|          16|
    |add_ln813_4693_fu_26720_p2   |         +|   0|  0|  23|          16|          16|
    |add_ln813_4694_fu_26726_p2   |         +|   0|  0|  16|          16|          16|
    |add_ln813_4695_fu_26732_p2   |         +|   0|  0|  16|          16|          16|
    |add_ln813_4696_fu_26738_p2   |         +|   0|  0|  23|          16|          12|
    |add_ln813_4697_fu_26744_p2   |         +|   0|  0|  16|          16|          16|
    |add_ln813_4698_fu_26750_p2   |         +|   0|  0|  16|          16|          16|
    |add_ln813_4699_fu_28468_p2   |         +|   0|  0|  16|          16|          16|
    |add_ln813_4700_fu_28473_p2   |         +|   0|  0|  16|          16|          16|
    |add_ln813_4701_fu_28479_p2   |         +|   0|  0|  16|          16|          16|
    |add_ln813_4702_fu_28485_p2   |         +|   0|  0|  16|          16|          16|
    |add_ln813_4703_fu_28491_p2   |         +|   0|  0|  23|          16|          16|
    |add_ln813_4704_fu_28496_p2   |         +|   0|  0|  16|          16|          16|
    |add_ln813_4705_fu_28502_p2   |         +|   0|  0|  16|          16|          16|
    |add_ln813_4706_fu_26756_p2   |         +|   0|  0|  23|          16|          16|
    |add_ln813_4707_fu_26762_p2   |         +|   0|  0|  23|          16|          16|
    |add_ln813_4708_fu_26768_p2   |         +|   0|  0|  16|          16|          16|
    |add_ln813_4709_fu_26774_p2   |         +|   0|  0|  16|          16|          16|
    |add_ln813_4710_fu_26780_p2   |         +|   0|  0|  16|          16|          10|
    |add_ln813_4711_fu_26786_p2   |         +|   0|  0|  16|          16|          16|
    |add_ln813_4712_fu_26792_p2   |         +|   0|  0|  16|          16|          16|
    |add_ln813_4713_fu_26798_p2   |         +|   0|  0|  16|          16|          16|
    |add_ln813_4714_fu_28508_p2   |         +|   0|  0|  16|          16|          16|
    |add_ln813_4715_fu_28513_p2   |         +|   0|  0|  16|          16|          16|
    |add_ln813_4716_fu_28519_p2   |         +|   0|  0|  16|          16|          16|
    |add_ln813_4717_fu_28525_p2   |         +|   0|  0|  16|          16|          16|
    |add_ln813_4718_fu_26804_p2   |         +|   0|  0|  23|          16|          16|
    |add_ln813_4719_fu_28531_p2   |         +|   0|  0|  16|          16|          16|
    |add_ln813_4720_fu_28536_p2   |         +|   0|  0|  16|          16|          16|
    |add_ln813_4721_fu_26810_p2   |         +|   0|  0|  23|          16|          16|
    |add_ln813_4722_fu_26816_p2   |         +|   0|  0|  23|          16|          16|
    |add_ln813_4723_fu_26822_p2   |         +|   0|  0|  16|          16|          16|
    |add_ln813_4724_fu_26828_p2   |         +|   0|  0|  16|          16|          16|
    |add_ln813_4725_fu_26834_p2   |         +|   0|  0|  23|          16|          10|
    |add_ln813_4726_fu_26840_p2   |         +|   0|  0|  16|          16|          16|
    |add_ln813_4727_fu_26846_p2   |         +|   0|  0|  16|          16|          16|
    |add_ln813_4728_fu_28542_p2   |         +|   0|  0|  16|          16|          16|
    |add_ln813_4729_fu_28547_p2   |         +|   0|  0|  16|          16|          16|
    |add_ln813_4730_fu_28553_p2   |         +|   0|  0|  23|          16|          16|
    |add_ln813_4731_fu_28559_p2   |         +|   0|  0|  16|          16|          16|
    |add_ln813_4732_fu_28565_p2   |         +|   0|  0|  16|          16|          16|
    |add_ln813_4733_fu_28571_p2   |         +|   0|  0|  23|          16|          16|
    |add_ln813_4734_fu_28575_p2   |         +|   0|  0|  16|          16|          16|
    |add_ln813_4735_fu_28581_p2   |         +|   0|  0|  16|          16|          16|
    |add_ln813_4736_fu_26852_p2   |         +|   0|  0|  23|          16|          16|
    |add_ln813_4737_fu_26858_p2   |         +|   0|  0|  16|          16|          16|
    |add_ln813_4738_fu_26864_p2   |         +|   0|  0|  16|          16|          16|
    |add_ln813_4739_fu_28587_p2   |         +|   0|  0|  16|          16|          16|
    |add_ln813_4740_fu_26870_p2   |         +|   0|  0|  16|          16|          16|
    |add_ln813_4741_fu_26876_p2   |         +|   0|  0|  20|          13|          10|
    |add_ln813_4742_fu_26886_p2   |         +|   0|  0|  23|          16|          16|
    |add_ln813_4743_fu_26892_p2   |         +|   0|  0|  16|          16|          16|
    |add_ln813_4744_fu_28591_p2   |         +|   0|  0|  16|          16|          16|
    |add_ln813_4745_fu_28596_p2   |         +|   0|  0|  16|          16|          16|
    |add_ln813_fu_28007_p2        |         +|   0|  0|  23|          16|          16|
    |r_V_2926_fu_23848_p2         |         +|   0|  0|  27|          20|          20|
    |r_V_2951_fu_27599_p2         |         +|   0|  0|  28|          21|          21|
    |r_V_2969_fu_24101_p2         |         +|   0|  0|  28|          21|          21|
    |r_V_2986_fu_24573_p2         |         +|   0|  0|  27|          20|          20|
    |r_V_2988_fu_24662_p2         |         +|   0|  0|  28|          21|          21|
    |r_V_3026_fu_25770_p2         |         +|   0|  0|  27|          20|          20|
    |r_V_3029_fu_25877_p2         |         +|   0|  0|  28|          21|          21|
    |r_V_3030_fu_25928_p2         |         +|   0|  0|  27|          20|          20|
    |r_V_3035_fu_26106_p2         |         +|   0|  0|  28|          21|          21|
    |r_V_2927_fu_26956_p2         |         -|   0|  0|  21|          21|          21|
    |r_V_2928_fu_26982_p2         |         -|   0|  0|  28|          21|          21|
    |r_V_2929_fu_26998_p2         |         -|   0|  0|  28|          21|          21|
    |r_V_2930_fu_27030_p2         |         -|   0|  0|  28|           1|          21|
    |r_V_2931_fu_27060_p2         |         -|   0|  0|  28|          21|          21|
    |r_V_2932_fu_27109_p2         |         -|   0|  0|  28|          21|          21|
    |r_V_2933_fu_27133_p2         |         -|   0|  0|  28|           1|          21|
    |r_V_2934_fu_27167_p2         |         -|   0|  0|  21|          21|          21|
    |r_V_2936_fu_27193_p2         |         -|   0|  0|  28|          21|          21|
    |r_V_2937_fu_27209_p2         |         -|   0|  0|  28|          21|          21|
    |r_V_2938_fu_27242_p2         |         -|   0|  0|  28|           1|          21|
    |r_V_2939_fu_27282_p2         |         -|   0|  0|  28|          21|          21|
    |r_V_2940_fu_27298_p2         |         -|   0|  0|  28|          21|          21|
    |r_V_2941_fu_27314_p2         |         -|   0|  0|  28|          21|          21|
    |r_V_2942_fu_27348_p2         |         -|   0|  0|  21|          21|          21|
    |r_V_2943_fu_27404_p2         |         -|   0|  0|  28|          21|          21|
    |r_V_2944_fu_27420_p2         |         -|   0|  0|  28|          21|          21|
    |r_V_2945_fu_27448_p2         |         -|   0|  0|  28|          21|          21|
    |r_V_2946_fu_27464_p2         |         -|   0|  0|  28|           1|          21|
    |r_V_2947_fu_27492_p2         |         -|   0|  0|  28|          21|          21|
    |r_V_2948_fu_27518_p2         |         -|   0|  0|  28|           1|          21|
    |r_V_2949_fu_27545_p2         |         -|   0|  0|  28|          21|          21|
    |r_V_2950_fu_27561_p2         |         -|   0|  0|  28|          21|          21|
    |r_V_2952_fu_23900_p2         |         -|   0|  0|  24|           1|          17|
    |r_V_2954_fu_27647_p2         |         -|   0|  0|  25|           1|          18|
    |r_V_2955_fu_27685_p2         |         -|   0|  0|  28|          21|          21|
    |r_V_2956_fu_27701_p2         |         -|   0|  0|  28|           1|          21|
    |r_V_2957_fu_27741_p2         |         -|   0|  0|  28|          21|          21|
    |r_V_2958_fu_27781_p2         |         -|   0|  0|  28|          21|          21|
    |r_V_2959_fu_27797_p2         |         -|   0|  0|  28|           1|          21|
    |r_V_2960_fu_27823_p2         |         -|   0|  0|  28|           1|          21|
    |r_V_2961_fu_27850_p2         |         -|   0|  0|  28|          21|          21|
    |r_V_2962_fu_23956_p2         |         -|   0|  0|  27|          20|          20|
    |r_V_2963_fu_27866_p2         |         -|   0|  0|  28|          21|          21|
    |r_V_2964_fu_27882_p2         |         -|   0|  0|  28|           1|          21|
    |r_V_2965_fu_23994_p2         |         -|   0|  0|  19|          19|          19|
    |r_V_2966_fu_24014_p2         |         -|   0|  0|  27|          20|          20|
    |r_V_2967_fu_24059_p2         |         -|   0|  0|  25|           1|          18|
    |r_V_2968_fu_27915_p2         |         -|   0|  0|  28|           1|          21|
    |r_V_2970_fu_24135_p2         |         -|   0|  0|  20|          20|          20|
    |r_V_2971_fu_27941_p2         |         -|   0|  0|  28|          21|          21|
    |r_V_2972_fu_24202_p2         |         -|   0|  0|  28|          21|          21|
    |r_V_2973_fu_24230_p2         |         -|   0|  0|  27|          20|          20|
    |r_V_2974_fu_24258_p2         |         -|   0|  0|  28|           1|          21|
    |r_V_2975_fu_24274_p2         |         -|   0|  0|  28|          21|          21|
    |r_V_2977_fu_24320_p2         |         -|   0|  0|  28|           1|          21|
    |r_V_2979_fu_24403_p2         |         -|   0|  0|  28|          21|          21|
    |r_V_2981_fu_24477_p2         |         -|   0|  0|  28|          21|          21|
    |r_V_2982_fu_24493_p2         |         -|   0|  0|  28|           1|          21|
    |r_V_2983_fu_24509_p2         |         -|   0|  0|  28|          21|          21|
    |r_V_2984_fu_24525_p2         |         -|   0|  0|  28|          21|          21|
    |r_V_2985_fu_24557_p2         |         -|   0|  0|  28|          21|          21|
    |r_V_2987_fu_24599_p2         |         -|   0|  0|  20|          20|          20|
    |r_V_2989_fu_24700_p2         |         -|   0|  0|  28|          21|          21|
    |r_V_2990_fu_24716_p2         |         -|   0|  0|  28|           1|          21|
    |r_V_2991_fu_24756_p2         |         -|   0|  0|  26|          19|          19|
    |r_V_2992_fu_24784_p2         |         -|   0|  0|  28|          21|          21|
    |r_V_2993_fu_24830_p2         |         -|   0|  0|  20|          20|          20|
    |r_V_2994_fu_24850_p2         |         -|   0|  0|  28|           1|          21|
    |r_V_2995_fu_24866_p2         |         -|   0|  0|  28|          21|          21|
    |r_V_2996_fu_24898_p2         |         -|   0|  0|  28|           1|          21|
    |r_V_2997_fu_24914_p2         |         -|   0|  0|  28|          21|          21|
    |r_V_2998_fu_24954_p2         |         -|   0|  0|  27|          20|          20|
    |r_V_2999_fu_24990_p2         |         -|   0|  0|  28|          21|          21|
    |r_V_3000_fu_27988_p2         |         -|   0|  0|  28|          21|          21|
    |r_V_3001_fu_25006_p2         |         -|   0|  0|  28|           1|          21|
    |r_V_3002_fu_25034_p2         |         -|   0|  0|  28|          21|          21|
    |r_V_3003_fu_25070_p2         |         -|   0|  0|  28|           1|          21|
    |r_V_3004_fu_25098_p2         |         -|   0|  0|  27|          20|          20|
    |r_V_3005_fu_25136_p2         |         -|   0|  0|  21|          21|          21|
    |r_V_3006_fu_25152_p2         |         -|   0|  0|  28|          21|          21|
    |r_V_3007_fu_25185_p2         |         -|   0|  0|  28|           1|          21|
    |r_V_3008_fu_25201_p2         |         -|   0|  0|  28|          21|          21|
    |r_V_3009_fu_25244_p2         |         -|   0|  0|  28|          21|          21|
    |r_V_3010_fu_25260_p2         |         -|   0|  0|  28|           1|          21|
    |r_V_3011_fu_25286_p2         |         -|   0|  0|  28|          21|          21|
    |r_V_3012_fu_25319_p2         |         -|   0|  0|  28|          21|          21|
    |r_V_3013_fu_25347_p2         |         -|   0|  0|  28|          21|          21|
    |r_V_3014_fu_25373_p2         |         -|   0|  0|  28|          21|          21|
    |r_V_3015_fu_25406_p2         |         -|   0|  0|  28|          21|          21|
    |r_V_3016_fu_25434_p2         |         -|   0|  0|  27|           1|          20|
    |r_V_3017_fu_25462_p2         |         -|   0|  0|  28|          21|          21|
    |r_V_3018_fu_25488_p2         |         -|   0|  0|  28|          21|          21|
    |r_V_3019_fu_25525_p2         |         -|   0|  0|  28|          21|          21|
    |r_V_3020_fu_25541_p2         |         -|   0|  0|  28|           1|          21|
    |r_V_3021_fu_25569_p2         |         -|   0|  0|  26|          19|          19|
    |r_V_3022_fu_25622_p2         |         -|   0|  0|  28|          21|          21|
    |r_V_3023_fu_25638_p2         |         -|   0|  0|  28|           1|          21|
    |r_V_3024_fu_25684_p2         |         -|   0|  0|  21|          21|          21|
    |r_V_3025_fu_25722_p2         |         -|   0|  0|  28|          21|          21|
    |r_V_3027_fu_25807_p2         |         -|   0|  0|  28|           1|          21|
    |r_V_3028_fu_25835_p2         |         -|   0|  0|  25|           1|          18|
    |r_V_3031_fu_25960_p2         |         -|   0|  0|  28|          21|          21|
    |r_V_3032_fu_25984_p2         |         -|   0|  0|  28|           1|          21|
    |r_V_3033_fu_26020_p2         |         -|   0|  0|  28|          21|          21|
    |r_V_3034_fu_26078_p2         |         -|   0|  0|  28|          21|          21|
    |r_V_3036_fu_26122_p2         |         -|   0|  0|  28|          21|          21|
    |r_V_3037_fu_26138_p2         |         -|   0|  0|  27|           1|          20|
    |r_V_3038_fu_26170_p2         |         -|   0|  0|  28|          21|          21|
    |r_V_3039_fu_26186_p2         |         -|   0|  0|  28|           1|          21|
    |r_V_fu_26909_p2              |         -|   0|  0|  28|           1|          21|
    |sub_ln1273_1839_fu_27149_p2  |         -|   0|  0|  21|           1|          21|
    |sub_ln1273_1847_fu_27330_p2  |         -|   0|  0|  21|           1|          21|
    |sub_ln1273_1868_fu_23988_p2  |         -|   0|  0|  19|           1|          19|
    |sub_ln1273_1873_fu_24129_p2  |         -|   0|  0|  20|           1|          20|
    |sub_ln1273_1887_fu_24593_p2  |         -|   0|  0|  20|           1|          20|
    |sub_ln1273_1892_fu_24812_p2  |         -|   0|  0|  20|           1|          20|
    |sub_ln1273_1905_fu_25130_p2  |         -|   0|  0|  21|           1|          21|
    |sub_ln1273_1923_fu_25666_p2  |         -|   0|  0|  21|           1|          21|
    |sub_ln1273_fu_26939_p2       |         -|   0|  0|  21|           1|          21|
    +-----------------------------+----------+----+---+----+------------+------------+
    |Total                        |          |   0|  0|6963|        5064|        5785|
    +-----------------------------+----------+----+---+----+------------+------------+

    * Multiplexer: 
    +--------------+----+-----------+-----+-----------+
    |     Name     | LUT| Input Size| Bits| Total Bits|
    +--------------+----+-----------+-----+-----------+
    |ap_return_0   |  14|          3|   16|         48|
    |ap_return_1   |  14|          3|   16|         48|
    |ap_return_10  |  14|          3|   16|         48|
    |ap_return_11  |  14|          3|   16|         48|
    |ap_return_12  |  14|          3|   16|         48|
    |ap_return_13  |  14|          3|   16|         48|
    |ap_return_14  |  14|          3|   16|         48|
    |ap_return_15  |  14|          3|   16|         48|
    |ap_return_2   |  14|          3|   16|         48|
    |ap_return_3   |  14|          3|   16|         48|
    |ap_return_4   |  14|          3|   16|         48|
    |ap_return_5   |  14|          3|   16|         48|
    |ap_return_6   |  14|          3|   16|         48|
    |ap_return_7   |  14|          3|   16|         48|
    |ap_return_8   |  14|          3|   16|         48|
    |ap_return_9   |  14|          3|   16|         48|
    +--------------+----+-----------+-----+-----------+
    |Total         | 224|         48|  256|        768|
    +--------------+----+-----------+-----+-----------+

    * Register: 
    +----------------------------+----+----+-----+-----------+
    |            Name            | FF | LUT| Bits| Const Bits|
    +----------------------------+----+----+-----+-----------+
    |a_V_252_reg_28711           |  16|   0|   16|          0|
    |a_V_255_reg_28720           |  16|   0|   16|          0|
    |a_V_256_reg_28727           |  16|   0|   16|          0|
    |a_V_263_reg_28769           |  16|   0|   16|          0|
    |a_V_reg_28698               |  16|   0|   16|          0|
    |add_ln813_4533_reg_28780    |  16|   0|   16|          0|
    |add_ln813_4537_reg_28785    |  16|   0|   16|          0|
    |add_ln813_4543_reg_28790    |  16|   0|   16|          0|
    |add_ln813_4547_reg_28795    |  14|   0|   14|          0|
    |add_ln813_4552_reg_28800    |  16|   0|   16|          0|
    |add_ln813_4556_reg_28805    |  16|   0|   16|          0|
    |add_ln813_4562_reg_28810    |  16|   0|   16|          0|
    |add_ln813_4570_reg_28815    |  16|   0|   16|          0|
    |add_ln813_4585_reg_28820    |  16|   0|   16|          0|
    |add_ln813_4597_reg_28825    |  16|   0|   16|          0|
    |add_ln813_4607_reg_28830    |  16|   0|   16|          0|
    |add_ln813_4613_reg_28835    |  16|   0|   16|          0|
    |add_ln813_4622_reg_28841    |  16|   0|   16|          0|
    |add_ln813_4641_reg_28846    |  16|   0|   16|          0|
    |add_ln813_4648_reg_28851    |  16|   0|   16|          0|
    |add_ln813_4656_reg_28856    |  16|   0|   16|          0|
    |add_ln813_4668_reg_28861    |  16|   0|   16|          0|
    |add_ln813_4675_reg_28866    |  16|   0|   16|          0|
    |add_ln813_4685_reg_28871    |  16|   0|   16|          0|
    |add_ln813_4690_reg_28876    |  16|   0|   16|          0|
    |add_ln813_4698_reg_28881    |  16|   0|   16|          0|
    |add_ln813_4713_reg_28886    |  16|   0|   16|          0|
    |add_ln813_4718_reg_28891    |  16|   0|   16|          0|
    |add_ln813_4727_reg_28896    |  16|   0|   16|          0|
    |add_ln813_4736_reg_28901    |  16|   0|   16|          0|
    |add_ln813_4738_reg_28906    |  16|   0|   16|          0|
    |add_ln813_4743_reg_28911    |  16|   0|   16|          0|
    |ap_ce_reg                   |   1|   0|    1|          0|
    |ap_return_0_int_reg         |  16|   0|   16|          0|
    |ap_return_10_int_reg        |  16|   0|   16|          0|
    |ap_return_11_int_reg        |  16|   0|   16|          0|
    |ap_return_12_int_reg        |  16|   0|   16|          0|
    |ap_return_13_int_reg        |  16|   0|   16|          0|
    |ap_return_14_int_reg        |  16|   0|   16|          0|
    |ap_return_15_int_reg        |  16|   0|   16|          0|
    |ap_return_1_int_reg         |  16|   0|   16|          0|
    |ap_return_2_int_reg         |  16|   0|   16|          0|
    |ap_return_3_int_reg         |  16|   0|   16|          0|
    |ap_return_4_int_reg         |  16|   0|   16|          0|
    |ap_return_5_int_reg         |  16|   0|   16|          0|
    |ap_return_6_int_reg         |  16|   0|   16|          0|
    |ap_return_7_int_reg         |  16|   0|   16|          0|
    |ap_return_8_int_reg         |  16|   0|   16|          0|
    |ap_return_9_int_reg         |  16|   0|   16|          0|
    |mult_V_2550_reg_28706       |  13|   0|   13|          0|
    |mult_V_2610_reg_28740       |  16|   0|   16|          0|
    |mult_V_2614_reg_28746       |  16|   0|   16|          0|
    |mult_V_2621_reg_28751       |  16|   0|   16|          0|
    |mult_V_2624_reg_28756       |  16|   0|   16|          0|
    |mult_V_2630_reg_28761       |  16|   0|   16|          0|
    |mult_V_2660_reg_28775       |  15|   0|   15|          0|
    |sext_ln1273_1511_reg_28732  |  21|   0|   21|          0|
    +----------------------------+----+----+-----+-----------+
    |Total                       | 896|   0|  896|          0|
    +----------------------------+----+----+-----+-----------+



================================================================
== Interface
================================================================
* Summary: 
+--------------------------------------------------------------------------------------+-----+-----+------------+--------------------------------------------------------------------------------------+--------------+
|                                       RTL Ports                                      | Dir | Bits|  Protocol  |                                     Source Object                                    |    C Type    |
+--------------------------------------------------------------------------------------+-----+-----+------------+--------------------------------------------------------------------------------------+--------------+
|ap_clk                                                                                |   in|    1|  ap_ctrl_hs|       dense_latency<ap_fixed<16, 6, 5, 3, 0>, ap_fixed<16, 6, 5, 3, 0>, config2_mult>|  return value|
|ap_rst                                                                                |   in|    1|  ap_ctrl_hs|       dense_latency<ap_fixed<16, 6, 5, 3, 0>, ap_fixed<16, 6, 5, 3, 0>, config2_mult>|  return value|
|ap_return_0                                                                           |  out|   16|  ap_ctrl_hs|       dense_latency<ap_fixed<16, 6, 5, 3, 0>, ap_fixed<16, 6, 5, 3, 0>, config2_mult>|  return value|
|ap_return_1                                                                           |  out|   16|  ap_ctrl_hs|       dense_latency<ap_fixed<16, 6, 5, 3, 0>, ap_fixed<16, 6, 5, 3, 0>, config2_mult>|  return value|
|ap_return_2                                                                           |  out|   16|  ap_ctrl_hs|       dense_latency<ap_fixed<16, 6, 5, 3, 0>, ap_fixed<16, 6, 5, 3, 0>, config2_mult>|  return value|
|ap_return_3                                                                           |  out|   16|  ap_ctrl_hs|       dense_latency<ap_fixed<16, 6, 5, 3, 0>, ap_fixed<16, 6, 5, 3, 0>, config2_mult>|  return value|
|ap_return_4                                                                           |  out|   16|  ap_ctrl_hs|       dense_latency<ap_fixed<16, 6, 5, 3, 0>, ap_fixed<16, 6, 5, 3, 0>, config2_mult>|  return value|
|ap_return_5                                                                           |  out|   16|  ap_ctrl_hs|       dense_latency<ap_fixed<16, 6, 5, 3, 0>, ap_fixed<16, 6, 5, 3, 0>, config2_mult>|  return value|
|ap_return_6                                                                           |  out|   16|  ap_ctrl_hs|       dense_latency<ap_fixed<16, 6, 5, 3, 0>, ap_fixed<16, 6, 5, 3, 0>, config2_mult>|  return value|
|ap_return_7                                                                           |  out|   16|  ap_ctrl_hs|       dense_latency<ap_fixed<16, 6, 5, 3, 0>, ap_fixed<16, 6, 5, 3, 0>, config2_mult>|  return value|
|ap_return_8                                                                           |  out|   16|  ap_ctrl_hs|       dense_latency<ap_fixed<16, 6, 5, 3, 0>, ap_fixed<16, 6, 5, 3, 0>, config2_mult>|  return value|
|ap_return_9                                                                           |  out|   16|  ap_ctrl_hs|       dense_latency<ap_fixed<16, 6, 5, 3, 0>, ap_fixed<16, 6, 5, 3, 0>, config2_mult>|  return value|
|ap_return_10                                                                          |  out|   16|  ap_ctrl_hs|       dense_latency<ap_fixed<16, 6, 5, 3, 0>, ap_fixed<16, 6, 5, 3, 0>, config2_mult>|  return value|
|ap_return_11                                                                          |  out|   16|  ap_ctrl_hs|       dense_latency<ap_fixed<16, 6, 5, 3, 0>, ap_fixed<16, 6, 5, 3, 0>, config2_mult>|  return value|
|ap_return_12                                                                          |  out|   16|  ap_ctrl_hs|       dense_latency<ap_fixed<16, 6, 5, 3, 0>, ap_fixed<16, 6, 5, 3, 0>, config2_mult>|  return value|
|ap_return_13                                                                          |  out|   16|  ap_ctrl_hs|       dense_latency<ap_fixed<16, 6, 5, 3, 0>, ap_fixed<16, 6, 5, 3, 0>, config2_mult>|  return value|
|ap_return_14                                                                          |  out|   16|  ap_ctrl_hs|       dense_latency<ap_fixed<16, 6, 5, 3, 0>, ap_fixed<16, 6, 5, 3, 0>, config2_mult>|  return value|
|ap_return_15                                                                          |  out|   16|  ap_ctrl_hs|       dense_latency<ap_fixed<16, 6, 5, 3, 0>, ap_fixed<16, 6, 5, 3, 0>, config2_mult>|  return value|
|ap_ce                                                                                 |   in|    1|  ap_ctrl_hs|       dense_latency<ap_fixed<16, 6, 5, 3, 0>, ap_fixed<16, 6, 5, 3, 0>, config2_mult>|  return value|
|void_compute_output_buffer_2d_array_const_ap_shift_reg_n_chan_stream_weig_9           |   in|   16|     ap_none|           void_compute_output_buffer_2d_array_const_ap_shift_reg_n_chan_stream_weig_9|       pointer|
|void_compute_output_buffer_2d_array_const_ap_shift_reg_n_chan_stream_weig_8           |   in|   16|     ap_none|           void_compute_output_buffer_2d_array_const_ap_shift_reg_n_chan_stream_weig_8|       pointer|
|void_compute_output_buffer_2d_array_const_ap_shift_reg_n_chan_stream_weig_7           |   in|   16|     ap_none|           void_compute_output_buffer_2d_array_const_ap_shift_reg_n_chan_stream_weig_7|       pointer|
|void_compute_output_buffer_2d_array_const_ap_shift_reg_n_chan_stream_weig_6           |   in|   16|     ap_none|           void_compute_output_buffer_2d_array_const_ap_shift_reg_n_chan_stream_weig_6|       pointer|
|void_compute_output_buffer_2d_array_const_ap_shift_reg_n_chan_stream_weig_5           |   in|   16|     ap_none|           void_compute_output_buffer_2d_array_const_ap_shift_reg_n_chan_stream_weig_5|       pointer|
|void_compute_output_buffer_2d_array_const_ap_shift_reg_n_chan_stream_weig_4           |   in|   16|     ap_none|           void_compute_output_buffer_2d_array_const_ap_shift_reg_n_chan_stream_weig_4|       pointer|
|void_compute_output_buffer_2d_array_const_ap_shift_reg_n_chan_stream_weig_3           |   in|   16|     ap_none|           void_compute_output_buffer_2d_array_const_ap_shift_reg_n_chan_stream_weig_3|       pointer|
|void_compute_output_buffer_2d_array_const_ap_shift_reg_n_chan_stream_weig_2           |   in|   16|     ap_none|           void_compute_output_buffer_2d_array_const_ap_shift_reg_n_chan_stream_weig_2|       pointer|
|void_compute_output_buffer_2d_array_const_ap_shift_reg_n_chan_stream_weig_1           |   in|   16|     ap_none|           void_compute_output_buffer_2d_array_const_ap_shift_reg_n_chan_stream_weig_1|       pointer|
|void_compute_output_buffer_2d_array_const_ap_shift_reg_n_chan_stream_weig             |   in|   16|     ap_none|             void_compute_output_buffer_2d_array_const_ap_shift_reg_n_chan_stream_weig|       pointer|
|p_ZZN4nnet24compute_output_buffer_2dINS_5arrayI8ap_fixedILi16ELi6EL9ap_q_mode5EL9_16  |   in|   16|     ap_none|  p_ZZN4nnet24compute_output_buffer_2dINS_5arrayI8ap_fixedILi16ELi6EL9ap_q_mode5EL9_16|       pointer|
|p_ZZN4nnet24compute_output_buffer_2dINS_5arrayI8ap_fixedILi16ELi6EL9ap_q_mode5EL9_15  |   in|   16|     ap_none|  p_ZZN4nnet24compute_output_buffer_2dINS_5arrayI8ap_fixedILi16ELi6EL9ap_q_mode5EL9_15|       pointer|
|p_ZZN4nnet24compute_output_buffer_2dINS_5arrayI8ap_fixedILi16ELi6EL9ap_q_mode5EL9_14  |   in|   16|     ap_none|  p_ZZN4nnet24compute_output_buffer_2dINS_5arrayI8ap_fixedILi16ELi6EL9ap_q_mode5EL9_14|       pointer|
|p_ZZN4nnet24compute_output_buffer_2dINS_5arrayI8ap_fixedILi16ELi6EL9ap_q_mode5EL9_13  |   in|   16|     ap_none|  p_ZZN4nnet24compute_output_buffer_2dINS_5arrayI8ap_fixedILi16ELi6EL9ap_q_mode5EL9_13|       pointer|
|p_ZZN4nnet24compute_output_buffer_2dINS_5arrayI8ap_fixedILi16ELi6EL9ap_q_mode5EL9_12  |   in|   16|     ap_none|  p_ZZN4nnet24compute_output_buffer_2dINS_5arrayI8ap_fixedILi16ELi6EL9ap_q_mode5EL9_12|       pointer|
|p_ZZN4nnet24compute_output_buffer_2dINS_5arrayI8ap_fixedILi16ELi6EL9ap_q_mode5EL9_11  |   in|   16|     ap_none|  p_ZZN4nnet24compute_output_buffer_2dINS_5arrayI8ap_fixedILi16ELi6EL9ap_q_mode5EL9_11|       pointer|
|p_ZZN4nnet24compute_output_buffer_2dINS_5arrayI8ap_fixedILi16ELi6EL9ap_q_mode5EL9_10  |   in|   16|     ap_none|  p_ZZN4nnet24compute_output_buffer_2dINS_5arrayI8ap_fixedILi16ELi6EL9ap_q_mode5EL9_10|       pointer|
|p_ZZN4nnet24compute_output_buffer_2dINS_5arrayI8ap_fixedILi16ELi6EL9ap_q_mode5EL9_9   |   in|   16|     ap_none|   p_ZZN4nnet24compute_output_buffer_2dINS_5arrayI8ap_fixedILi16ELi6EL9ap_q_mode5EL9_9|       pointer|
|p_ZZN4nnet24compute_output_buffer_2dINS_5arrayI8ap_fixedILi16ELi6EL9ap_q_mode5EL9_8   |   in|   16|     ap_none|   p_ZZN4nnet24compute_output_buffer_2dINS_5arrayI8ap_fixedILi16ELi6EL9ap_q_mode5EL9_8|       pointer|
|p_ZZN4nnet24compute_output_buffer_2dINS_5arrayI8ap_fixedILi16ELi6EL9ap_q_mode5EL9_7   |   in|   16|     ap_none|   p_ZZN4nnet24compute_output_buffer_2dINS_5arrayI8ap_fixedILi16ELi6EL9ap_q_mode5EL9_7|       pointer|
|p_ZZN4nnet24compute_output_buffer_2dINS_5arrayI8ap_fixedILi16ELi6EL9ap_q_mode5EL9_6   |   in|   16|     ap_none|   p_ZZN4nnet24compute_output_buffer_2dINS_5arrayI8ap_fixedILi16ELi6EL9ap_q_mode5EL9_6|       pointer|
|p_ZZN4nnet24compute_output_buffer_2dINS_5arrayI8ap_fixedILi16ELi6EL9ap_q_mode5EL9_5   |   in|   16|     ap_none|   p_ZZN4nnet24compute_output_buffer_2dINS_5arrayI8ap_fixedILi16ELi6EL9ap_q_mode5EL9_5|       pointer|
|p_ZZN4nnet24compute_output_buffer_2dINS_5arrayI8ap_fixedILi16ELi6EL9ap_q_mode5EL9_4   |   in|   16|     ap_none|   p_ZZN4nnet24compute_output_buffer_2dINS_5arrayI8ap_fixedILi16ELi6EL9ap_q_mode5EL9_4|       pointer|
|p_ZZN4nnet24compute_output_buffer_2dINS_5arrayI8ap_fixedILi16ELi6EL9ap_q_mode5EL9_3   |   in|   16|     ap_none|   p_ZZN4nnet24compute_output_buffer_2dINS_5arrayI8ap_fixedILi16ELi6EL9ap_q_mode5EL9_3|       pointer|
|p_ZZN4nnet24compute_output_buffer_2dINS_5arrayI8ap_fixedILi16ELi6EL9ap_q_mode5EL9_2   |   in|   16|     ap_none|   p_ZZN4nnet24compute_output_buffer_2dINS_5arrayI8ap_fixedILi16ELi6EL9ap_q_mode5EL9_2|       pointer|
|p_ZZN4nnet24compute_output_buffer_2dINS_5arrayI8ap_fixedILi16ELi6EL9ap_q_mode5EL9_1   |   in|   16|     ap_none|   p_ZZN4nnet24compute_output_buffer_2dINS_5arrayI8ap_fixedILi16ELi6EL9ap_q_mode5EL9_1|       pointer|
|p_ZZN4nnet24compute_output_buffer_2dINS_5arrayI8ap_fixedILi16ELi6EL9ap_q_mode5EL9     |   in|   16|     ap_none|     p_ZZN4nnet24compute_output_buffer_2dINS_5arrayI8ap_fixedILi16ELi6EL9ap_q_mode5EL9|       pointer|
+--------------------------------------------------------------------------------------+-----+-----+------------+--------------------------------------------------------------------------------------+--------------+

