

================================================================
== Vitis HLS Report for 'read_input'
================================================================
* Date:           Sat Aug 24 01:41:24 2024

* Version:        2022.2 (Build 3670227 on Oct 13 2022)
* Project:        kernel_wrapper
* Solution:       solution (Vitis Kernel Flow Target)
* Product family: versal
* Target device:  xcvc1902-vsvd1760-2MP-e-S


================================================================
== Performance Estimates
================================================================
+ Timing: 
    * Summary: 
    +--------+---------+----------+------------+
    |  Clock |  Target | Estimated| Uncertainty|
    +--------+---------+----------+------------+
    |ap_clk  |  5.00 ns|  3.650 ns|     1.35 ns|
    +--------+---------+----------+------------+

+ Latency: 
    * Summary: 
    +---------+---------+-----------+-----------+-------+-------+---------+
    |  Latency (cycles) |   Latency (absolute)  |    Interval   | Pipeline|
    |   min   |   max   |    min    |    max    |  min  |  max  |   Type  |
    +---------+---------+-----------+-----------+-------+-------+---------+
    |    16458|    16458|  82.290 us|  82.290 us|  16458|  16458|       no|
    +---------+---------+-----------+-----------+-------+-------+---------+

    + Detail: 
        * Instance: 
        +----------------------------------------------+------------------------------------+---------+---------+-----------+-----------+-------+-------+---------+
        |                                              |                                    |  Latency (cycles) |   Latency (absolute)  |    Interval   | Pipeline|
        |                   Instance                   |               Module               |   min   |   max   |    min    |    max    |  min  |  max  |   Type  |
        +----------------------------------------------+------------------------------------+---------+---------+-----------+-----------+-------+-------+---------+
        |grp_read_input_Pipeline_VITIS_LOOP_5_1_fu_51  |read_input_Pipeline_VITIS_LOOP_5_1  |    16387|    16387|  81.935 us|  81.935 us|  16387|  16387|       no|
        +----------------------------------------------+------------------------------------+---------+---------+-----------+-----------+-------+-------+---------+

        * Loop: 
        N/A



================================================================
== Utilization Estimates
================================================================
* Summary: 
+-----------------+---------+------+---------+--------+-----+
|       Name      | BRAM_18K|  DSP |    FF   |   LUT  | URAM|
+-----------------+---------+------+---------+--------+-----+
|DSP              |        -|     -|        -|       -|    -|
|Expression       |        -|     -|        0|       2|    -|
|FIFO             |        -|     -|        -|       -|    -|
|Instance         |        -|     -|      820|     314|    -|
|Memory           |        -|     -|        -|       -|    -|
|Multiplexer      |        -|     -|        -|     216|    -|
|Register         |        -|     -|      132|       -|    -|
+-----------------+---------+------+---------+--------+-----+
|Total            |        0|     0|      952|     532|    0|
+-----------------+---------+------+---------+--------+-----+
|Available        |     1934|  1968|  1799680|  899840|  463|
+-----------------+---------+------+---------+--------+-----+
|Utilization (%)  |        0|     0|       ~0|      ~0|    0|
+-----------------+---------+------+---------+--------+-----+

+ Detail: 
    * Instance: 
    +----------------------------------------------+------------------------------------+---------+----+-----+-----+-----+
    |                   Instance                   |               Module               | BRAM_18K| DSP|  FF | LUT | URAM|
    +----------------------------------------------+------------------------------------+---------+----+-----+-----+-----+
    |grp_read_input_Pipeline_VITIS_LOOP_5_1_fu_51  |read_input_Pipeline_VITIS_LOOP_5_1  |        0|   0|  820|  314|    0|
    +----------------------------------------------+------------------------------------+---------+----+-----+-----+-----+
    |Total                                         |                                    |        0|   0|  820|  314|    0|
    +----------------------------------------------+------------------------------------+---------+----+-----+-----+-----+

    * DSP: 
    N/A

    * Memory: 
    N/A

    * FIFO: 
    N/A

    * Expression: 
    +-----------------+----------+----+---+----+------------+------------+
    |  Variable Name  | Operation| DSP| FF| LUT| Bitwidth P0| Bitwidth P1|
    +-----------------+----------+----+---+----+------------+------------+
    |ap_block_state1  |        or|   0|  0|   2|           1|           1|
    +-----------------+----------+----+---+----+------------+------------+
    |Total            |          |   0|  0|   2|           1|           1|
    +-----------------+----------+----+---+----+------------+------------+

    * Multiplexer: 
    +----------------------+----+-----------+-----+-----------+
    |         Name         | LUT| Input Size| Bits| Total Bits|
    +----------------------+----+-----------+-----+-----------+
    |ap_NS_fsm             |  86|         73|    1|         73|
    |ap_done               |   2|          2|    1|          2|
    |gmem0_blk_n_AR        |   2|          2|    1|          2|
    |m_axi_gmem0_ARADDR    |  64|          3|   64|        192|
    |m_axi_gmem0_ARBURST   |   2|          2|    2|          4|
    |m_axi_gmem0_ARCACHE   |   4|          2|    4|          8|
    |m_axi_gmem0_ARID      |   2|          2|    1|          2|
    |m_axi_gmem0_ARLEN     |  32|          3|   32|         96|
    |m_axi_gmem0_ARLOCK    |   2|          2|    2|          4|
    |m_axi_gmem0_ARPROT    |   3|          2|    3|          6|
    |m_axi_gmem0_ARQOS     |   4|          2|    4|          8|
    |m_axi_gmem0_ARREGION  |   4|          2|    4|          8|
    |m_axi_gmem0_ARSIZE    |   3|          2|    3|          6|
    |m_axi_gmem0_ARUSER    |   2|          2|    1|          2|
    |m_axi_gmem0_ARVALID   |   2|          3|    1|          3|
    |m_axi_gmem0_RREADY    |   2|          2|    1|          2|
    +----------------------+----+-----------+-----+-----------+
    |Total                 | 216|        106|  125|        418|
    +----------------------+----+-----------+-----+-----------+

    * Register: 
    +-----------------------------------------------------------+----+----+-----+-----------+
    |                            Name                           | FF | LUT| Bits| Const Bits|
    +-----------------------------------------------------------+----+----+-----+-----------+
    |ap_CS_fsm                                                  |  72|   0|   72|          0|
    |ap_done_reg                                                |   1|   0|    1|          0|
    |grp_read_input_Pipeline_VITIS_LOOP_5_1_fu_51_ap_start_reg  |   1|   0|    1|          0|
    |trunc_ln5_reg_81                                           |  58|   0|   58|          0|
    +-----------------------------------------------------------+----+----+-----+-----------+
    |Total                                                      | 132|   0|  132|          0|
    +-----------------------------------------------------------+----+----+-----+-----------+



================================================================
== Interface
================================================================
* Summary: 
+----------------------+-----+-----+------------+--------------+--------------+
|       RTL Ports      | Dir | Bits|  Protocol  | Source Object|    C Type    |
+----------------------+-----+-----+------------+--------------+--------------+
|ap_clk                |   in|    1|  ap_ctrl_hs|    read_input|  return value|
|ap_rst                |   in|    1|  ap_ctrl_hs|    read_input|  return value|
|ap_start              |   in|    1|  ap_ctrl_hs|    read_input|  return value|
|ap_done               |  out|    1|  ap_ctrl_hs|    read_input|  return value|
|ap_continue           |   in|    1|  ap_ctrl_hs|    read_input|  return value|
|ap_idle               |  out|    1|  ap_ctrl_hs|    read_input|  return value|
|ap_ready              |  out|    1|  ap_ctrl_hs|    read_input|  return value|
|m_axi_gmem0_AWVALID   |  out|    1|       m_axi|         gmem0|       pointer|
|m_axi_gmem0_AWREADY   |   in|    1|       m_axi|         gmem0|       pointer|
|m_axi_gmem0_AWADDR    |  out|   64|       m_axi|         gmem0|       pointer|
|m_axi_gmem0_AWID      |  out|    1|       m_axi|         gmem0|       pointer|
|m_axi_gmem0_AWLEN     |  out|   32|       m_axi|         gmem0|       pointer|
|m_axi_gmem0_AWSIZE    |  out|    3|       m_axi|         gmem0|       pointer|
|m_axi_gmem0_AWBURST   |  out|    2|       m_axi|         gmem0|       pointer|
|m_axi_gmem0_AWLOCK    |  out|    2|       m_axi|         gmem0|       pointer|
|m_axi_gmem0_AWCACHE   |  out|    4|       m_axi|         gmem0|       pointer|
|m_axi_gmem0_AWPROT    |  out|    3|       m_axi|         gmem0|       pointer|
|m_axi_gmem0_AWQOS     |  out|    4|       m_axi|         gmem0|       pointer|
|m_axi_gmem0_AWREGION  |  out|    4|       m_axi|         gmem0|       pointer|
|m_axi_gmem0_AWUSER    |  out|    1|       m_axi|         gmem0|       pointer|
|m_axi_gmem0_WVALID    |  out|    1|       m_axi|         gmem0|       pointer|
|m_axi_gmem0_WREADY    |   in|    1|       m_axi|         gmem0|       pointer|
|m_axi_gmem0_WDATA     |  out|  512|       m_axi|         gmem0|       pointer|
|m_axi_gmem0_WSTRB     |  out|   64|       m_axi|         gmem0|       pointer|
|m_axi_gmem0_WLAST     |  out|    1|       m_axi|         gmem0|       pointer|
|m_axi_gmem0_WID       |  out|    1|       m_axi|         gmem0|       pointer|
|m_axi_gmem0_WUSER     |  out|    1|       m_axi|         gmem0|       pointer|
|m_axi_gmem0_ARVALID   |  out|    1|       m_axi|         gmem0|       pointer|
|m_axi_gmem0_ARREADY   |   in|    1|       m_axi|         gmem0|       pointer|
|m_axi_gmem0_ARADDR    |  out|   64|       m_axi|         gmem0|       pointer|
|m_axi_gmem0_ARID      |  out|    1|       m_axi|         gmem0|       pointer|
|m_axi_gmem0_ARLEN     |  out|   32|       m_axi|         gmem0|       pointer|
|m_axi_gmem0_ARSIZE    |  out|    3|       m_axi|         gmem0|       pointer|
|m_axi_gmem0_ARBURST   |  out|    2|       m_axi|         gmem0|       pointer|
|m_axi_gmem0_ARLOCK    |  out|    2|       m_axi|         gmem0|       pointer|
|m_axi_gmem0_ARCACHE   |  out|    4|       m_axi|         gmem0|       pointer|
|m_axi_gmem0_ARPROT    |  out|    3|       m_axi|         gmem0|       pointer|
|m_axi_gmem0_ARQOS     |  out|    4|       m_axi|         gmem0|       pointer|
|m_axi_gmem0_ARREGION  |  out|    4|       m_axi|         gmem0|       pointer|
|m_axi_gmem0_ARUSER    |  out|    1|       m_axi|         gmem0|       pointer|
|m_axi_gmem0_RVALID    |   in|    1|       m_axi|         gmem0|       pointer|
|m_axi_gmem0_RREADY    |  out|    1|       m_axi|         gmem0|       pointer|
|m_axi_gmem0_RDATA     |   in|  512|       m_axi|         gmem0|       pointer|
|m_axi_gmem0_RLAST     |   in|    1|       m_axi|         gmem0|       pointer|
|m_axi_gmem0_RID       |   in|    1|       m_axi|         gmem0|       pointer|
|m_axi_gmem0_RFIFONUM  |   in|    9|       m_axi|         gmem0|       pointer|
|m_axi_gmem0_RUSER     |   in|    1|       m_axi|         gmem0|       pointer|
|m_axi_gmem0_RRESP     |   in|    2|       m_axi|         gmem0|       pointer|
|m_axi_gmem0_BVALID    |   in|    1|       m_axi|         gmem0|       pointer|
|m_axi_gmem0_BREADY    |  out|    1|       m_axi|         gmem0|       pointer|
|m_axi_gmem0_BRESP     |   in|    2|       m_axi|         gmem0|       pointer|
|m_axi_gmem0_BID       |   in|    1|       m_axi|         gmem0|       pointer|
|m_axi_gmem0_BUSER     |   in|    1|       m_axi|         gmem0|       pointer|
|in_r                  |   in|   64|     ap_none|          in_r|        scalar|
|in_buf_address0       |  out|   14|   ap_memory|        in_buf|         array|
|in_buf_ce0            |  out|    1|   ap_memory|        in_buf|         array|
|in_buf_we0            |  out|    1|   ap_memory|        in_buf|         array|
|in_buf_d0             |  out|  256|   ap_memory|        in_buf|         array|
+----------------------+-----+-----+------------+--------------+--------------+

