

================================================================
== Vitis HLS Report for 'run_inference'
================================================================
* Date:           Sat Aug 24 01:46:46 2024

* Version:        2022.2 (Build 3670227 on Oct 13 2022)
* Project:        kernel_wrapper
* Solution:       solution (Vitis Kernel Flow Target)
* Product family: versal
* Target device:  xcvc1902-vsvd1760-2MP-e-S


================================================================
== Performance Estimates
================================================================
+ Timing: 
    * Summary: 
    +--------+---------+----------+------------+
    |  Clock |  Target | Estimated| Uncertainty|
    +--------+---------+----------+------------+
    |ap_clk  |  5.00 ns|  3.639 ns|     1.35 ns|
    +--------+---------+----------+------------+

+ Latency: 
    * Summary: 
    +---------+---------+-----------+-----------+-------+-------+---------+
    |  Latency (cycles) |   Latency (absolute)  |    Interval   | Pipeline|
    |   min   |   max   |    min    |    max    |  min  |  max  |   Type  |
    +---------+---------+-----------+-----------+-------+-------+---------+
    |    16405|    16405|  82.025 us|  82.025 us|  16405|  16405|       no|
    +---------+---------+-----------+-----------+-------+-------+---------+

    + Detail: 
        * Instance: 
        +-------------------------------------+----------------------------------+---------+---------+----------+----------+-----+-----+----------+
        |                                     |                                  |  Latency (cycles) |  Latency (absolute) |  Interval | Pipeline |
        |               Instance              |              Module              |   min   |   max   |    min   |    max   | min | max |   Type   |
        +-------------------------------------+----------------------------------+---------+---------+----------+----------+-----+-----+----------+
        |dataflow_in_loop_VITIS_LOOP_15_1_U0  |dataflow_in_loop_VITIS_LOOP_15_1  |       20|       20|  0.100 us|  0.100 us|    1|    1|  dataflow|
        +-------------------------------------+----------------------------------+---------+---------+----------+----------+-----+-----+----------+

        * Loop: 
        +-------------------+---------+---------+----------+-----------+-----------+-------+----------+
        |                   |  Latency (cycles) | Iteration|  Initiation Interval  |  Trip |          |
        |     Loop Name     |   min   |   max   |  Latency |  achieved |   target  | Count | Pipelined|
        +-------------------+---------+---------+----------+-----------+-----------+-------+----------+
        |- VITIS_LOOP_15_1  |    16404|    16404|        22|          -|          -|  16384|        no|
        +-------------------+---------+---------+----------+-----------+-----------+-------+----------+



================================================================
== Utilization Estimates
================================================================
* Summary: 
+-----------------+---------+------+---------+--------+-----+
|       Name      | BRAM_18K|  DSP |    FF   |   LUT  | URAM|
+-----------------+---------+------+---------+--------+-----+
|DSP              |        -|     -|        -|       -|    -|
|Expression       |        -|     -|      181|      77|    -|
|FIFO             |        -|     -|        -|       -|    -|
|Instance         |        8|     5|    35319|  642632|    -|
|Memory           |        -|     -|        -|       -|    -|
|Multiplexer      |        -|     -|        -|      28|    -|
|Register         |        -|     -|       30|       -|    -|
+-----------------+---------+------+---------+--------+-----+
|Total            |        8|     5|    35530|  642737|    0|
+-----------------+---------+------+---------+--------+-----+
|Available        |     1934|  1968|  1799680|  899840|  463|
+-----------------+---------+------+---------+--------+-----+
|Utilization (%)  |       ~0|    ~0|        1|      71|    0|
+-----------------+---------+------+---------+--------+-----+

+ Detail: 
    * Instance: 
    +-------------------------------------+----------------------------------+---------+----+-------+--------+-----+
    |               Instance              |              Module              | BRAM_18K| DSP|   FF  |   LUT  | URAM|
    +-------------------------------------+----------------------------------+---------+----+-------+--------+-----+
    |dataflow_in_loop_VITIS_LOOP_15_1_U0  |dataflow_in_loop_VITIS_LOOP_15_1  |        8|   5|  35319|  642632|    0|
    +-------------------------------------+----------------------------------+---------+----+-------+--------+-----+
    |Total                                |                                  |        8|   5|  35319|  642632|    0|
    +-------------------------------------+----------------------------------+---------+----+-------+--------+-----+

    * DSP: 
    N/A

    * Memory: 
    N/A

    * FIFO: 
    N/A

    * Expression: 
    +----------------------------+----------+----+----+----+------------+------------+
    |        Variable Name       | Operation| DSP| FF | LUT| Bitwidth P0| Bitwidth P1|
    +----------------------------+----------+----+----+----+------------+------------+
    |loop_dataflow_input_count   |         +|   0|  59|  25|          15|           1|
    |loop_dataflow_output_count  |         +|   0|  59|  25|          15|           1|
    |bound_minus_1               |         -|   0|  63|  27|          16|           1|
    +----------------------------+----------+----+----+----+------------+------------+
    |Total                       |          |   0| 181|  77|          46|           3|
    +----------------------------+----------+----+----+----+------------+------------+

    * Multiplexer: 
    +----------------------------+----+-----------+-----+-----------+
    |            Name            | LUT| Input Size| Bits| Total Bits|
    +----------------------------+----+-----------+-----+-----------+
    |loop_dataflow_input_count   |  14|          2|   15|         30|
    |loop_dataflow_output_count  |  14|          2|   15|         30|
    +----------------------------+----+-----------+-----+-----------+
    |Total                       |  28|          4|   30|         60|
    +----------------------------+----+-----------+-----+-----------+

    * Register: 
    +----------------------------+----+----+-----+-----------+
    |            Name            | FF | LUT| Bits| Const Bits|
    +----------------------------+----+----+-----+-----------+
    |loop_dataflow_input_count   |  15|   0|   15|          0|
    |loop_dataflow_output_count  |  15|   0|   15|          0|
    +----------------------------+----+----+-----+-----------+
    |Total                       |  30|   0|   30|          0|
    +----------------------------+----+----+-----+-----------+



================================================================
== Interface
================================================================
* Summary: 
+--------------------+-----+-----+------------+---------------+--------------+
|      RTL Ports     | Dir | Bits|  Protocol  | Source Object |    C Type    |
+--------------------+-----+-----+------------+---------------+--------------+
|in_buf_address0     |  out|   14|   ap_memory|         in_buf|         array|
|in_buf_ce0          |  out|    1|   ap_memory|         in_buf|         array|
|in_buf_d0           |  out|  256|   ap_memory|         in_buf|         array|
|in_buf_q0           |   in|  256|   ap_memory|         in_buf|         array|
|in_buf_we0          |  out|    1|   ap_memory|         in_buf|         array|
|in_buf_address1     |  out|   14|   ap_memory|         in_buf|         array|
|in_buf_ce1          |  out|    1|   ap_memory|         in_buf|         array|
|in_buf_d1           |  out|  256|   ap_memory|         in_buf|         array|
|in_buf_q1           |   in|  256|   ap_memory|         in_buf|         array|
|in_buf_we1          |  out|    1|   ap_memory|         in_buf|         array|
|out_buf_0_address0  |  out|   14|   ap_memory|      out_buf_0|         array|
|out_buf_0_ce0       |  out|    1|   ap_memory|      out_buf_0|         array|
|out_buf_0_d0        |  out|   16|   ap_memory|      out_buf_0|         array|
|out_buf_0_q0        |   in|   16|   ap_memory|      out_buf_0|         array|
|out_buf_0_we0       |  out|    1|   ap_memory|      out_buf_0|         array|
|out_buf_0_address1  |  out|   14|   ap_memory|      out_buf_0|         array|
|out_buf_0_ce1       |  out|    1|   ap_memory|      out_buf_0|         array|
|out_buf_0_d1        |  out|   16|   ap_memory|      out_buf_0|         array|
|out_buf_0_q1        |   in|   16|   ap_memory|      out_buf_0|         array|
|out_buf_0_we1       |  out|    1|   ap_memory|      out_buf_0|         array|
|out_buf_1_address0  |  out|   14|   ap_memory|      out_buf_1|         array|
|out_buf_1_ce0       |  out|    1|   ap_memory|      out_buf_1|         array|
|out_buf_1_d0        |  out|   16|   ap_memory|      out_buf_1|         array|
|out_buf_1_q0        |   in|   16|   ap_memory|      out_buf_1|         array|
|out_buf_1_we0       |  out|    1|   ap_memory|      out_buf_1|         array|
|out_buf_1_address1  |  out|   14|   ap_memory|      out_buf_1|         array|
|out_buf_1_ce1       |  out|    1|   ap_memory|      out_buf_1|         array|
|out_buf_1_d1        |  out|   16|   ap_memory|      out_buf_1|         array|
|out_buf_1_q1        |   in|   16|   ap_memory|      out_buf_1|         array|
|out_buf_1_we1       |  out|    1|   ap_memory|      out_buf_1|         array|
|out_buf_2_address0  |  out|   14|   ap_memory|      out_buf_2|         array|
|out_buf_2_ce0       |  out|    1|   ap_memory|      out_buf_2|         array|
|out_buf_2_d0        |  out|   16|   ap_memory|      out_buf_2|         array|
|out_buf_2_q0        |   in|   16|   ap_memory|      out_buf_2|         array|
|out_buf_2_we0       |  out|    1|   ap_memory|      out_buf_2|         array|
|out_buf_2_address1  |  out|   14|   ap_memory|      out_buf_2|         array|
|out_buf_2_ce1       |  out|    1|   ap_memory|      out_buf_2|         array|
|out_buf_2_d1        |  out|   16|   ap_memory|      out_buf_2|         array|
|out_buf_2_q1        |   in|   16|   ap_memory|      out_buf_2|         array|
|out_buf_2_we1       |  out|    1|   ap_memory|      out_buf_2|         array|
|out_buf_3_address0  |  out|   14|   ap_memory|      out_buf_3|         array|
|out_buf_3_ce0       |  out|    1|   ap_memory|      out_buf_3|         array|
|out_buf_3_d0        |  out|   16|   ap_memory|      out_buf_3|         array|
|out_buf_3_q0        |   in|   16|   ap_memory|      out_buf_3|         array|
|out_buf_3_we0       |  out|    1|   ap_memory|      out_buf_3|         array|
|out_buf_3_address1  |  out|   14|   ap_memory|      out_buf_3|         array|
|out_buf_3_ce1       |  out|    1|   ap_memory|      out_buf_3|         array|
|out_buf_3_d1        |  out|   16|   ap_memory|      out_buf_3|         array|
|out_buf_3_q1        |   in|   16|   ap_memory|      out_buf_3|         array|
|out_buf_3_we1       |  out|    1|   ap_memory|      out_buf_3|         array|
|out_buf_4_address0  |  out|   14|   ap_memory|      out_buf_4|         array|
|out_buf_4_ce0       |  out|    1|   ap_memory|      out_buf_4|         array|
|out_buf_4_d0        |  out|   16|   ap_memory|      out_buf_4|         array|
|out_buf_4_q0        |   in|   16|   ap_memory|      out_buf_4|         array|
|out_buf_4_we0       |  out|    1|   ap_memory|      out_buf_4|         array|
|out_buf_4_address1  |  out|   14|   ap_memory|      out_buf_4|         array|
|out_buf_4_ce1       |  out|    1|   ap_memory|      out_buf_4|         array|
|out_buf_4_d1        |  out|   16|   ap_memory|      out_buf_4|         array|
|out_buf_4_q1        |   in|   16|   ap_memory|      out_buf_4|         array|
|out_buf_4_we1       |  out|    1|   ap_memory|      out_buf_4|         array|
|ap_clk              |   in|    1|  ap_ctrl_hs|  run_inference|  return value|
|ap_rst              |   in|    1|  ap_ctrl_hs|  run_inference|  return value|
|in_buf_empty_n      |   in|    1|  ap_ctrl_hs|  run_inference|  return value|
|in_buf_read         |  out|    1|  ap_ctrl_hs|  run_inference|  return value|
|out_buf_0_full_n    |   in|    1|  ap_ctrl_hs|  run_inference|  return value|
|out_buf_0_write     |  out|    1|  ap_ctrl_hs|  run_inference|  return value|
|out_buf_1_full_n    |   in|    1|  ap_ctrl_hs|  run_inference|  return value|
|out_buf_1_write     |  out|    1|  ap_ctrl_hs|  run_inference|  return value|
|out_buf_2_full_n    |   in|    1|  ap_ctrl_hs|  run_inference|  return value|
|out_buf_2_write     |  out|    1|  ap_ctrl_hs|  run_inference|  return value|
|out_buf_3_full_n    |   in|    1|  ap_ctrl_hs|  run_inference|  return value|
|out_buf_3_write     |  out|    1|  ap_ctrl_hs|  run_inference|  return value|
|out_buf_4_full_n    |   in|    1|  ap_ctrl_hs|  run_inference|  return value|
|out_buf_4_write     |  out|    1|  ap_ctrl_hs|  run_inference|  return value|
|ap_start            |   in|    1|  ap_ctrl_hs|  run_inference|  return value|
|ap_done             |  out|    1|  ap_ctrl_hs|  run_inference|  return value|
|ap_ready            |  out|    1|  ap_ctrl_hs|  run_inference|  return value|
|ap_idle             |  out|    1|  ap_ctrl_hs|  run_inference|  return value|
|ap_continue         |   in|    1|  ap_ctrl_hs|  run_inference|  return value|
+--------------------+-----+-----+------------+---------------+--------------+

