

================================================================
== Vitis HLS Report for 'write_result_Pipeline_VITIS_LOOP_21_1'
================================================================
* Date:           Sat Aug 24 01:47:47 2024

* Version:        2022.2 (Build 3670227 on Oct 13 2022)
* Project:        kernel_wrapper
* Solution:       solution (Vitis Kernel Flow Target)
* Product family: versal
* Target device:  xcvc1902-vsvd1760-2MP-e-S


================================================================
== Performance Estimates
================================================================
+ Timing: 
    * Summary: 
    +--------+---------+----------+------------+
    |  Clock |  Target | Estimated| Uncertainty|
    +--------+---------+----------+------------+
    |ap_clk  |  5.00 ns|  3.650 ns|     1.35 ns|
    +--------+---------+----------+------------+

+ Latency: 
    * Summary: 
    +---------+---------+----------+----------+-------+-------+---------+
    |  Latency (cycles) |  Latency (absolute) |    Interval   | Pipeline|
    |   min   |   max   |    min   |    max   |  min  |  max  |   Type  |
    +---------+---------+----------+----------+-------+-------+---------+
    |    81923|    81923|  0.410 ms|  0.410 ms|  81923|  81923|       no|
    +---------+---------+----------+----------+-------+-------+---------+

    + Detail: 
        * Instance: 
        N/A

        * Loop: 
        +-------------------+---------+---------+----------+-----------+-----------+-------+----------+
        |                   |  Latency (cycles) | Iteration|  Initiation Interval  |  Trip |          |
        |     Loop Name     |   min   |   max   |  Latency |  achieved |   target  | Count | Pipelined|
        +-------------------+---------+---------+----------+-----------+-----------+-------+----------+
        |- VITIS_LOOP_21_1  |    81921|    81921|         7|          5|          1|  16384|       yes|
        +-------------------+---------+---------+----------+-----------+-----------+-------+----------+



================================================================
== Utilization Estimates
================================================================
* Summary: 
+-----------------+---------+------+---------+--------+-----+
|       Name      | BRAM_18K|  DSP |    FF   |   LUT  | URAM|
+-----------------+---------+------+---------+--------+-----+
|DSP              |        -|     -|        -|       -|    -|
|Expression       |        -|     -|        0|      35|    -|
|FIFO             |        -|     -|        -|       -|    -|
|Instance         |        -|     -|        -|       -|    -|
|Memory           |        -|     -|        -|       -|    -|
|Multiplexer      |        -|     -|        -|      92|    -|
|Register         |        -|     -|      104|       -|    -|
+-----------------+---------+------+---------+--------+-----+
|Total            |        0|     0|      104|     127|    0|
+-----------------+---------+------+---------+--------+-----+
|Available        |     1934|  1968|  1799680|  899840|  463|
+-----------------+---------+------+---------+--------+-----+
|Utilization (%)  |        0|     0|       ~0|      ~0|    0|
+-----------------+---------+------+---------+--------+-----+

+ Detail: 
    * Instance: 
    N/A

    * DSP: 
    N/A

    * Memory: 
    N/A

    * FIFO: 
    N/A

    * Expression: 
    +---------------------------+----------+----+---+----+------------+------------+
    |       Variable Name       | Operation| DSP| FF| LUT| Bitwidth P0| Bitwidth P1|
    +---------------------------+----------+----+---+----+------------+------------+
    |add_ln21_fu_185_p2         |         +|   0|  0|  15|          15|           1|
    |ap_block_pp0_stage0_11001  |       and|   0|  0|   2|           1|           1|
    |ap_block_pp0_stage2_11001  |       and|   0|  0|   2|           1|           1|
    |ap_block_pp0_stage3_11001  |       and|   0|  0|   2|           1|           1|
    |ap_block_pp0_stage4_11001  |       and|   0|  0|   2|           1|           1|
    |ap_block_state3_io         |       and|   0|  0|   2|           1|           1|
    |icmp_ln21_fu_197_p2        |      icmp|   0|  0|   8|          15|          16|
    |ap_enable_pp0              |       xor|   0|  0|   2|           1|           2|
    +---------------------------+----------+----+---+----+------------+------------+
    |Total                      |          |   0|  0|  35|          36|          24|
    +---------------------------+----------+----+---+----+------------+------------+

    * Multiplexer: 
    +-----------------------------+----+-----------+-----+-----------+
    |             Name            | LUT| Input Size| Bits| Total Bits|
    +-----------------------------+----+-----------+-----+-----------+
    |ap_NS_fsm                    |   6|          6|    1|          6|
    |ap_done_int                  |   2|          2|    1|          2|
    |ap_enable_reg_pp0_iter0      |   2|          2|    1|          2|
    |ap_enable_reg_pp0_iter0_reg  |   2|          2|    1|          2|
    |ap_enable_reg_pp0_iter1      |   2|          2|    1|          2|
    |ap_sig_allocacmp_i_1         |  14|          2|   15|         30|
    |gmem1_blk_n_W                |   2|          2|    1|          2|
    |i_fu_58                      |  14|          2|   15|         30|
    |m_axi_gmem1_WDATA            |  48|          6|   16|         96|
    +-----------------------------+----+-----------+-----+-----------+
    |Total                        |  92|         26|   52|        172|
    +-----------------------------+----+-----------+-----+-----------+

    * Register: 
    +-----------------------------+----+----+-----+-----------+
    |             Name            | FF | LUT| Bits| Const Bits|
    +-----------------------------+----+----+-----+-----------+
    |ap_CS_fsm                    |   5|   0|    5|          0|
    |ap_done_reg                  |   1|   0|    1|          0|
    |ap_enable_reg_pp0_iter0_reg  |   1|   0|    1|          0|
    |ap_enable_reg_pp0_iter1      |   1|   0|    1|          0|
    |i_fu_58                      |  15|   0|   15|          0|
    |icmp_ln21_reg_233            |   1|   0|    1|          0|
    |out_buf_0_load_reg_262       |  16|   0|   16|          0|
    |out_buf_1_load_reg_267       |  16|   0|   16|          0|
    |out_buf_2_load_reg_272       |  16|   0|   16|          0|
    |out_buf_3_load_reg_277       |  16|   0|   16|          0|
    |out_buf_4_load_reg_282       |  16|   0|   16|          0|
    +-----------------------------+----+----+-----+-----------+
    |Total                        | 104|   0|  104|          0|
    +-----------------------------+----+----+-----+-----------+



================================================================
== Interface
================================================================
* Summary: 
+----------------------+-----+-----+------------+---------------------------------------+--------------+
|       RTL Ports      | Dir | Bits|  Protocol  |             Source Object             |    C Type    |
+----------------------+-----+-----+------------+---------------------------------------+--------------+
|ap_clk                |   in|    1|  ap_ctrl_hs|  write_result_Pipeline_VITIS_LOOP_21_1|  return value|
|ap_rst                |   in|    1|  ap_ctrl_hs|  write_result_Pipeline_VITIS_LOOP_21_1|  return value|
|ap_start              |   in|    1|  ap_ctrl_hs|  write_result_Pipeline_VITIS_LOOP_21_1|  return value|
|ap_done               |  out|    1|  ap_ctrl_hs|  write_result_Pipeline_VITIS_LOOP_21_1|  return value|
|ap_idle               |  out|    1|  ap_ctrl_hs|  write_result_Pipeline_VITIS_LOOP_21_1|  return value|
|ap_ready              |  out|    1|  ap_ctrl_hs|  write_result_Pipeline_VITIS_LOOP_21_1|  return value|
|m_axi_gmem1_AWVALID   |  out|    1|       m_axi|                                  gmem1|       pointer|
|m_axi_gmem1_AWREADY   |   in|    1|       m_axi|                                  gmem1|       pointer|
|m_axi_gmem1_AWADDR    |  out|   64|       m_axi|                                  gmem1|       pointer|
|m_axi_gmem1_AWID      |  out|    1|       m_axi|                                  gmem1|       pointer|
|m_axi_gmem1_AWLEN     |  out|   32|       m_axi|                                  gmem1|       pointer|
|m_axi_gmem1_AWSIZE    |  out|    3|       m_axi|                                  gmem1|       pointer|
|m_axi_gmem1_AWBURST   |  out|    2|       m_axi|                                  gmem1|       pointer|
|m_axi_gmem1_AWLOCK    |  out|    2|       m_axi|                                  gmem1|       pointer|
|m_axi_gmem1_AWCACHE   |  out|    4|       m_axi|                                  gmem1|       pointer|
|m_axi_gmem1_AWPROT    |  out|    3|       m_axi|                                  gmem1|       pointer|
|m_axi_gmem1_AWQOS     |  out|    4|       m_axi|                                  gmem1|       pointer|
|m_axi_gmem1_AWREGION  |  out|    4|       m_axi|                                  gmem1|       pointer|
|m_axi_gmem1_AWUSER    |  out|    1|       m_axi|                                  gmem1|       pointer|
|m_axi_gmem1_WVALID    |  out|    1|       m_axi|                                  gmem1|       pointer|
|m_axi_gmem1_WREADY    |   in|    1|       m_axi|                                  gmem1|       pointer|
|m_axi_gmem1_WDATA     |  out|   16|       m_axi|                                  gmem1|       pointer|
|m_axi_gmem1_WSTRB     |  out|    2|       m_axi|                                  gmem1|       pointer|
|m_axi_gmem1_WLAST     |  out|    1|       m_axi|                                  gmem1|       pointer|
|m_axi_gmem1_WID       |  out|    1|       m_axi|                                  gmem1|       pointer|
|m_axi_gmem1_WUSER     |  out|    1|       m_axi|                                  gmem1|       pointer|
|m_axi_gmem1_ARVALID   |  out|    1|       m_axi|                                  gmem1|       pointer|
|m_axi_gmem1_ARREADY   |   in|    1|       m_axi|                                  gmem1|       pointer|
|m_axi_gmem1_ARADDR    |  out|   64|       m_axi|                                  gmem1|       pointer|
|m_axi_gmem1_ARID      |  out|    1|       m_axi|                                  gmem1|       pointer|
|m_axi_gmem1_ARLEN     |  out|   32|       m_axi|                                  gmem1|       pointer|
|m_axi_gmem1_ARSIZE    |  out|    3|       m_axi|                                  gmem1|       pointer|
|m_axi_gmem1_ARBURST   |  out|    2|       m_axi|                                  gmem1|       pointer|
|m_axi_gmem1_ARLOCK    |  out|    2|       m_axi|                                  gmem1|       pointer|
|m_axi_gmem1_ARCACHE   |  out|    4|       m_axi|                                  gmem1|       pointer|
|m_axi_gmem1_ARPROT    |  out|    3|       m_axi|                                  gmem1|       pointer|
|m_axi_gmem1_ARQOS     |  out|    4|       m_axi|                                  gmem1|       pointer|
|m_axi_gmem1_ARREGION  |  out|    4|       m_axi|                                  gmem1|       pointer|
|m_axi_gmem1_ARUSER    |  out|    1|       m_axi|                                  gmem1|       pointer|
|m_axi_gmem1_RVALID    |   in|    1|       m_axi|                                  gmem1|       pointer|
|m_axi_gmem1_RREADY    |  out|    1|       m_axi|                                  gmem1|       pointer|
|m_axi_gmem1_RDATA     |   in|   16|       m_axi|                                  gmem1|       pointer|
|m_axi_gmem1_RLAST     |   in|    1|       m_axi|                                  gmem1|       pointer|
|m_axi_gmem1_RID       |   in|    1|       m_axi|                                  gmem1|       pointer|
|m_axi_gmem1_RFIFONUM  |   in|   10|       m_axi|                                  gmem1|       pointer|
|m_axi_gmem1_RUSER     |   in|    1|       m_axi|                                  gmem1|       pointer|
|m_axi_gmem1_RRESP     |   in|    2|       m_axi|                                  gmem1|       pointer|
|m_axi_gmem1_BVALID    |   in|    1|       m_axi|                                  gmem1|       pointer|
|m_axi_gmem1_BREADY    |  out|    1|       m_axi|                                  gmem1|       pointer|
|m_axi_gmem1_BRESP     |   in|    2|       m_axi|                                  gmem1|       pointer|
|m_axi_gmem1_BID       |   in|    1|       m_axi|                                  gmem1|       pointer|
|m_axi_gmem1_BUSER     |   in|    1|       m_axi|                                  gmem1|       pointer|
|sext_ln21             |   in|   63|     ap_none|                              sext_ln21|        scalar|
|out_buf_0_address0    |  out|   14|   ap_memory|                              out_buf_0|         array|
|out_buf_0_ce0         |  out|    1|   ap_memory|                              out_buf_0|         array|
|out_buf_0_q0          |   in|   16|   ap_memory|                              out_buf_0|         array|
|out_buf_1_address0    |  out|   14|   ap_memory|                              out_buf_1|         array|
|out_buf_1_ce0         |  out|    1|   ap_memory|                              out_buf_1|         array|
|out_buf_1_q0          |   in|   16|   ap_memory|                              out_buf_1|         array|
|out_buf_2_address0    |  out|   14|   ap_memory|                              out_buf_2|         array|
|out_buf_2_ce0         |  out|    1|   ap_memory|                              out_buf_2|         array|
|out_buf_2_q0          |   in|   16|   ap_memory|                              out_buf_2|         array|
|out_buf_3_address0    |  out|   14|   ap_memory|                              out_buf_3|         array|
|out_buf_3_ce0         |  out|    1|   ap_memory|                              out_buf_3|         array|
|out_buf_3_q0          |   in|   16|   ap_memory|                              out_buf_3|         array|
|out_buf_4_address0    |  out|   14|   ap_memory|                              out_buf_4|         array|
|out_buf_4_ce0         |  out|    1|   ap_memory|                              out_buf_4|         array|
|out_buf_4_q0          |   in|   16|   ap_memory|                              out_buf_4|         array|
+----------------------+-----+-----+------------+---------------------------------------+--------------+

