

================================================================
== Vitis HLS Report for 'write_result'
================================================================
* Date:           Sat Aug 24 01:47:47 2024

* Version:        2022.2 (Build 3670227 on Oct 13 2022)
* Project:        kernel_wrapper
* Solution:       solution (Vitis Kernel Flow Target)
* Product family: versal
* Target device:  xcvc1902-vsvd1760-2MP-e-S


================================================================
== Performance Estimates
================================================================
+ Timing: 
    * Summary: 
    +--------+---------+----------+------------+
    |  Clock |  Target | Estimated| Uncertainty|
    +--------+---------+----------+------------+
    |ap_clk  |  5.00 ns|  3.650 ns|     1.35 ns|
    +--------+---------+----------+------------+

+ Latency: 
    * Summary: 
    +---------+---------+----------+----------+-------+-------+---------+
    |  Latency (cycles) |  Latency (absolute) |    Interval   | Pipeline|
    |   min   |   max   |    min   |    max   |  min  |  max  |   Type  |
    +---------+---------+----------+----------+-------+-------+---------+
    |    81994|    81994|  0.410 ms|  0.410 ms|  81994|  81994|       no|
    +---------+---------+----------+----------+-------+-------+---------+

    + Detail: 
        * Instance: 
        +-------------------------------------------------+---------------------------------------+---------+---------+----------+----------+-------+-------+---------+
        |                                                 |                                       |  Latency (cycles) |  Latency (absolute) |    Interval   | Pipeline|
        |                     Instance                    |                 Module                |   min   |   max   |    min   |    max   |  min  |  max  |   Type  |
        +-------------------------------------------------+---------------------------------------+---------+---------+----------+----------+-------+-------+---------+
        |grp_write_result_Pipeline_VITIS_LOOP_21_1_fu_70  |write_result_Pipeline_VITIS_LOOP_21_1  |    81923|    81923|  0.410 ms|  0.410 ms|  81923|  81923|       no|
        +-------------------------------------------------+---------------------------------------+---------+---------+----------+----------+-------+-------+---------+

        * Loop: 
        N/A



================================================================
== Utilization Estimates
================================================================
* Summary: 
+-----------------+---------+------+---------+--------+-----+
|       Name      | BRAM_18K|  DSP |    FF   |   LUT  | URAM|
+-----------------+---------+------+---------+--------+-----+
|DSP              |        -|     -|        -|       -|    -|
|Expression       |        -|     -|        0|       2|    -|
|FIFO             |        -|     -|        -|       -|    -|
|Instance         |        -|     -|      104|     127|    -|
|Memory           |        -|     -|        -|       -|    -|
|Multiplexer      |        -|     -|        -|     222|    -|
|Register         |        -|     -|      137|       -|    -|
+-----------------+---------+------+---------+--------+-----+
|Total            |        0|     0|      241|     351|    0|
+-----------------+---------+------+---------+--------+-----+
|Available        |     1934|  1968|  1799680|  899840|  463|
+-----------------+---------+------+---------+--------+-----+
|Utilization (%)  |        0|     0|       ~0|      ~0|    0|
+-----------------+---------+------+---------+--------+-----+

+ Detail: 
    * Instance: 
    +-------------------------------------------------+---------------------------------------+---------+----+-----+-----+-----+
    |                     Instance                    |                 Module                | BRAM_18K| DSP|  FF | LUT | URAM|
    +-------------------------------------------------+---------------------------------------+---------+----+-----+-----+-----+
    |grp_write_result_Pipeline_VITIS_LOOP_21_1_fu_70  |write_result_Pipeline_VITIS_LOOP_21_1  |        0|   0|  104|  127|    0|
    +-------------------------------------------------+---------------------------------------+---------+----+-----+-----+-----+
    |Total                                            |                                       |        0|   0|  104|  127|    0|
    +-------------------------------------------------+---------------------------------------+---------+----+-----+-----+-----+

    * DSP: 
    N/A

    * Memory: 
    N/A

    * FIFO: 
    N/A

    * Expression: 
    +-----------------+----------+----+---+----+------------+------------+
    |  Variable Name  | Operation| DSP| FF| LUT| Bitwidth P0| Bitwidth P1|
    +-----------------+----------+----+---+----+------------+------------+
    |ap_block_state1  |        or|   0|  0|   2|           1|           1|
    +-----------------+----------+----+---+----+------------+------------+
    |Total            |          |   0|  0|   2|           1|           1|
    +-----------------+----------+----+---+----+------------+------------+

    * Multiplexer: 
    +----------------------+----+-----------+-----+-----------+
    |         Name         | LUT| Input Size| Bits| Total Bits|
    +----------------------+----+-----------+-----+-----------+
    |ap_NS_fsm             |  86|         73|    1|         73|
    |ap_done               |   2|          2|    1|          2|
    |gmem1_blk_n_AW        |   2|          2|    1|          2|
    |gmem1_blk_n_B         |   2|          2|    1|          2|
    |m_axi_gmem1_AWADDR    |  64|          3|   64|        192|
    |m_axi_gmem1_AWBURST   |   2|          2|    2|          4|
    |m_axi_gmem1_AWCACHE   |   4|          2|    4|          8|
    |m_axi_gmem1_AWID      |   2|          2|    1|          2|
    |m_axi_gmem1_AWLEN     |  32|          3|   32|         96|
    |m_axi_gmem1_AWLOCK    |   2|          2|    2|          4|
    |m_axi_gmem1_AWPROT    |   3|          2|    3|          6|
    |m_axi_gmem1_AWQOS     |   4|          2|    4|          8|
    |m_axi_gmem1_AWREGION  |   4|          2|    4|          8|
    |m_axi_gmem1_AWSIZE    |   3|          2|    3|          6|
    |m_axi_gmem1_AWUSER    |   2|          2|    1|          2|
    |m_axi_gmem1_AWVALID   |   2|          3|    1|          3|
    |m_axi_gmem1_BREADY    |   2|          3|    1|          3|
    |m_axi_gmem1_WVALID    |   2|          2|    1|          2|
    |out_r_blk_n           |   2|          2|    1|          2|
    +----------------------+----+-----------+-----+-----------+
    |Total                 | 222|        113|  128|        425|
    +----------------------+----+-----------+-----+-----------+

    * Register: 
    +--------------------------------------------------------------+----+----+-----+-----------+
    |                             Name                             | FF | LUT| Bits| Const Bits|
    +--------------------------------------------------------------+----+----+-----+-----------+
    |ap_CS_fsm                                                     |  72|   0|   72|          0|
    |ap_done_reg                                                   |   1|   0|    1|          0|
    |grp_write_result_Pipeline_VITIS_LOOP_21_1_fu_70_ap_start_reg  |   1|   0|    1|          0|
    |trunc_ln_reg_107                                              |  63|   0|   63|          0|
    +--------------------------------------------------------------+----+----+-----+-----------+
    |Total                                                         | 137|   0|  137|          0|
    +--------------------------------------------------------------+----+----+-----+-----------+



================================================================
== Interface
================================================================
* Summary: 
+----------------------+-----+-----+------------+--------------+--------------+
|       RTL Ports      | Dir | Bits|  Protocol  | Source Object|    C Type    |
+----------------------+-----+-----+------------+--------------+--------------+
|ap_clk                |   in|    1|  ap_ctrl_hs|  write_result|  return value|
|ap_rst                |   in|    1|  ap_ctrl_hs|  write_result|  return value|
|ap_start              |   in|    1|  ap_ctrl_hs|  write_result|  return value|
|ap_done               |  out|    1|  ap_ctrl_hs|  write_result|  return value|
|ap_continue           |   in|    1|  ap_ctrl_hs|  write_result|  return value|
|ap_idle               |  out|    1|  ap_ctrl_hs|  write_result|  return value|
|ap_ready              |  out|    1|  ap_ctrl_hs|  write_result|  return value|
|m_axi_gmem1_AWVALID   |  out|    1|       m_axi|         gmem1|       pointer|
|m_axi_gmem1_AWREADY   |   in|    1|       m_axi|         gmem1|       pointer|
|m_axi_gmem1_AWADDR    |  out|   64|       m_axi|         gmem1|       pointer|
|m_axi_gmem1_AWID      |  out|    1|       m_axi|         gmem1|       pointer|
|m_axi_gmem1_AWLEN     |  out|   32|       m_axi|         gmem1|       pointer|
|m_axi_gmem1_AWSIZE    |  out|    3|       m_axi|         gmem1|       pointer|
|m_axi_gmem1_AWBURST   |  out|    2|       m_axi|         gmem1|       pointer|
|m_axi_gmem1_AWLOCK    |  out|    2|       m_axi|         gmem1|       pointer|
|m_axi_gmem1_AWCACHE   |  out|    4|       m_axi|         gmem1|       pointer|
|m_axi_gmem1_AWPROT    |  out|    3|       m_axi|         gmem1|       pointer|
|m_axi_gmem1_AWQOS     |  out|    4|       m_axi|         gmem1|       pointer|
|m_axi_gmem1_AWREGION  |  out|    4|       m_axi|         gmem1|       pointer|
|m_axi_gmem1_AWUSER    |  out|    1|       m_axi|         gmem1|       pointer|
|m_axi_gmem1_WVALID    |  out|    1|       m_axi|         gmem1|       pointer|
|m_axi_gmem1_WREADY    |   in|    1|       m_axi|         gmem1|       pointer|
|m_axi_gmem1_WDATA     |  out|   16|       m_axi|         gmem1|       pointer|
|m_axi_gmem1_WSTRB     |  out|    2|       m_axi|         gmem1|       pointer|
|m_axi_gmem1_WLAST     |  out|    1|       m_axi|         gmem1|       pointer|
|m_axi_gmem1_WID       |  out|    1|       m_axi|         gmem1|       pointer|
|m_axi_gmem1_WUSER     |  out|    1|       m_axi|         gmem1|       pointer|
|m_axi_gmem1_ARVALID   |  out|    1|       m_axi|         gmem1|       pointer|
|m_axi_gmem1_ARREADY   |   in|    1|       m_axi|         gmem1|       pointer|
|m_axi_gmem1_ARADDR    |  out|   64|       m_axi|         gmem1|       pointer|
|m_axi_gmem1_ARID      |  out|    1|       m_axi|         gmem1|       pointer|
|m_axi_gmem1_ARLEN     |  out|   32|       m_axi|         gmem1|       pointer|
|m_axi_gmem1_ARSIZE    |  out|    3|       m_axi|         gmem1|       pointer|
|m_axi_gmem1_ARBURST   |  out|    2|       m_axi|         gmem1|       pointer|
|m_axi_gmem1_ARLOCK    |  out|    2|       m_axi|         gmem1|       pointer|
|m_axi_gmem1_ARCACHE   |  out|    4|       m_axi|         gmem1|       pointer|
|m_axi_gmem1_ARPROT    |  out|    3|       m_axi|         gmem1|       pointer|
|m_axi_gmem1_ARQOS     |  out|    4|       m_axi|         gmem1|       pointer|
|m_axi_gmem1_ARREGION  |  out|    4|       m_axi|         gmem1|       pointer|
|m_axi_gmem1_ARUSER    |  out|    1|       m_axi|         gmem1|       pointer|
|m_axi_gmem1_RVALID    |   in|    1|       m_axi|         gmem1|       pointer|
|m_axi_gmem1_RREADY    |  out|    1|       m_axi|         gmem1|       pointer|
|m_axi_gmem1_RDATA     |   in|   16|       m_axi|         gmem1|       pointer|
|m_axi_gmem1_RLAST     |   in|    1|       m_axi|         gmem1|       pointer|
|m_axi_gmem1_RID       |   in|    1|       m_axi|         gmem1|       pointer|
|m_axi_gmem1_RFIFONUM  |   in|   10|       m_axi|         gmem1|       pointer|
|m_axi_gmem1_RUSER     |   in|    1|       m_axi|         gmem1|       pointer|
|m_axi_gmem1_RRESP     |   in|    2|       m_axi|         gmem1|       pointer|
|m_axi_gmem1_BVALID    |   in|    1|       m_axi|         gmem1|       pointer|
|m_axi_gmem1_BREADY    |  out|    1|       m_axi|         gmem1|       pointer|
|m_axi_gmem1_BRESP     |   in|    2|       m_axi|         gmem1|       pointer|
|m_axi_gmem1_BID       |   in|    1|       m_axi|         gmem1|       pointer|
|m_axi_gmem1_BUSER     |   in|    1|       m_axi|         gmem1|       pointer|
|out_r_dout            |   in|   64|     ap_fifo|         out_r|       pointer|
|out_r_num_data_valid  |   in|    3|     ap_fifo|         out_r|       pointer|
|out_r_fifo_cap        |   in|    3|     ap_fifo|         out_r|       pointer|
|out_r_empty_n         |   in|    1|     ap_fifo|         out_r|       pointer|
|out_r_read            |  out|    1|     ap_fifo|         out_r|       pointer|
|out_buf_0_address0    |  out|   14|   ap_memory|     out_buf_0|         array|
|out_buf_0_ce0         |  out|    1|   ap_memory|     out_buf_0|         array|
|out_buf_0_q0          |   in|   16|   ap_memory|     out_buf_0|         array|
|out_buf_1_address0    |  out|   14|   ap_memory|     out_buf_1|         array|
|out_buf_1_ce0         |  out|    1|   ap_memory|     out_buf_1|         array|
|out_buf_1_q0          |   in|   16|   ap_memory|     out_buf_1|         array|
|out_buf_2_address0    |  out|   14|   ap_memory|     out_buf_2|         array|
|out_buf_2_ce0         |  out|    1|   ap_memory|     out_buf_2|         array|
|out_buf_2_q0          |   in|   16|   ap_memory|     out_buf_2|         array|
|out_buf_3_address0    |  out|   14|   ap_memory|     out_buf_3|         array|
|out_buf_3_ce0         |  out|    1|   ap_memory|     out_buf_3|         array|
|out_buf_3_q0          |   in|   16|   ap_memory|     out_buf_3|         array|
|out_buf_4_address0    |  out|   14|   ap_memory|     out_buf_4|         array|
|out_buf_4_ce0         |  out|    1|   ap_memory|     out_buf_4|         array|
|out_buf_4_q0          |   in|   16|   ap_memory|     out_buf_4|         array|
+----------------------+-----+-----+------------+--------------+--------------+

