#-----------------------------------------------------------
# Vivado v2022.2 (64-bit)
# SW Build 3671981 on Fri Oct 14 04:59:54 MDT 2022
# IP Build 3669848 on Fri Oct 14 08:30:02 MDT 2022
# Start of session at: Sat Aug 24 01:50:04 2024
# Process ID: 2064814
# Current directory: /home/kaxiotis/Vitis_Accel_Projects/vitis_accel_prj/build_hw_rel/xo/myproject_kernel/kernel_wrapper/kernel_wrapper/solution/impl/ip
# Command line: vivado -notrace -mode batch -source run_ippack.tcl
# Log file: /home/kaxiotis/Vitis_Accel_Projects/vitis_accel_prj/build_hw_rel/xo/myproject_kernel/kernel_wrapper/kernel_wrapper/solution/impl/ip/vivado.log
# Journal file: /home/kaxiotis/Vitis_Accel_Projects/vitis_accel_prj/build_hw_rel/xo/myproject_kernel/kernel_wrapper/kernel_wrapper/solution/impl/ip/vivado.jou
# Running On: dpnc-fpgadev01, OS: Linux, CPU Frequency: 1500.000 MHz, CPU Physical cores: 32, Host memory: 270103 MB
#-----------------------------------------------------------
source run_ippack.tcl -notrace
