Thu Aug  1 17:49:57 2024: Running xcd server. This server was built by gradle.
Thu Aug  1 17:49:57 2024: Server was asked to start on port: '42409'
Thu Aug  1 17:49:57 2024: Server is using token UUID: '29415ae3-534c-4a2d-b22c-b3deeb282738'
Thu Aug  1 17:49:57 2024: SESSION_MGR: creating session with session uuid: '6d04a3e9-ade5-4ab9-8d63-1f78fcd2ec76' and name 'default'
Thu Aug  1 17:49:57 2024: Attempting to start server on port '42409'
Thu Aug  1 17:49:57 2024: XCD main fifo: created main fifo '/tmp/xcdmain29415ae3-534c-4a2d-b22c-b3deeb282738', fd read = 13
Thu Aug  1 17:49:57 2024: Running Dispatch Server
Thu Aug  1 17:49:57 2024: Version 2.2.0
Thu Aug  1 17:50:05 2024: Dispatch Server: Accepted socket connection from client
Thu Aug  1 17:50:05 2024: Starting Socket connection
Thu Aug  1 17:50:05 2024: EXCHANGE_TOKEN received, server token: 29415ae3-534c-4a2d-b22c-b3deeb282738, passed token: 29415ae3-534c-4a2d-b22c-b3deeb282738
Thu Aug  1 17:50:07 2024: DISPATCH_HANDLER: Adding handler from function makeHandler in library libxv_system_diagram
Thu Aug  1 17:50:07 2024: SESSION_MGR: creating session with session uuid: 'a33eed10-664e-4d4b-ac1b-80113e5f292c' and name 'v++_compile_myproject_kernel'
Thu Aug  1 17:50:07 2024: KERNEL_SVC: creating session with uuid: 'a33eed10-664e-4d4b-ac1b-80113e5f292c' and name 'v++_compile_myproject_kernel'
Thu Aug  1 17:50:07 2024: GUIDANCE_SMGR: creating guidance session with uuid: 'a33eed10-664e-4d4b-ac1b-80113e5f292c' and name 'v++_compile_myproject_kernel'
Thu Aug  1 17:50:07 2024: SYSTEM_DIAGRAM: creating session with uuid: 'a33eed10-664e-4d4b-ac1b-80113e5f292c' and name 'v++_compile_myproject_kernel'
Thu Aug  1 17:57:11 2024: Dispatch Server: Accepted socket connection from client
Thu Aug  1 17:57:11 2024: Starting Socket connection
Thu Aug  1 18:15:27 2024: SESSION_MGR: closing session for UUID 'a33eed10-664e-4d4b-ac1b-80113e5f292c' with name 'v++_compile_myproject_kernel'
Thu Aug  1 18:15:27 2024: KERNEL_SVC: closing session for UUID 'a33eed10-664e-4d4b-ac1b-80113e5f292c' with name 'v++_compile_myproject_kernel'
Thu Aug  1 18:15:27 2024: GUIDANCE_SMGR: closing session for UUID 'a33eed10-664e-4d4b-ac1b-80113e5f292c' with name 'v++_compile_myproject_kernel'
Thu Aug  1 18:15:29 2024: SYSTEM_DIAGRAM: closing session for UUID 'a33eed10-664e-4d4b-ac1b-80113e5f292c' with name 'v++_compile_myproject_kernel'
Thu Aug  1 18:15:29 2024: STOP_SERVER received, server token: 29415ae3-534c-4a2d-b22c-b3deeb282738, passed token: 29415ae3-534c-4a2d-b22c-b3deeb282738
Thu Aug  1 18:15:29 2024: Socket received request to stop server.
Thu Aug  1 18:15:29 2024: Dispatch Server: do_await_stop
Thu Aug  1 18:15:29 2024: Dispatch Server: stopping mainFifo_
Thu Aug  1 18:15:29 2024: XCD main fifo: Stopping
Thu Aug  1 18:15:29 2024: XCD main fifo: do_read error code: Operation canceled
Thu Aug  1 18:15:29 2024: XCD main fifo: bytes_transferred: 0
Thu Aug  1 18:15:29 2024: SERVER: destructor for server bound to port 42409
Thu Aug  1 18:15:29 2024: XCD main fifo: Good unlink of /tmp/xcdmain29415ae3-534c-4a2d-b22c-b3deeb282738
Thu Aug  1 18:15:29 2024: Server exiting with status 0.
Thu Aug  1 18:15:29 2024: Closing log file.
Thu Aug  1 18:15:32 2024: Running xcd server. This server was built by gradle.
Thu Aug  1 18:15:32 2024: Server was asked to start on port: '40787'
Thu Aug  1 18:15:32 2024: Server is using token UUID: '79d74fcf-d5c1-40cc-8665-3e6e8a2ec21a'
Thu Aug  1 18:15:32 2024: SESSION_MGR: creating session with session uuid: '6d04a3e9-ade5-4ab9-8d63-1f78fcd2ec76' and name 'default'
Thu Aug  1 18:15:32 2024: Attempting to start server on port '40787'
Thu Aug  1 18:15:32 2024: XCD main fifo: created main fifo '/tmp/xcdmain79d74fcf-d5c1-40cc-8665-3e6e8a2ec21a', fd read = 13
Thu Aug  1 18:15:32 2024: Running Dispatch Server
Thu Aug  1 18:15:32 2024: Version 2.2.0
Thu Aug  1 18:15:41 2024: Dispatch Server: Accepted socket connection from client
Thu Aug  1 18:15:41 2024: Starting Socket connection
Thu Aug  1 18:15:41 2024: EXCHANGE_TOKEN received, server token: 79d74fcf-d5c1-40cc-8665-3e6e8a2ec21a, passed token: 79d74fcf-d5c1-40cc-8665-3e6e8a2ec21a
Thu Aug  1 18:15:41 2024: DISPATCH_HANDLER: Adding handler from function makeHandler in library libxv_system_diagram
Thu Aug  1 18:15:41 2024: SESSION_MGR: creating session with session uuid: 'e5bb9824-5424-41ad-9bd7-4f84b20ac6f6' and name 'v++_link_kernel_wrapper'
Thu Aug  1 18:15:41 2024: KERNEL_SVC: creating session with uuid: 'e5bb9824-5424-41ad-9bd7-4f84b20ac6f6' and name 'v++_link_kernel_wrapper'
Thu Aug  1 18:15:41 2024: GUIDANCE_SMGR: creating guidance session with uuid: 'e5bb9824-5424-41ad-9bd7-4f84b20ac6f6' and name 'v++_link_kernel_wrapper'
Thu Aug  1 18:15:41 2024: SYSTEM_DIAGRAM: creating session with uuid: 'e5bb9824-5424-41ad-9bd7-4f84b20ac6f6' and name 'v++_link_kernel_wrapper'
Thu Aug  1 18:16:44 2024: Dispatch Server: Accepted socket connection from client
Thu Aug  1 18:16:44 2024: Starting Socket connection
Thu Aug  1 18:17:06 2024: Dispatch Server: Accepted socket connection from client
Thu Aug  1 18:17:06 2024: Starting Socket connection
Thu Aug  1 18:28:01 2024: Dispatch Server: Accepted socket connection from client
Thu Aug  1 18:28:01 2024: Starting Socket connection
Thu Aug  1 18:28:02 2024: Dispatch Server: Accepted socket connection from client
Thu Aug  1 18:28:02 2024: Starting Socket connection
Thu Aug  1 18:28:03 2024: Dispatch Server: Accepted socket connection from client
Thu Aug  1 18:28:03 2024: Starting Socket connection
Thu Aug  1 18:28:07 2024: Dispatch Server: Accepted socket connection from client
Thu Aug  1 18:28:07 2024: Starting Socket connection
Thu Aug  1 18:28:07 2024: Dispatch Server: Accepted socket connection from client
Thu Aug  1 18:28:07 2024: Starting Socket connection
Thu Aug  1 18:28:08 2024: Dispatch Server: Accepted socket connection from client
Thu Aug  1 18:28:08 2024: Starting Socket connection
Thu Aug  1 18:28:10 2024: Dispatch Server: Accepted socket connection from client
Thu Aug  1 18:28:10 2024: Starting Socket connection
Thu Aug  1 18:28:11 2024: Dispatch Server: Accepted socket connection from client
Thu Aug  1 18:28:11 2024: Starting Socket connection
Thu Aug  1 18:31:05 2024: Dispatch Server: Accepted socket connection from client
Thu Aug  1 18:31:05 2024: Starting Socket connection
Thu Aug  1 18:31:06 2024: Dispatch Server: Accepted socket connection from client
Thu Aug  1 18:31:06 2024: Starting Socket connection
Thu Aug  1 18:31:06 2024: Dispatch Server: Accepted socket connection from client
Thu Aug  1 18:31:06 2024: Starting Socket connection
Thu Aug  1 18:31:06 2024: Dispatch Server: Accepted socket connection from client
Thu Aug  1 18:31:06 2024: Starting Socket connection
Thu Aug  1 18:31:10 2024: Dispatch Server: Accepted socket connection from client
Thu Aug  1 18:31:10 2024: Starting Socket connection
Thu Aug  1 18:31:10 2024: Dispatch Server: Accepted socket connection from client
Thu Aug  1 18:31:10 2024: Starting Socket connection
Thu Aug  1 18:31:11 2024: Dispatch Server: Accepted socket connection from client
Thu Aug  1 18:31:11 2024: Starting Socket connection
Thu Aug  1 18:31:40 2024: Dispatch Server: Accepted socket connection from client
Thu Aug  1 18:31:40 2024: Starting Socket connection
Thu Aug  1 18:31:42 2024: Dispatch Server: Accepted socket connection from client
Thu Aug  1 18:31:42 2024: Starting Socket connection
Thu Aug  1 18:31:56 2024: Dispatch Server: Accepted socket connection from client
Thu Aug  1 18:31:56 2024: Starting Socket connection
Thu Aug  1 18:32:13 2024: Dispatch Server: Accepted socket connection from client
Thu Aug  1 18:32:13 2024: Starting Socket connection
Thu Aug  1 18:32:29 2024: Dispatch Server: Accepted socket connection from client
Thu Aug  1 18:32:29 2024: Starting Socket connection
Thu Aug  1 18:32:32 2024: Dispatch Server: Accepted socket connection from client
Thu Aug  1 18:32:32 2024: Starting Socket connection
Thu Aug  1 18:32:41 2024: Dispatch Server: Accepted socket connection from client
Thu Aug  1 18:32:41 2024: Starting Socket connection
Thu Aug  1 18:32:41 2024: Dispatch Server: Accepted socket connection from client
Thu Aug  1 18:32:41 2024: Starting Socket connection
Thu Aug  1 18:32:42 2024: Dispatch Server: Accepted socket connection from client
Thu Aug  1 18:32:42 2024: Starting Socket connection
Thu Aug  1 18:32:42 2024: Dispatch Server: Accepted socket connection from client
Thu Aug  1 18:32:42 2024: Starting Socket connection
Thu Aug  1 18:32:44 2024: Dispatch Server: Accepted socket connection from client
Thu Aug  1 18:32:44 2024: Starting Socket connection
Thu Aug  1 18:33:01 2024: Dispatch Server: Accepted socket connection from client
Thu Aug  1 18:33:01 2024: Starting Socket connection
Thu Aug  1 18:33:01 2024: Dispatch Server: Accepted socket connection from client
Thu Aug  1 18:33:01 2024: Starting Socket connection
Thu Aug  1 18:33:07 2024: Dispatch Server: Accepted socket connection from client
Thu Aug  1 18:33:07 2024: Starting Socket connection
Thu Aug  1 18:33:13 2024: Dispatch Server: Accepted socket connection from client
Thu Aug  1 18:33:13 2024: Starting Socket connection
Thu Aug  1 18:33:15 2024: Dispatch Server: Accepted socket connection from client
Thu Aug  1 18:33:15 2024: Starting Socket connection
Thu Aug  1 18:33:15 2024: Dispatch Server: Accepted socket connection from client
Thu Aug  1 18:33:15 2024: Starting Socket connection
Thu Aug  1 18:33:33 2024: Dispatch Server: Accepted socket connection from client
Thu Aug  1 18:33:33 2024: Starting Socket connection
Thu Aug  1 18:33:35 2024: Dispatch Server: Accepted socket connection from client
Thu Aug  1 18:33:35 2024: Starting Socket connection
Thu Aug  1 18:33:39 2024: Dispatch Server: Accepted socket connection from client
Thu Aug  1 18:33:39 2024: Starting Socket connection
Thu Aug  1 18:33:49 2024: Dispatch Server: Accepted socket connection from client
Thu Aug  1 18:33:49 2024: Starting Socket connection
Thu Aug  1 18:33:50 2024: Dispatch Server: Accepted socket connection from client
Thu Aug  1 18:33:50 2024: Starting Socket connection
Thu Aug  1 18:33:52 2024: Dispatch Server: Accepted socket connection from client
Thu Aug  1 18:33:52 2024: Starting Socket connection
Thu Aug  1 18:34:06 2024: Dispatch Server: Accepted socket connection from client
Thu Aug  1 18:34:06 2024: Starting Socket connection
Thu Aug  1 18:34:10 2024: Dispatch Server: Accepted socket connection from client
Thu Aug  1 18:34:10 2024: Starting Socket connection
Thu Aug  1 18:34:10 2024: Dispatch Server: Accepted socket connection from client
Thu Aug  1 18:34:10 2024: Starting Socket connection
Thu Aug  1 18:34:10 2024: Dispatch Server: Accepted socket connection from client
Thu Aug  1 18:34:10 2024: Starting Socket connection
Thu Aug  1 18:35:06 2024: Dispatch Server: Accepted socket connection from client
Thu Aug  1 18:35:06 2024: Starting Socket connection
Thu Aug  1 18:35:06 2024: Dispatch Server: Accepted socket connection from client
Thu Aug  1 18:35:06 2024: Starting Socket connection
Thu Aug  1 18:35:18 2024: Dispatch Server: Accepted socket connection from client
Thu Aug  1 18:35:18 2024: Starting Socket connection
Thu Aug  1 18:35:29 2024: Dispatch Server: Accepted socket connection from client
Thu Aug  1 18:35:29 2024: Starting Socket connection
Thu Aug  1 18:35:32 2024: Dispatch Server: Accepted socket connection from client
Thu Aug  1 18:35:32 2024: Starting Socket connection
Thu Aug  1 18:35:38 2024: Dispatch Server: Accepted socket connection from client
Thu Aug  1 18:35:38 2024: Starting Socket connection
Thu Aug  1 18:35:48 2024: Dispatch Server: Accepted socket connection from client
Thu Aug  1 18:35:48 2024: Starting Socket connection
Thu Aug  1 18:36:00 2024: Dispatch Server: Accepted socket connection from client
Thu Aug  1 18:36:00 2024: Starting Socket connection
Thu Aug  1 18:36:03 2024: Dispatch Server: Accepted socket connection from client
Thu Aug  1 18:36:03 2024: Starting Socket connection
Thu Aug  1 18:36:08 2024: Dispatch Server: Accepted socket connection from client
Thu Aug  1 18:36:08 2024: Starting Socket connection
Thu Aug  1 18:36:19 2024: Dispatch Server: Accepted socket connection from client
Thu Aug  1 18:36:19 2024: Starting Socket connection
Thu Aug  1 18:36:21 2024: Dispatch Server: Accepted socket connection from client
Thu Aug  1 18:36:21 2024: Starting Socket connection
Thu Aug  1 18:36:28 2024: Dispatch Server: Accepted socket connection from client
Thu Aug  1 18:36:28 2024: Starting Socket connection
Thu Aug  1 18:36:30 2024: Dispatch Server: Accepted socket connection from client
Thu Aug  1 18:36:30 2024: Starting Socket connection
Thu Aug  1 18:36:31 2024: Dispatch Server: Accepted socket connection from client
Thu Aug  1 18:36:31 2024: Starting Socket connection
Thu Aug  1 18:36:37 2024: Dispatch Server: Accepted socket connection from client
Thu Aug  1 18:36:37 2024: Starting Socket connection
Thu Aug  1 18:36:41 2024: Dispatch Server: Accepted socket connection from client
Thu Aug  1 18:36:41 2024: Starting Socket connection
Thu Aug  1 18:36:44 2024: Dispatch Server: Accepted socket connection from client
Thu Aug  1 18:36:44 2024: Starting Socket connection
Thu Aug  1 18:36:52 2024: Dispatch Server: Accepted socket connection from client
Thu Aug  1 18:36:52 2024: Starting Socket connection
Thu Aug  1 18:36:55 2024: Dispatch Server: Accepted socket connection from client
Thu Aug  1 18:36:55 2024: Starting Socket connection
Thu Aug  1 18:37:02 2024: Dispatch Server: Accepted socket connection from client
Thu Aug  1 18:37:02 2024: Starting Socket connection
Thu Aug  1 18:37:04 2024: Dispatch Server: Accepted socket connection from client
Thu Aug  1 18:37:04 2024: Starting Socket connection
Thu Aug  1 18:37:04 2024: Dispatch Server: Accepted socket connection from client
Thu Aug  1 18:37:04 2024: Starting Socket connection
Thu Aug  1 18:37:06 2024: Dispatch Server: Accepted socket connection from client
Thu Aug  1 18:37:06 2024: Starting Socket connection
Thu Aug  1 18:37:20 2024: Dispatch Server: Accepted socket connection from client
Thu Aug  1 18:37:20 2024: Starting Socket connection
Thu Aug  1 18:37:20 2024: Dispatch Server: Accepted socket connection from client
Thu Aug  1 18:37:20 2024: Starting Socket connection
Thu Aug  1 18:37:23 2024: Dispatch Server: Accepted socket connection from client
Thu Aug  1 18:37:23 2024: Starting Socket connection
Thu Aug  1 18:37:25 2024: Dispatch Server: Accepted socket connection from client
Thu Aug  1 18:37:25 2024: Starting Socket connection
Thu Aug  1 18:37:34 2024: Dispatch Server: Accepted socket connection from client
Thu Aug  1 18:37:34 2024: Starting Socket connection
Thu Aug  1 18:37:39 2024: Dispatch Server: Accepted socket connection from client
Thu Aug  1 18:37:39 2024: Starting Socket connection
Thu Aug  1 18:37:40 2024: Dispatch Server: Accepted socket connection from client
Thu Aug  1 18:37:40 2024: Starting Socket connection
Thu Aug  1 18:37:41 2024: Dispatch Server: Accepted socket connection from client
Thu Aug  1 18:37:41 2024: Starting Socket connection
Thu Aug  1 18:37:52 2024: Dispatch Server: Accepted socket connection from client
Thu Aug  1 18:37:52 2024: Starting Socket connection
Thu Aug  1 18:37:58 2024: Dispatch Server: Accepted socket connection from client
Thu Aug  1 18:37:58 2024: Starting Socket connection
Thu Aug  1 18:38:13 2024: Dispatch Server: Accepted socket connection from client
Thu Aug  1 18:38:13 2024: Starting Socket connection
Thu Aug  1 18:38:15 2024: Dispatch Server: Accepted socket connection from client
Thu Aug  1 18:38:15 2024: Starting Socket connection
Thu Aug  1 18:38:15 2024: Dispatch Server: Accepted socket connection from client
Thu Aug  1 18:38:15 2024: Starting Socket connection
Thu Aug  1 18:38:20 2024: Dispatch Server: Accepted socket connection from client
Thu Aug  1 18:38:20 2024: Starting Socket connection
Thu Aug  1 18:38:31 2024: Dispatch Server: Accepted socket connection from client
Thu Aug  1 18:38:31 2024: Starting Socket connection
Thu Aug  1 18:38:42 2024: Dispatch Server: Accepted socket connection from client
Thu Aug  1 18:38:42 2024: Starting Socket connection
Thu Aug  1 18:38:45 2024: Dispatch Server: Accepted socket connection from client
Thu Aug  1 18:38:45 2024: Starting Socket connection
Thu Aug  1 18:38:57 2024: Dispatch Server: Accepted socket connection from client
Thu Aug  1 18:38:57 2024: Starting Socket connection
Thu Aug  1 18:39:30 2024: Dispatch Server: Accepted socket connection from client
Thu Aug  1 18:39:30 2024: Starting Socket connection
Thu Aug  1 18:39:42 2024: Dispatch Server: Accepted socket connection from client
Thu Aug  1 18:39:42 2024: Starting Socket connection
Thu Aug  1 18:39:51 2024: Dispatch Server: Accepted socket connection from client
Thu Aug  1 18:39:51 2024: Starting Socket connection
Thu Aug  1 18:39:53 2024: Dispatch Server: Accepted socket connection from client
Thu Aug  1 18:39:53 2024: Starting Socket connection
Thu Aug  1 18:39:56 2024: Dispatch Server: Accepted socket connection from client
Thu Aug  1 18:39:56 2024: Starting Socket connection
Thu Aug  1 18:40:09 2024: Dispatch Server: Accepted socket connection from client
Thu Aug  1 18:40:09 2024: Starting Socket connection
Thu Aug  1 18:40:13 2024: Dispatch Server: Accepted socket connection from client
Thu Aug  1 18:40:13 2024: Starting Socket connection
Thu Aug  1 18:40:19 2024: Dispatch Server: Accepted socket connection from client
Thu Aug  1 18:40:19 2024: Starting Socket connection
Thu Aug  1 18:40:54 2024: Dispatch Server: Accepted socket connection from client
Thu Aug  1 18:40:54 2024: Starting Socket connection
Thu Aug  1 18:41:05 2024: Dispatch Server: Accepted socket connection from client
Thu Aug  1 18:41:05 2024: Starting Socket connection
Thu Aug  1 18:41:16 2024: Dispatch Server: Accepted socket connection from client
Thu Aug  1 18:41:16 2024: Starting Socket connection
Thu Aug  1 18:41:19 2024: Dispatch Server: Accepted socket connection from client
Thu Aug  1 18:41:19 2024: Starting Socket connection
Thu Aug  1 18:41:21 2024: Dispatch Server: Accepted socket connection from client
Thu Aug  1 18:41:21 2024: Starting Socket connection
Thu Aug  1 18:41:31 2024: Dispatch Server: Accepted socket connection from client
Thu Aug  1 18:41:31 2024: Starting Socket connection
Thu Aug  1 18:41:42 2024: Dispatch Server: Accepted socket connection from client
Thu Aug  1 18:41:42 2024: Starting Socket connection
Thu Aug  1 18:41:45 2024: Dispatch Server: Accepted socket connection from client
Thu Aug  1 18:41:45 2024: Starting Socket connection
Thu Aug  1 18:42:18 2024: Dispatch Server: Accepted socket connection from client
Thu Aug  1 18:42:18 2024: Starting Socket connection
Thu Aug  1 18:42:29 2024: Dispatch Server: Accepted socket connection from client
Thu Aug  1 18:42:29 2024: Starting Socket connection
Thu Aug  1 18:42:43 2024: Dispatch Server: Accepted socket connection from client
Thu Aug  1 18:42:43 2024: Starting Socket connection
Thu Aug  1 18:42:45 2024: Dispatch Server: Accepted socket connection from client
Thu Aug  1 18:42:45 2024: Starting Socket connection
Thu Aug  1 18:42:46 2024: Dispatch Server: Accepted socket connection from client
Thu Aug  1 18:42:46 2024: Starting Socket connection
Thu Aug  1 18:42:55 2024: Dispatch Server: Accepted socket connection from client
Thu Aug  1 18:42:55 2024: Starting Socket connection
Thu Aug  1 18:43:05 2024: Dispatch Server: Accepted socket connection from client
Thu Aug  1 18:43:05 2024: Starting Socket connection
Thu Aug  1 18:43:08 2024: Dispatch Server: Accepted socket connection from client
Thu Aug  1 18:43:08 2024: Starting Socket connection
Thu Aug  1 18:43:11 2024: Dispatch Server: Accepted socket connection from client
Thu Aug  1 18:43:11 2024: Starting Socket connection
Thu Aug  1 18:43:23 2024: Dispatch Server: Accepted socket connection from client
Thu Aug  1 18:43:23 2024: Starting Socket connection
Thu Aug  1 18:43:24 2024: Dispatch Server: Accepted socket connection from client
Thu Aug  1 18:43:24 2024: Starting Socket connection
Thu Aug  1 18:43:28 2024: Dispatch Server: Accepted socket connection from client
Thu Aug  1 18:43:28 2024: Starting Socket connection
Thu Aug  1 18:43:43 2024: Dispatch Server: Accepted socket connection from client
Thu Aug  1 18:43:43 2024: Starting Socket connection
Thu Aug  1 18:43:43 2024: Dispatch Server: Accepted socket connection from client
Thu Aug  1 18:43:43 2024: Starting Socket connection
Thu Aug  1 18:44:16 2024: Dispatch Server: Accepted socket connection from client
Thu Aug  1 18:44:16 2024: Starting Socket connection
Thu Aug  1 18:44:49 2024: Dispatch Server: Accepted socket connection from client
Thu Aug  1 18:44:49 2024: Starting Socket connection
Thu Aug  1 18:44:53 2024: Dispatch Server: Accepted socket connection from client
Thu Aug  1 18:44:53 2024: Starting Socket connection
Thu Aug  1 18:44:59 2024: Dispatch Server: Accepted socket connection from client
Thu Aug  1 18:44:59 2024: Starting Socket connection
Thu Aug  1 18:45:07 2024: Dispatch Server: Accepted socket connection from client
Thu Aug  1 18:45:07 2024: Starting Socket connection
Thu Aug  1 18:45:21 2024: Dispatch Server: Accepted socket connection from client
Thu Aug  1 18:45:21 2024: Starting Socket connection
Thu Aug  1 18:45:22 2024: Dispatch Server: Accepted socket connection from client
Thu Aug  1 18:45:22 2024: Starting Socket connection
Thu Aug  1 18:45:25 2024: Dispatch Server: Accepted socket connection from client
Thu Aug  1 18:45:25 2024: Starting Socket connection
Thu Aug  1 18:45:31 2024: Dispatch Server: Accepted socket connection from client
Thu Aug  1 18:45:31 2024: Starting Socket connection
Thu Aug  1 18:45:37 2024: Dispatch Server: Accepted socket connection from client
Thu Aug  1 18:45:37 2024: Starting Socket connection
Thu Aug  1 18:45:43 2024: Dispatch Server: Accepted socket connection from client
Thu Aug  1 18:45:43 2024: Starting Socket connection
Thu Aug  1 18:45:50 2024: Dispatch Server: Accepted socket connection from client
Thu Aug  1 18:45:50 2024: Starting Socket connection
Thu Aug  1 18:45:54 2024: Dispatch Server: Accepted socket connection from client
Thu Aug  1 18:45:54 2024: Starting Socket connection
Thu Aug  1 18:45:56 2024: Dispatch Server: Accepted socket connection from client
Thu Aug  1 18:45:56 2024: Starting Socket connection
Thu Aug  1 18:46:03 2024: Dispatch Server: Accepted socket connection from client
Thu Aug  1 18:46:03 2024: Starting Socket connection
Thu Aug  1 18:46:07 2024: Dispatch Server: Accepted socket connection from client
Thu Aug  1 18:46:07 2024: Starting Socket connection
Thu Aug  1 18:46:09 2024: Dispatch Server: Accepted socket connection from client
Thu Aug  1 18:46:09 2024: Starting Socket connection
Thu Aug  1 18:46:23 2024: Dispatch Server: Accepted socket connection from client
Thu Aug  1 18:46:23 2024: Starting Socket connection
Thu Aug  1 18:46:34 2024: Dispatch Server: Accepted socket connection from client
Thu Aug  1 18:46:34 2024: Starting Socket connection
Thu Aug  1 18:46:41 2024: Dispatch Server: Accepted socket connection from client
Thu Aug  1 18:46:41 2024: Starting Socket connection
Thu Aug  1 18:47:06 2024: Dispatch Server: Accepted socket connection from client
Thu Aug  1 18:47:06 2024: Starting Socket connection
Thu Aug  1 18:47:37 2024: Dispatch Server: Accepted socket connection from client
Thu Aug  1 18:47:37 2024: Starting Socket connection
Thu Aug  1 18:47:39 2024: Dispatch Server: Accepted socket connection from client
Thu Aug  1 18:47:39 2024: Starting Socket connection
Thu Aug  1 18:47:56 2024: Dispatch Server: Accepted socket connection from client
Thu Aug  1 18:47:56 2024: Starting Socket connection
Thu Aug  1 18:48:05 2024: Dispatch Server: Accepted socket connection from client
Thu Aug  1 18:48:05 2024: Starting Socket connection
Thu Aug  1 18:48:11 2024: Dispatch Server: Accepted socket connection from client
Thu Aug  1 18:48:11 2024: Starting Socket connection
Thu Aug  1 18:48:25 2024: Dispatch Server: Accepted socket connection from client
Thu Aug  1 18:48:25 2024: Starting Socket connection
Thu Aug  1 18:48:39 2024: Dispatch Server: Accepted socket connection from client
Thu Aug  1 18:48:39 2024: Starting Socket connection
Thu Aug  1 18:48:54 2024: Dispatch Server: Accepted socket connection from client
Thu Aug  1 18:48:54 2024: Starting Socket connection
Thu Aug  1 18:49:02 2024: Dispatch Server: Accepted socket connection from client
Thu Aug  1 18:49:02 2024: Starting Socket connection
Thu Aug  1 18:49:33 2024: Dispatch Server: Accepted socket connection from client
Thu Aug  1 18:49:33 2024: Starting Socket connection
Thu Aug  1 18:49:35 2024: Dispatch Server: Accepted socket connection from client
Thu Aug  1 18:49:35 2024: Starting Socket connection
Thu Aug  1 18:49:58 2024: Dispatch Server: Accepted socket connection from client
Thu Aug  1 18:49:58 2024: Starting Socket connection
Thu Aug  1 18:49:59 2024: Dispatch Server: Accepted socket connection from client
Thu Aug  1 18:49:59 2024: Starting Socket connection
Thu Aug  1 18:50:11 2024: Dispatch Server: Accepted socket connection from client
Thu Aug  1 18:50:11 2024: Starting Socket connection
Thu Aug  1 18:50:26 2024: Dispatch Server: Accepted socket connection from client
Thu Aug  1 18:50:26 2024: Starting Socket connection
Thu Aug  1 18:50:32 2024: Dispatch Server: Accepted socket connection from client
Thu Aug  1 18:50:32 2024: Starting Socket connection
Thu Aug  1 18:51:01 2024: Dispatch Server: Accepted socket connection from client
Thu Aug  1 18:51:01 2024: Starting Socket connection
Thu Aug  1 18:51:04 2024: Dispatch Server: Accepted socket connection from client
Thu Aug  1 18:51:04 2024: Starting Socket connection
Thu Aug  1 18:51:27 2024: Dispatch Server: Accepted socket connection from client
Thu Aug  1 18:51:27 2024: Starting Socket connection
Thu Aug  1 18:51:29 2024: Dispatch Server: Accepted socket connection from client
Thu Aug  1 18:51:29 2024: Starting Socket connection
Thu Aug  1 18:51:36 2024: Dispatch Server: Accepted socket connection from client
Thu Aug  1 18:51:36 2024: Starting Socket connection
Thu Aug  1 18:51:44 2024: Dispatch Server: Accepted socket connection from client
Thu Aug  1 18:51:44 2024: Starting Socket connection
Thu Aug  1 18:51:51 2024: Dispatch Server: Accepted socket connection from client
Thu Aug  1 18:51:51 2024: Starting Socket connection
Thu Aug  1 18:51:56 2024: Dispatch Server: Accepted socket connection from client
Thu Aug  1 18:51:56 2024: Starting Socket connection
Thu Aug  1 18:52:04 2024: Dispatch Server: Accepted socket connection from client
Thu Aug  1 18:52:04 2024: Starting Socket connection
Thu Aug  1 18:52:05 2024: Dispatch Server: Accepted socket connection from client
Thu Aug  1 18:52:05 2024: Starting Socket connection
Thu Aug  1 18:52:11 2024: Dispatch Server: Accepted socket connection from client
Thu Aug  1 18:52:11 2024: Starting Socket connection
Thu Aug  1 18:56:15 2024: Dispatch Server: Accepted socket connection from client
Thu Aug  1 18:56:15 2024: Starting Socket connection
Thu Aug  1 18:56:15 2024: Dispatch Server: Accepted socket connection from client
Thu Aug  1 18:56:15 2024: Starting Socket connection
Thu Aug  1 18:56:16 2024: Dispatch Server: Accepted socket connection from client
Thu Aug  1 18:56:16 2024: Starting Socket connection
Thu Aug  1 18:56:47 2024: Dispatch Server: Accepted socket connection from client
Thu Aug  1 18:56:47 2024: Starting Socket connection
Thu Aug  1 18:58:34 2024: Dispatch Server: Accepted socket connection from client
Thu Aug  1 18:58:34 2024: Starting Socket connection
Thu Aug  1 22:57:22 2024: SESSION_MGR: closing session for UUID 'e5bb9824-5424-41ad-9bd7-4f84b20ac6f6' with name 'v++_link_kernel_wrapper'
Thu Aug  1 22:57:22 2024: KERNEL_SVC: closing session for UUID 'e5bb9824-5424-41ad-9bd7-4f84b20ac6f6' with name 'v++_link_kernel_wrapper'
Thu Aug  1 22:57:22 2024: GUIDANCE_SMGR: closing session for UUID 'e5bb9824-5424-41ad-9bd7-4f84b20ac6f6' with name 'v++_link_kernel_wrapper'
Thu Aug  1 22:57:24 2024: SYSTEM_DIAGRAM: closing session for UUID 'e5bb9824-5424-41ad-9bd7-4f84b20ac6f6' with name 'v++_link_kernel_wrapper'
Thu Aug  1 22:57:24 2024: STOP_SERVER received, server token: 79d74fcf-d5c1-40cc-8665-3e6e8a2ec21a, passed token: 79d74fcf-d5c1-40cc-8665-3e6e8a2ec21a
Thu Aug  1 22:57:24 2024: Socket received request to stop server.
Thu Aug  1 22:57:24 2024: Dispatch Server: do_await_stop
Thu Aug  1 22:57:24 2024: Dispatch Server: stopping mainFifo_
Thu Aug  1 22:57:24 2024: XCD main fifo: Stopping
Thu Aug  1 22:57:24 2024: XCD main fifo: do_read error code: Operation canceled
Thu Aug  1 22:57:24 2024: XCD main fifo: bytes_transferred: 0
Thu Aug  1 22:57:24 2024: SERVER: destructor for server bound to port 40787
Thu Aug  1 22:57:24 2024: XCD main fifo: Good unlink of /tmp/xcdmain79d74fcf-d5c1-40cc-8665-3e6e8a2ec21a
Thu Aug  1 22:57:24 2024: Server exiting with status 0.
Thu Aug  1 22:57:24 2024: Closing log file.
