Copyright 1986-2022 Xilinx, Inc. All Rights Reserved.
----------------------------------------------------------------------------------------------------------------------------------------------------------------------------------------------------------------------------------------------------------------------------------------------------------------------------------------------------------------------------------------------------
| Tool Version : Vivado v.2022.2 (lin64) Build 3671981 Fri Oct 14 04:59:54 MDT 2022
| Date         : Fri Jul  5 12:00:59 2024
| Host         : egl running 64-bit Ubuntu 20.04.4 LTS
| Command      : report_accelerator_utilization -kernels { kernel_wrapper:level0_i/ulp/kernel_wrapper_1/inst:kernel_wrapper_1 kernel_wrapper:level0_i/ulp/kernel_wrapper_2/inst:kernel_wrapper_2 kernel_wrapper:level0_i/ulp/kernel_wrapper_3/inst:kernel_wrapper_3 kernel_wrapper:level0_i/ulp/kernel_wrapper_4/inst:kernel_wrapper_4} -file kernel_util_routed.rpt -name kernel_util_routed -json
| Design       : level0_wrapper
| Device       : xcu55c
| Design State : Routed
----------------------------------------------------------------------------------------------------------------------------------------------------------------------------------------------------------------------------------------------------------------------------------------------------------------------------------------------------------------------------------------------------

Accelerator Utilization Design Information

Table of Contents
-----------------
1. System Utilization

1. System Utilization
---------------------

+---------------------+-------------------+------------------+-------------------+----------------+---------------+----------------+
| Name                | LUT               | LUTAsMem         | REG               | BRAM           | URAM          | DSP            |
+---------------------+-------------------+------------------+-------------------+----------------+---------------+----------------+
| Platform            |  127586 [  9.79%] |  10328 [  1.72%] |  178698 [  6.85%] |  200 [  9.92%] |   0 [  0.00%] |    4 [  0.04%] |
| User Budget         | 1176094 [100.00%] | 590632 [100.00%] | 2428662 [100.00%] | 1816 [100.00%] | 960 [100.00%] | 9020 [100.00%] |
|    Used Resources   |  200251 [ 17.03%] |   1920 [  0.33%] |   82560 [  3.40%] |  648 [ 35.68%] |   0 [  0.00%] | 4316 [ 47.85%] |
|    Unused Resources |  975843 [ 82.97%] | 588712 [ 99.67%] | 2346102 [ 96.60%] | 1168 [ 64.32%] | 960 [100.00%] | 4704 [ 52.15%] |
| kernel_wrapper      |  200251 [ 17.03%] |   1920 [  0.33%] |   82560 [  3.40%] |  648 [ 35.68%] |   0 [  0.00%] | 4316 [ 47.85%] |
|    kernel_wrapper_1 |   50191 [  4.27%] |    480 [  0.08%] |   20265 [  0.83%] |  162 [  8.92%] |   0 [  0.00%] | 1079 [ 11.96%] |
|    kernel_wrapper_2 |   50058 [  4.26%] |    480 [  0.08%] |   20208 [  0.83%] |  162 [  8.92%] |   0 [  0.00%] | 1079 [ 11.96%] |
|    kernel_wrapper_3 |   50190 [  4.27%] |    480 [  0.08%] |   20715 [  0.85%] |  162 [  8.92%] |   0 [  0.00%] | 1079 [ 11.96%] |
|    kernel_wrapper_4 |   49812 [  4.24%] |    480 [  0.08%] |   21372 [  0.88%] |  162 [  8.92%] |   0 [  0.00%] | 1079 [ 11.96%] |
+---------------------+-------------------+------------------+-------------------+----------------+---------------+----------------+


