Copyright 1986-2022 Xilinx, Inc. All Rights Reserved.
------------------------------------------------------------------------------------------------------------------------------------------------------------------------------------------
| Tool Version : Vivado v.2022.2 (lin64) Build 3671981 Fri Oct 14 04:59:54 MDT 2022
| Date         : Sat Aug 24 02:00:14 2024
| Host         : dpnc-fpgadev01 running 64-bit Ubuntu 20.04.6 LTS
| Command      : report_accelerator_utilization -kernels { kernel_wrapper:top_i/ulp/kernel_wrapper_1/inst:kernel_wrapper_1} -file kernel_util_synthed.rpt -name kernel_util_synthed -json
| Design       : top_wrapper
| Device       : xcvc1902
| Design State : Synthesized
------------------------------------------------------------------------------------------------------------------------------------------------------------------------------------------

Accelerator Utilization Design Information

Table of Contents
-----------------
1. System Utilization

1. System Utilization
---------------------

+---------------------+-------------------+------------------+------------------+---------------+---------------+
| Name                | REG               | LUT              | LUTAsMem         | BRAM          | URAM          |
+---------------------+-------------------+------------------+------------------+---------------+---------------+
| Platform            |   31880 [  1.77%] |  22620 [  2.51%] |   2228 [  0.50%] |  32 [  3.31%] |   0 [  0.00%] |
| User Budget         | 1767800 [100.00%] | 877220 [100.00%] | 447692 [100.00%] | 935 [100.00%] | 463 [100.00%] |
|    Used Resources   |   42810 [  2.42%] | 250239 [ 28.53%] |    591 [  0.13%] | 322 [ 34.44%] |   0 [  0.00%] |
|    Unused Resources | 1724990 [ 97.58%] | 626981 [ 71.47%] | 447101 [ 99.87%] | 613 [ 65.56%] | 463 [100.00%] |
| kernel_wrapper      |   42810 [  2.42%] | 250239 [ 28.53%] |    591 [  0.13%] | 322 [ 34.44%] |   0 [  0.00%] |
|    kernel_wrapper_1 |   42810 [  2.42%] | 250239 [ 28.53%] |    591 [  0.13%] | 322 [ 34.44%] |   0 [  0.00%] |
+---------------------+-------------------+------------------+------------------+---------------+---------------+


