Copyright 1986-2022 Xilinx, Inc. All Rights Reserved.
----------------------------------------------------------------------------------------------------------------------------------------------------------------------------------------------------------------------------------------------------------------------------------------------------------------------------------------------------------------------------------------------------
| Tool Version : Vivado v.2022.2 (lin64) Build 3671981 Fri Oct 14 04:59:54 MDT 2022
| Date         : Tue Aug  6 09:03:47 2024
| Host         : egl running 64-bit Ubuntu 20.04.4 LTS
| Command      : report_accelerator_utilization -kernels { kernel_wrapper:level0_i/ulp/kernel_wrapper_1/inst:kernel_wrapper_1 kernel_wrapper:level0_i/ulp/kernel_wrapper_2/inst:kernel_wrapper_2 kernel_wrapper:level0_i/ulp/kernel_wrapper_3/inst:kernel_wrapper_3 kernel_wrapper:level0_i/ulp/kernel_wrapper_4/inst:kernel_wrapper_4} -file kernel_util_placed.rpt -name kernel_util_placed -json
| Design       : level0_wrapper
| Device       : xcu55c
| Design State : Fully Placed
----------------------------------------------------------------------------------------------------------------------------------------------------------------------------------------------------------------------------------------------------------------------------------------------------------------------------------------------------------------------------------------------------

Accelerator Utilization Design Information

Table of Contents
-----------------
1. System Utilization

1. System Utilization
---------------------

+---------------------+-------------------+------------------+-------------------+----------------+---------------+----------------+
| Name                | LUT               | LUTAsMem         | REG               | BRAM           | URAM          | DSP            |
+---------------------+-------------------+------------------+-------------------+----------------+---------------+----------------+
| Platform            |  127602 [  9.79%] |  10328 [  1.72%] |  178698 [  6.85%] |  200 [  9.92%] |   0 [  0.00%] |    4 [  0.04%] |
| User Budget         | 1176078 [100.00%] | 590632 [100.00%] | 2428662 [100.00%] | 1816 [100.00%] | 960 [100.00%] | 9020 [100.00%] |
|    Used Resources   |  200547 [ 17.05%] |   1924 [  0.33%] |   81430 [  3.35%] | 1256 [ 69.16%] |   0 [  0.00%] | 4316 [ 47.85%] |
|    Unused Resources |  975531 [ 82.95%] | 588708 [ 99.67%] | 2347232 [ 96.65%] |  560 [ 30.84%] | 960 [100.00%] | 4704 [ 52.15%] |
| kernel_wrapper      |  200547 [ 17.05%] |   1924 [  0.33%] |   81430 [  3.35%] | 1256 [ 69.16%] |   0 [  0.00%] | 4316 [ 47.85%] |
|    kernel_wrapper_1 |   50221 [  4.27%] |    481 [  0.08%] |   20240 [  0.83%] |  314 [ 17.29%] |   0 [  0.00%] | 1079 [ 11.96%] |
|    kernel_wrapper_2 |   50321 [  4.28%] |    481 [  0.08%] |   20201 [  0.83%] |  314 [ 17.29%] |   0 [  0.00%] | 1079 [ 11.96%] |
|    kernel_wrapper_3 |   50076 [  4.26%] |    481 [  0.08%] |   20263 [  0.83%] |  314 [ 17.29%] |   0 [  0.00%] | 1079 [ 11.96%] |
|    kernel_wrapper_4 |   49929 [  4.25%] |    481 [  0.08%] |   20726 [  0.85%] |  314 [ 17.29%] |   0 [  0.00%] | 1079 [ 11.96%] |
+---------------------+-------------------+------------------+-------------------+----------------+---------------+----------------+


