Copyright 1986-2022 Xilinx, Inc. All Rights Reserved.
----------------------------------------------------------------------------------------------------------------------------------------------------------------------------------------------------------------------------------------------------------------------------------------------------------------------------------------------------------------------------------------------------
| Tool Version : Vivado v.2022.2 (lin64) Build 3671981 Fri Oct 14 04:59:54 MDT 2022
| Date         : Thu Jul  4 11:42:31 2024
| Host         : egl running 64-bit Ubuntu 20.04.4 LTS
| Command      : report_accelerator_utilization -kernels { kernel_wrapper:level0_i/ulp/kernel_wrapper_1/inst:kernel_wrapper_1 kernel_wrapper:level0_i/ulp/kernel_wrapper_2/inst:kernel_wrapper_2 kernel_wrapper:level0_i/ulp/kernel_wrapper_3/inst:kernel_wrapper_3 kernel_wrapper:level0_i/ulp/kernel_wrapper_4/inst:kernel_wrapper_4} -file kernel_util_routed.rpt -name kernel_util_routed -json
| Design       : level0_wrapper
| Device       : xcu55c
| Design State : Routed
----------------------------------------------------------------------------------------------------------------------------------------------------------------------------------------------------------------------------------------------------------------------------------------------------------------------------------------------------------------------------------------------------

Accelerator Utilization Design Information

Table of Contents
-----------------
1. System Utilization

1. System Utilization
---------------------

+---------------------+-------------------+------------------+-------------------+----------------+---------------+----------------+
| Name                | LUT               | LUTAsMem         | REG               | BRAM           | URAM          | DSP            |
+---------------------+-------------------+------------------+-------------------+----------------+---------------+----------------+
| Platform            |  127605 [  9.79%] |  10328 [  1.72%] |  178698 [  6.85%] |  200 [  9.92%] |   0 [  0.00%] |    4 [  0.04%] |
| User Budget         | 1176075 [100.00%] | 590632 [100.00%] | 2428662 [100.00%] | 1816 [100.00%] | 960 [100.00%] | 9020 [100.00%] |
|    Used Resources   |  180856 [ 15.38%] |   1944 [  0.33%] |   73765 [  3.04%] |  644 [ 35.46%] |   0 [  0.00%] | 4316 [ 47.85%] |
|    Unused Resources |  995219 [ 84.62%] | 588688 [ 99.67%] | 2354897 [ 96.96%] | 1172 [ 64.54%] | 960 [100.00%] | 4704 [ 52.15%] |
| kernel_wrapper      |  180856 [ 15.38%] |   1944 [  0.33%] |   73765 [  3.04%] |  644 [ 35.46%] |   0 [  0.00%] | 4316 [ 47.85%] |
|    kernel_wrapper_1 |   45293 [  3.85%] |    486 [  0.08%] |   18192 [  0.75%] |  161 [  8.87%] |   0 [  0.00%] | 1079 [ 11.96%] |
|    kernel_wrapper_2 |   45098 [  3.83%] |    486 [  0.08%] |   18376 [  0.76%] |  161 [  8.87%] |   0 [  0.00%] | 1079 [ 11.96%] |
|    kernel_wrapper_3 |   45172 [  3.84%] |    486 [  0.08%] |   18464 [  0.76%] |  161 [  8.87%] |   0 [  0.00%] | 1079 [ 11.96%] |
|    kernel_wrapper_4 |   45293 [  3.85%] |    486 [  0.08%] |   18733 [  0.77%] |  161 [  8.87%] |   0 [  0.00%] | 1079 [ 11.96%] |
+---------------------+-------------------+------------------+-------------------+----------------+---------------+----------------+


