Copyright 1986-2022 Xilinx, Inc. All Rights Reserved.
------------------------------------------------------------------------------------------
| Tool Version : Vivado v.2022.2 (lin64) Build 3671981 Fri Oct 14 04:59:54 MDT 2022
| Date         : Tue Aug  6 11:12:09 2024
| Host         : egl running 64-bit Ubuntu 20.04.4 LTS
| Command      : report_utilization -slr -file slr_util_routed.rpt -pb slr_util_routed.pb
| Design       : level0_wrapper
| Device       : xcu55c-fsvh2892-2L-e
| Speed File   : -2L
| Design State : Routed
------------------------------------------------------------------------------------------

Utilization Design Information

Table of Contents
-----------------
1. SLR Connectivity
2. SLR Connectivity Matrix
3. SLR CLB Logic and Dedicated Block Utilization
4. SLR IO Utilization

1. SLR Connectivity
-------------------

+----------------------------------+-------+-------+-----------+-------+
|                                  |  Used | Fixed | Available | Util% |
+----------------------------------+-------+-------+-----------+-------+
| SLR2 <-> SLR1                    |  6694 |       |     23040 | 29.05 |
|   SLR1 -> SLR2                   |  3778 |       |           | 16.40 |
|     Using TX_REG only            |     0 |     0 |           |       |
|     Using RX_REG only            |     0 |     0 |           |       |
|     Using Both TX_REG and RX_REG |     0 |     0 |           |       |
|   SLR2 -> SLR1                   |  2916 |       |           | 12.66 |
|     Using TX_REG only            |     0 |     0 |           |       |
|     Using RX_REG only            |     0 |     0 |           |       |
|     Using Both TX_REG and RX_REG |     0 |     0 |           |       |
| SLR1 <-> SLR0                    |  7546 |       |     23040 | 32.75 |
|   SLR0 -> SLR1                   |  4505 |       |           | 19.55 |
|     Using TX_REG only            |     0 |     0 |           |       |
|     Using RX_REG only            |     0 |     0 |           |       |
|     Using Both TX_REG and RX_REG |     0 |     0 |           |       |
|   SLR1 -> SLR0                   |  3041 |       |           | 13.20 |
|     Using TX_REG only            |     0 |     0 |           |       |
|     Using RX_REG only            |     0 |     0 |           |       |
|     Using Both TX_REG and RX_REG |     0 |     0 |           |       |
+----------------------------------+-------+-------+-----------+-------+
| Total SLLs Used                  | 14240 |       |           |       |
+----------------------------------+-------+-------+-----------+-------+


2. SLR Connectivity Matrix
--------------------------

+-----------+------+------+------+
| FROM \ TO | SLR2 | SLR1 | SLR0 |
+-----------+------+------+------+
| SLR2      |    0 | 2769 |  147 |
| SLR1      | 3691 |    0 | 2894 |
| SLR0      |   87 | 4418 |    0 |
+-----------+------+------+------+


3. SLR CLB Logic and Dedicated Block Utilization
------------------------------------------------

+----------------------------+-------+--------+-------+--------+--------+--------+
|          Site Type         |  SLR0 |  SLR1  |  SLR2 | SLR0 % | SLR1 % | SLR2 % |
+----------------------------+-------+--------+-------+--------+--------+--------+
| CLB                        | 21691 |  27119 | 17596 |  39.47 |  50.22 |  32.59 |
|   CLBL                     | 11193 |  14397 |  9080 |  38.23 |  49.17 |  31.01 |
|   CLBM                     | 10498 |  12722 |  8516 |  40.88 |  51.46 |  34.45 |
| CLB LUTs                   | 94281 | 150749 | 83112 |  21.44 |  34.90 |  19.24 |
|   LUT as Logic             | 88665 | 145674 | 81551 |  20.17 |  33.72 |  18.88 |
|     using O5 output only   |  1733 |   1238 |  1042 |   0.39 |   0.29 |   0.24 |
|     using O6 output only   | 63014 | 107194 | 57957 |  14.33 |  24.81 |  13.42 |
|     using O5 and O6        | 23918 |  37242 | 22552 |   5.44 |   8.62 |   5.22 |
|   LUT as Memory            |  5616 |   5075 |  1561 |   2.73 |   2.57 |   0.79 |
|     LUT as Distributed RAM |  3160 |   3532 |   820 |   1.54 |   1.79 |   0.41 |
|       using O5 output only |     0 |      0 |     0 |   0.00 |   0.00 |   0.00 |
|       using O6 output only |   256 |    386 |     4 |   0.12 |   0.20 |  <0.01 |
|       using O5 and O6      |  2904 |   3146 |   816 |   1.41 |   1.59 |   0.41 |
|     LUT as Shift Register  |  2456 |   1543 |   741 |   1.20 |   0.78 |   0.37 |
|       using O5 output only |     0 |      0 |     0 |   0.00 |   0.00 |   0.00 |
|       using O6 output only |  1673 |   1283 |   698 |   0.81 |   0.65 |   0.35 |
|       using O5 and O6      |   783 |    260 |    43 |   0.38 |   0.13 |   0.02 |
| CLB Registers              | 98578 | 105972 | 56234 |  11.21 |  12.27 |   6.51 |
| CARRY8                     |  6577 |  11398 |  7676 |  11.97 |  21.11 |  14.21 |
| F7 Muxes                   |  1433 |   1424 |   467 |   0.65 |   0.66 |   0.22 |
| F8 Muxes                   |   202 |    260 |    15 |   0.18 |   0.24 |   0.01 |
| F9 Muxes                   |     0 |      0 |     0 |   0.00 |   0.00 |   0.00 |
| Block RAM Tile             |   374 |    570 |   512 |  55.65 |  84.82 |  76.19 |
|   RAMB36/FIFO              |   368 |    567 |   506 |  54.76 |  84.38 |  75.30 |
|   RAMB18                   |    12 |      6 |    12 |   0.89 |   0.45 |   0.89 |
| URAM                       |     0 |      0 |     0 |   0.00 |   0.00 |   0.00 |
| DSPs                       |  1079 |   1870 |  1371 |  37.47 |  60.87 |  44.63 |
| Unique Control Sets        |  3152 |   3856 |  1401 |   2.87 |   3.57 |   1.30 |
+----------------------------+-------+--------+-------+--------+--------+--------+
* Note: Available Control Sets based on CLB Registers / 8


4. SLR IO Utilization
---------------------

+-----------+-----------+---------+------------+----------+------------+----------+-----+
| SLR Index | Used IOBs | (%)IOBs | Used IPADs | (%)IPADs | Used OPADs | (%)OPADs | GTs |
+-----------+-----------+---------+------------+----------+------------+----------+-----+
| SLR2      |         0 |    0.00 |          0 |     0.00 |          0 |     0.00 |   0 |
| SLR1      |         0 |    0.00 |          0 |     0.00 |          0 |     0.00 |   0 |
| SLR0      |        12 |    5.77 |          0 |     0.00 |          0 |     0.00 |  16 |
+-----------+-----------+---------+------------+----------+------------+----------+-----+
| Total     |        12 |         |          0 |          |          0 |          |  16 |
+-----------+-----------+---------+------------+----------+------------+----------+-----+


