Copyright 1986-2022 Xilinx, Inc. All Rights Reserved.
----------------------------------------------------------------------------------------------------------------------------------------------------------------------------------------------------------------------------------------------------------------------------------------------------------------------------------------------------------------------------------------------------
| Tool Version : Vivado v.2022.2 (lin64) Build 3671981 Fri Oct 14 04:59:54 MDT 2022
| Date         : Fri Aug  2 21:47:27 2024
| Host         : egl running 64-bit Ubuntu 20.04.4 LTS
| Command      : report_accelerator_utilization -kernels { kernel_wrapper:level0_i/ulp/kernel_wrapper_1/inst:kernel_wrapper_1 kernel_wrapper:level0_i/ulp/kernel_wrapper_2/inst:kernel_wrapper_2 kernel_wrapper:level0_i/ulp/kernel_wrapper_3/inst:kernel_wrapper_3 kernel_wrapper:level0_i/ulp/kernel_wrapper_4/inst:kernel_wrapper_4} -file kernel_util_placed.rpt -name kernel_util_placed -json
| Design       : level0_wrapper
| Device       : xcu55c
| Design State : Fully Placed
----------------------------------------------------------------------------------------------------------------------------------------------------------------------------------------------------------------------------------------------------------------------------------------------------------------------------------------------------------------------------------------------------

Accelerator Utilization Design Information

Table of Contents
-----------------
1. System Utilization

1. System Utilization
---------------------

+---------------------+-------------------+------------------+-------------------+----------------+---------------+----------------+
| Name                | LUT               | LUTAsMem         | REG               | BRAM           | URAM          | DSP            |
+---------------------+-------------------+------------------+-------------------+----------------+---------------+----------------+
| Platform            |  127353 [  9.77%] |   9787 [  1.63%] |  175642 [  6.74%] |  200 [  9.92%] |   0 [  0.00%] |    4 [  0.04%] |
| User Budget         | 1176327 [100.00%] | 591173 [100.00%] | 2431718 [100.00%] | 1816 [100.00%] | 960 [100.00%] | 9020 [100.00%] |
|    Used Resources   |  365393 [ 31.06%] |   7784 [  1.32%] |  137716 [  5.66%] |   88 [  4.85%] |   0 [  0.00%] | 3048 [ 33.79%] |
|    Unused Resources |  810934 [ 68.94%] | 583389 [ 98.68%] | 2294002 [ 94.34%] | 1728 [ 95.15%] | 960 [100.00%] | 5972 [ 66.21%] |
| kernel_wrapper      |  365393 [ 31.06%] |   7784 [  1.32%] |  137716 [  5.66%] |   88 [  4.85%] |   0 [  0.00%] | 3048 [ 33.79%] |
|    kernel_wrapper_1 |   91348 [  7.77%] |   1946 [  0.33%] |   34532 [  1.42%] |   22 [  1.21%] |   0 [  0.00%] |  762 [  8.45%] |
|    kernel_wrapper_2 |   91408 [  7.77%] |   1946 [  0.33%] |   34436 [  1.42%] |   22 [  1.21%] |   0 [  0.00%] |  762 [  8.45%] |
|    kernel_wrapper_3 |   91617 [  7.79%] |   1946 [  0.33%] |   34470 [  1.42%] |   22 [  1.21%] |   0 [  0.00%] |  762 [  8.45%] |
|    kernel_wrapper_4 |   91020 [  7.74%] |   1946 [  0.33%] |   34278 [  1.41%] |   22 [  1.21%] |   0 [  0.00%] |  762 [  8.45%] |
+---------------------+-------------------+------------------+-------------------+----------------+---------------+----------------+


