Copyright 1986-2022 Xilinx, Inc. All Rights Reserved.
----------------------------------------------------------------------------------------------------------------------------------------------------------------------------------------------------------------------------------------------------------------------------------------------------------------------------------------------------------------------------------------------------
| Tool Version : Vivado v.2022.2 (lin64) Build 3671981 Fri Oct 14 04:59:54 MDT 2022
| Date         : Thu Jul  4 21:13:26 2024
| Host         : egl running 64-bit Ubuntu 20.04.4 LTS
| Command      : report_accelerator_utilization -kernels { kernel_wrapper:level0_i/ulp/kernel_wrapper_1/inst:kernel_wrapper_1 kernel_wrapper:level0_i/ulp/kernel_wrapper_2/inst:kernel_wrapper_2 kernel_wrapper:level0_i/ulp/kernel_wrapper_3/inst:kernel_wrapper_3 kernel_wrapper:level0_i/ulp/kernel_wrapper_4/inst:kernel_wrapper_4} -file kernel_util_placed.rpt -name kernel_util_placed -json
| Design       : level0_wrapper
| Device       : xcu55c
| Design State : Fully Placed
----------------------------------------------------------------------------------------------------------------------------------------------------------------------------------------------------------------------------------------------------------------------------------------------------------------------------------------------------------------------------------------------------

Accelerator Utilization Design Information

Table of Contents
-----------------
1. System Utilization

1. System Utilization
---------------------

+---------------------+-------------------+------------------+-------------------+----------------+---------------+----------------+
| Name                | LUT               | LUTAsMem         | REG               | BRAM           | URAM          | DSP            |
+---------------------+-------------------+------------------+-------------------+----------------+---------------+----------------+
| Platform            |  127367 [  9.77%] |   9788 [  1.63%] |  175644 [  6.74%] |  200 [  9.92%] |   0 [  0.00%] |    4 [  0.04%] |
| User Budget         | 1176313 [100.00%] | 591172 [100.00%] | 2431716 [100.00%] | 1816 [100.00%] | 960 [100.00%] | 9020 [100.00%] |
|    Used Resources   |  362662 [ 30.83%] |   7780 [  1.32%] |  135124 [  5.56%] |   88 [  4.85%] |   0 [  0.00%] | 3064 [ 33.97%] |
|    Unused Resources |  813651 [ 69.17%] | 583392 [ 98.68%] | 2296592 [ 94.44%] | 1728 [ 95.15%] | 960 [100.00%] | 5956 [ 66.03%] |
| kernel_wrapper      |  362662 [ 30.83%] |   7780 [  1.32%] |  135124 [  5.56%] |   88 [  4.85%] |   0 [  0.00%] | 3064 [ 33.97%] |
|    kernel_wrapper_1 |   90877 [  7.73%] |   1945 [  0.33%] |   34142 [  1.40%] |   22 [  1.21%] |   0 [  0.00%] |  766 [  8.49%] |
|    kernel_wrapper_2 |   90905 [  7.73%] |   1945 [  0.33%] |   33818 [  1.39%] |   22 [  1.21%] |   0 [  0.00%] |  766 [  8.49%] |
|    kernel_wrapper_3 |   90756 [  7.72%] |   1945 [  0.33%] |   33732 [  1.39%] |   22 [  1.21%] |   0 [  0.00%] |  766 [  8.49%] |
|    kernel_wrapper_4 |   90124 [  7.66%] |   1945 [  0.33%] |   33432 [  1.37%] |   22 [  1.21%] |   0 [  0.00%] |  766 [  8.49%] |
+---------------------+-------------------+------------------+-------------------+----------------+---------------+----------------+


