Copyright 1986-2022 Xilinx, Inc. All Rights Reserved.
------------------------------------------------------------------------------------------
| Tool Version : Vivado v.2022.2 (lin64) Build 3671981 Fri Oct 14 04:59:54 MDT 2022
| Date         : Sat Aug  3 00:03:56 2024
| Host         : egl running 64-bit Ubuntu 20.04.4 LTS
| Command      : report_utilization -slr -file slr_util_routed.rpt -pb slr_util_routed.pb
| Design       : level0_wrapper
| Device       : xcu55c-fsvh2892-2L-e
| Speed File   : -2L
| Design State : Routed
------------------------------------------------------------------------------------------

Utilization Design Information

Table of Contents
-----------------
1. SLR Connectivity
2. SLR Connectivity Matrix
3. SLR CLB Logic and Dedicated Block Utilization
4. SLR IO Utilization

1. SLR Connectivity
-------------------

+----------------------------------+-------+-------+-----------+-------+
|                                  |  Used | Fixed | Available | Util% |
+----------------------------------+-------+-------+-----------+-------+
| SLR2 <-> SLR1                    |  5676 |       |     23040 | 24.64 |
|   SLR1 -> SLR2                   |  2872 |       |           | 12.47 |
|     Using TX_REG only            |     0 |     0 |           |       |
|     Using RX_REG only            |     0 |     0 |           |       |
|     Using Both TX_REG and RX_REG |     0 |     0 |           |       |
|   SLR2 -> SLR1                   |  2804 |       |           | 12.17 |
|     Using TX_REG only            |     0 |     0 |           |       |
|     Using RX_REG only            |     0 |     0 |           |       |
|     Using Both TX_REG and RX_REG |     0 |     0 |           |       |
| SLR1 <-> SLR0                    |  6252 |       |     23040 | 27.14 |
|   SLR0 -> SLR1                   |  3173 |       |           | 13.77 |
|     Using TX_REG only            |     0 |     0 |           |       |
|     Using RX_REG only            |     0 |     0 |           |       |
|     Using Both TX_REG and RX_REG |     0 |     0 |           |       |
|   SLR1 -> SLR0                   |  3079 |       |           | 13.36 |
|     Using TX_REG only            |     0 |     0 |           |       |
|     Using RX_REG only            |     0 |     0 |           |       |
|     Using Both TX_REG and RX_REG |     0 |     0 |           |       |
+----------------------------------+-------+-------+-----------+-------+
| Total SLLs Used                  | 11928 |       |           |       |
+----------------------------------+-------+-------+-----------+-------+


2. SLR Connectivity Matrix
--------------------------

+-----------+------+------+------+
| FROM \ TO | SLR2 | SLR1 | SLR0 |
+-----------+------+------+------+
| SLR2      |    0 | 2629 |  175 |
| SLR1      | 2795 |    0 | 2904 |
| SLR0      |   77 | 3096 |    0 |
+-----------+------+------+------+


3. SLR CLB Logic and Dedicated Block Utilization
------------------------------------------------

+----------------------------+--------+--------+--------+--------+--------+--------+
|          Site Type         |  SLR0  |  SLR1  |  SLR2  | SLR0 % | SLR1 % | SLR2 % |
+----------------------------+--------+--------+--------+--------+--------+--------+
| CLB                        |  43046 |  28800 |  23552 |  78.32 |  53.33 |  43.61 |
|   CLBL                     |  22747 |  15508 |  12419 |  77.69 |  52.96 |  42.41 |
|   CLBM                     |  20299 |  13292 |  11133 |  79.05 |  53.77 |  45.04 |
| CLB LUTs                   | 220968 | 155278 | 116478 |  50.26 |  35.94 |  26.96 |
|   LUT as Logic             | 212501 | 149644 | 113008 |  48.33 |  34.64 |  26.16 |
|     using O5 output only   |   1650 |   1164 |    621 |   0.38 |   0.27 |   0.14 |
|     using O6 output only   | 153252 | 110148 |  81786 |  34.86 |  25.50 |  18.93 |
|     using O5 and O6        |  57599 |  38332 |  30601 |  13.10 |   8.87 |   7.08 |
|   LUT as Memory            |   8467 |   5634 |   3470 |   4.12 |   2.85 |   1.75 |
|     LUT as Distributed RAM |   3888 |   4176 |   1464 |   1.89 |   2.11 |   0.74 |
|       using O5 output only |      0 |      0 |      0 |   0.00 |   0.00 |   0.00 |
|       using O6 output only |    584 |    558 |    176 |   0.28 |   0.28 |   0.09 |
|       using O5 and O6      |   3304 |   3618 |   1288 |   1.61 |   1.83 |   0.65 |
|     LUT as Shift Register  |   4579 |   1458 |   2006 |   2.23 |   0.74 |   1.01 |
|       using O5 output only |      0 |      0 |      0 |   0.00 |   0.00 |   0.00 |
|       using O6 output only |   3721 |   1329 |   1898 |   1.81 |   0.67 |   0.96 |
|       using O5 and O6      |    858 |    129 |    108 |   0.42 |   0.07 |   0.05 |
| CLB Registers              | 135117 | 109363 |  69363 |  15.37 |  12.66 |   8.03 |
| CARRY8                     |  29064 |  15034 |  14465 |  52.88 |  27.84 |  26.79 |
| F7 Muxes                   |   1224 |   1622 |    566 |   0.56 |   0.75 |   0.26 |
| F8 Muxes                   |    191 |    266 |      0 |   0.17 |   0.25 |   0.00 |
| F9 Muxes                   |      0 |      0 |      0 |   0.00 |   0.00 |   0.00 |
| Block RAM Tile             |    101 |  116.5 |   72.5 |  15.03 |  17.34 |  10.79 |
|   RAMB36/FIFO              |     87 |    111 |     67 |  12.95 |  16.52 |   9.97 |
|   RAMB18                   |     28 |     11 |     11 |   2.08 |   0.82 |   0.82 |
| URAM                       |      0 |      0 |      0 |   0.00 |   0.00 |   0.00 |
| DSPs                       |   1524 |    762 |    766 |  52.92 |  24.80 |  24.93 |
| Unique Control Sets        |   3566 |   4023 |   1636 |   3.24 |   3.73 |   1.51 |
+----------------------------+--------+--------+--------+--------+--------+--------+
* Note: Available Control Sets based on CLB Registers / 8


4. SLR IO Utilization
---------------------

+-----------+-----------+---------+------------+----------+------------+----------+-----+
| SLR Index | Used IOBs | (%)IOBs | Used IPADs | (%)IPADs | Used OPADs | (%)OPADs | GTs |
+-----------+-----------+---------+------------+----------+------------+----------+-----+
| SLR2      |         0 |    0.00 |          0 |     0.00 |          0 |     0.00 |   0 |
| SLR1      |         0 |    0.00 |          0 |     0.00 |          0 |     0.00 |   0 |
| SLR0      |        12 |    5.77 |          0 |     0.00 |          0 |     0.00 |  16 |
+-----------+-----------+---------+------------+----------+------------+----------+-----+
| Total     |        12 |         |          0 |          |          0 |          |  16 |
+-----------+-----------+---------+------------+----------+------------+----------+-----+


