Copyright 1986-2022 Xilinx, Inc. All Rights Reserved.
------------------------------------------------------------------------------------------------------------------------------------------------------------------------------------------------------------------------------------------------------------------------------------------------------------------------------------------------------------------------------------------------------
| Tool Version : Vivado v.2022.2 (lin64) Build 3671981 Fri Oct 14 04:59:54 MDT 2022
| Date         : Fri Aug  2 20:30:31 2024
| Host         : egl running 64-bit Ubuntu 20.04.4 LTS
| Command      : report_accelerator_utilization -kernels { kernel_wrapper:level0_i/ulp/kernel_wrapper_1/inst:kernel_wrapper_1 kernel_wrapper:level0_i/ulp/kernel_wrapper_2/inst:kernel_wrapper_2 kernel_wrapper:level0_i/ulp/kernel_wrapper_3/inst:kernel_wrapper_3 kernel_wrapper:level0_i/ulp/kernel_wrapper_4/inst:kernel_wrapper_4} -file kernel_util_synthed.rpt -name kernel_util_synthed -json
| Design       : level0_wrapper
| Device       : xcu55c
| Design State : Synthesized
------------------------------------------------------------------------------------------------------------------------------------------------------------------------------------------------------------------------------------------------------------------------------------------------------------------------------------------------------------------------------------------------------

Accelerator Utilization Design Information

Table of Contents
-----------------
1. System Utilization

1. System Utilization
---------------------

+---------------------+-------------------+------------------+-------------------+----------------+---------------+----------------+
| Name                | LUT               | LUTAsMem         | REG               | BRAM           | URAM          | DSP            |
+---------------------+-------------------+------------------+-------------------+----------------+---------------+----------------+
| Platform            |  143514 [ 11.01%] |  11390 [  1.90%] |  182654 [  7.01%] |  200 [  9.92%] |   0 [  0.00%] |    4 [  0.04%] |
| User Budget         | 1160166 [100.00%] | 589570 [100.00%] | 2424706 [100.00%] | 1816 [100.00%] | 960 [100.00%] | 9020 [100.00%] |
|    Used Resources   |  407372 [ 35.11%] |  10148 [  1.72%] |  141708 [  5.84%] |   88 [  4.85%] |   0 [  0.00%] | 3048 [ 33.79%] |
|    Unused Resources |  752794 [ 64.89%] | 579422 [ 98.28%] | 2282998 [ 94.16%] | 1728 [ 95.15%] | 960 [100.00%] | 5972 [ 66.21%] |
| kernel_wrapper      |  407372 [ 35.11%] |  10148 [  1.72%] |  141708 [  5.84%] |   88 [  4.85%] |   0 [  0.00%] | 3048 [ 33.79%] |
|    kernel_wrapper_1 |  101843 [  8.78%] |   2537 [  0.43%] |   35427 [  1.46%] |   22 [  1.21%] |   0 [  0.00%] |  762 [  8.45%] |
|    kernel_wrapper_2 |  101843 [  8.78%] |   2537 [  0.43%] |   35427 [  1.46%] |   22 [  1.21%] |   0 [  0.00%] |  762 [  8.45%] |
|    kernel_wrapper_3 |  101843 [  8.78%] |   2537 [  0.43%] |   35427 [  1.46%] |   22 [  1.21%] |   0 [  0.00%] |  762 [  8.45%] |
|    kernel_wrapper_4 |  101843 [  8.78%] |   2537 [  0.43%] |   35427 [  1.46%] |   22 [  1.21%] |   0 [  0.00%] |  762 [  8.45%] |
+---------------------+-------------------+------------------+-------------------+----------------+---------------+----------------+


