Copyright 1986-2022 Xilinx, Inc. All Rights Reserved.
------------------------------------------------------------------------------------------------------------------------------------------------------------------------------------------------------------------------------------------------------------------------------------------------------------------------------------------------------------------------------------------------------
| Tool Version : Vivado v.2022.2 (lin64) Build 3671981 Fri Oct 14 04:59:54 MDT 2022
| Date         : Thu Aug  1 19:14:41 2024
| Host         : egl running 64-bit Ubuntu 20.04.4 LTS
| Command      : report_accelerator_utilization -kernels { kernel_wrapper:level0_i/ulp/kernel_wrapper_1/inst:kernel_wrapper_1 kernel_wrapper:level0_i/ulp/kernel_wrapper_2/inst:kernel_wrapper_2 kernel_wrapper:level0_i/ulp/kernel_wrapper_3/inst:kernel_wrapper_3 kernel_wrapper:level0_i/ulp/kernel_wrapper_4/inst:kernel_wrapper_4} -file kernel_util_synthed.rpt -name kernel_util_synthed -json
| Design       : level0_wrapper
| Device       : xcu55c
| Design State : Synthesized
------------------------------------------------------------------------------------------------------------------------------------------------------------------------------------------------------------------------------------------------------------------------------------------------------------------------------------------------------------------------------------------------------

Accelerator Utilization Design Information

Table of Contents
-----------------
1. System Utilization

1. System Utilization
---------------------

+---------------------+-------------------+------------------+-------------------+----------------+---------------+----------------+
| Name                | LUT               | LUTAsMem         | REG               | BRAM           | URAM          | DSP            |
+---------------------+-------------------+------------------+-------------------+----------------+---------------+----------------+
| Platform            |  143786 [ 11.03%] |  11930 [  1.99%] |  185714 [  7.12%] |  200 [  9.92%] |   0 [  0.00%] |    4 [  0.04%] |
| User Budget         | 1159894 [100.00%] | 589030 [100.00%] | 2421646 [100.00%] | 1816 [100.00%] | 960 [100.00%] | 9020 [100.00%] |
|    Used Resources   |  182112 [ 15.70%] |   2364 [  0.40%] |   72884 [  3.01%] | 1252 [ 68.94%] |   0 [  0.00%] | 4316 [ 47.85%] |
|    Unused Resources |  977782 [ 84.30%] | 586666 [ 99.60%] | 2348762 [ 96.99%] |  564 [ 31.06%] | 960 [100.00%] | 4704 [ 52.15%] |
| kernel_wrapper      |  182112 [ 15.70%] |   2364 [  0.40%] |   72884 [  3.01%] | 1252 [ 68.94%] |   0 [  0.00%] | 4316 [ 47.85%] |
|    kernel_wrapper_1 |   45528 [  3.93%] |    591 [  0.10%] |   18221 [  0.75%] |  313 [ 17.24%] |   0 [  0.00%] | 1079 [ 11.96%] |
|    kernel_wrapper_2 |   45528 [  3.93%] |    591 [  0.10%] |   18221 [  0.75%] |  313 [ 17.24%] |   0 [  0.00%] | 1079 [ 11.96%] |
|    kernel_wrapper_3 |   45528 [  3.93%] |    591 [  0.10%] |   18221 [  0.75%] |  313 [ 17.24%] |   0 [  0.00%] | 1079 [ 11.96%] |
|    kernel_wrapper_4 |   45528 [  3.93%] |    591 [  0.10%] |   18221 [  0.75%] |  313 [ 17.24%] |   0 [  0.00%] | 1079 [ 11.96%] |
+---------------------+-------------------+------------------+-------------------+----------------+---------------+----------------+


