

================================================================
== Vitis HLS Report for 'normalize_array_ap_fixed_64u_array_ap_fixed_16_6_5_3_0_64u_config21_s'
================================================================
* Date:           Fri Aug  2 18:49:45 2024

* Version:        2022.2 (Build 3670227 on Oct 13 2022)
* Project:        kernel_wrapper
* Solution:       solution (Vitis Kernel Flow Target)
* Product family: virtexuplus
* Target device:  xcu55c-fsvh2892-2L-e


================================================================
== Performance Estimates
================================================================
+ Timing: 
    * Summary: 
    +--------+---------+----------+------------+
    |  Clock |  Target | Estimated| Uncertainty|
    +--------+---------+----------+------------+
    |ap_clk  |  5.00 ns|  3.275 ns|     1.35 ns|
    +--------+---------+----------+------------+

+ Latency: 
    * Summary: 
    +---------+---------+----------+----------+-----+-----+---------+
    |  Latency (cycles) |  Latency (absolute) |  Interval | Pipeline|
    |   min   |   max   |    min   |    max   | min | max |   Type  |
    +---------+---------+----------+----------+-----+-----+---------+
    |        1|        1|  5.000 ns|  5.000 ns|    1|    1|       no|
    +---------+---------+----------+----------+-----+-----+---------+

    + Detail: 
        * Instance: 
        N/A

        * Loop: 
        N/A

============================================================
+ Verbose Summary: Synthesis Manager
============================================================
InlineROM: 1
ExposeGlobal: 0
============================================================
+ Verbose Summary: CDFG Model
============================================================
IsTopModel: 0
ResetActiveHigh: 1
IsCombinational: 2
IsDatapathOnly: 0
HasWiredReturn: 1
HasMFsm: 0
HasVarLatency: 1
IsPipeline: 0
IsRtlPipelined: 0
IsInstanceOverlapped: 0
IsDontTouch: 0
HasImplIP: 0
IsGatedGlobalClock: 0


============================================================
+ Verbose Summary: Schedule
============================================================
* Number of FSM states : 2
* Pipeline : 0
* Dataflow Pipeline: 0

* FSM state transitions: 
1 --> 2 
2 --> 

* FSM state operations: 

State 1 <SV = 0> <Delay = 3.27>
ST_1 : Operation 3 [1/1] (1.33ns)   --->   "%layer19_out_read = read i1024 @_ssdm_op_Read.ap_fifo.volatile.i1024P0A, i1024 %layer19_out" [/home/ayvol/vitis-accel-CNN/vitis_accel_prj/firmware/nnet_utils/nnet_batchnorm_stream.h:28]   --->   Operation 3 'read' 'layer19_out_read' <Predicate = true> <Delay = 1.33> <CoreInst = "FIFO_SRL">   --->   Core 81 'FIFO_SRL' <Latency = 0> <II = 1> <Delay = 1.33> <Storage> <Opcode : 'read' 'write' 'nbread' 'nbwrite'> <Ports = 0> <Width = 1024> <Depth = 1> <FIFO>
ST_1 : Operation 4 [1/1] (0.00ns)   --->   "%a_V = trunc i1024 %layer19_out_read" [/home/ayvol/vitis-accel-CNN/vitis_accel_prj/firmware/nnet_utils/nnet_batchnorm_stream.h:28]   --->   Operation 4 'trunc' 'a_V' <Predicate = true> <Delay = 0.00>
ST_1 : Operation 5 [1/1] (0.00ns)   --->   "%a_V_61 = partselect i16 @_ssdm_op_PartSelect.i16.i1024.i32.i32, i1024 %layer19_out_read, i32 992, i32 1007" [/home/ayvol/vitis-accel-CNN/vitis_accel_prj/firmware/nnet_utils/nnet_batchnorm_stream.h:28]   --->   Operation 5 'partselect' 'a_V_61' <Predicate = true> <Delay = 0.00>
ST_1 : Operation 6 [1/1] (0.00ns)   --->   "%a_V_62 = partselect i16 @_ssdm_op_PartSelect.i16.i1024.i32.i32, i1024 %layer19_out_read, i32 1008, i32 1023" [/home/ayvol/vitis-accel-CNN/vitis_accel_prj/firmware/nnet_utils/nnet_batchnorm_stream.h:28]   --->   Operation 6 'partselect' 'a_V_62' <Predicate = true> <Delay = 0.00>
ST_1 : Operation 7 [1/1] (0.00ns)   --->   "%a_V_1 = partselect i16 @_ssdm_op_PartSelect.i16.i1024.i32.i32, i1024 %layer19_out_read, i32 16, i32 31" [/home/ayvol/vitis-accel-CNN/vitis_accel_prj/firmware/nnet_utils/nnet_batchnorm_stream.h:28]   --->   Operation 7 'partselect' 'a_V_1' <Predicate = true> <Delay = 0.00>
ST_1 : Operation 8 [1/1] (0.00ns)   --->   "%a_V_2 = partselect i16 @_ssdm_op_PartSelect.i16.i1024.i32.i32, i1024 %layer19_out_read, i32 32, i32 47" [/home/ayvol/vitis-accel-CNN/vitis_accel_prj/firmware/nnet_utils/nnet_batchnorm_stream.h:28]   --->   Operation 8 'partselect' 'a_V_2' <Predicate = true> <Delay = 0.00>
ST_1 : Operation 9 [1/1] (0.00ns)   --->   "%a_V_3 = partselect i16 @_ssdm_op_PartSelect.i16.i1024.i32.i32, i1024 %layer19_out_read, i32 48, i32 63" [/home/ayvol/vitis-accel-CNN/vitis_accel_prj/firmware/nnet_utils/nnet_batchnorm_stream.h:28]   --->   Operation 9 'partselect' 'a_V_3' <Predicate = true> <Delay = 0.00>
ST_1 : Operation 10 [1/1] (0.00ns)   --->   "%a_V_4 = partselect i16 @_ssdm_op_PartSelect.i16.i1024.i32.i32, i1024 %layer19_out_read, i32 64, i32 79" [/home/ayvol/vitis-accel-CNN/vitis_accel_prj/firmware/nnet_utils/nnet_batchnorm_stream.h:28]   --->   Operation 10 'partselect' 'a_V_4' <Predicate = true> <Delay = 0.00>
ST_1 : Operation 11 [1/1] (0.00ns)   --->   "%a_V_5 = partselect i16 @_ssdm_op_PartSelect.i16.i1024.i32.i32, i1024 %layer19_out_read, i32 80, i32 95" [/home/ayvol/vitis-accel-CNN/vitis_accel_prj/firmware/nnet_utils/nnet_batchnorm_stream.h:28]   --->   Operation 11 'partselect' 'a_V_5' <Predicate = true> <Delay = 0.00>
ST_1 : Operation 12 [1/1] (0.00ns)   --->   "%a_V_6 = partselect i16 @_ssdm_op_PartSelect.i16.i1024.i32.i32, i1024 %layer19_out_read, i32 96, i32 111" [/home/ayvol/vitis-accel-CNN/vitis_accel_prj/firmware/nnet_utils/nnet_batchnorm_stream.h:28]   --->   Operation 12 'partselect' 'a_V_6' <Predicate = true> <Delay = 0.00>
ST_1 : Operation 13 [1/1] (0.00ns)   --->   "%a_V_7 = partselect i16 @_ssdm_op_PartSelect.i16.i1024.i32.i32, i1024 %layer19_out_read, i32 112, i32 127" [/home/ayvol/vitis-accel-CNN/vitis_accel_prj/firmware/nnet_utils/nnet_batchnorm_stream.h:28]   --->   Operation 13 'partselect' 'a_V_7' <Predicate = true> <Delay = 0.00>
ST_1 : Operation 14 [1/1] (0.00ns)   --->   "%a_V_8 = partselect i16 @_ssdm_op_PartSelect.i16.i1024.i32.i32, i1024 %layer19_out_read, i32 128, i32 143" [/home/ayvol/vitis-accel-CNN/vitis_accel_prj/firmware/nnet_utils/nnet_batchnorm_stream.h:28]   --->   Operation 14 'partselect' 'a_V_8' <Predicate = true> <Delay = 0.00>
ST_1 : Operation 15 [1/1] (0.00ns)   --->   "%a_V_9 = partselect i16 @_ssdm_op_PartSelect.i16.i1024.i32.i32, i1024 %layer19_out_read, i32 144, i32 159" [/home/ayvol/vitis-accel-CNN/vitis_accel_prj/firmware/nnet_utils/nnet_batchnorm_stream.h:28]   --->   Operation 15 'partselect' 'a_V_9' <Predicate = true> <Delay = 0.00>
ST_1 : Operation 16 [1/1] (0.00ns)   --->   "%a_V_10 = partselect i16 @_ssdm_op_PartSelect.i16.i1024.i32.i32, i1024 %layer19_out_read, i32 160, i32 175" [/home/ayvol/vitis-accel-CNN/vitis_accel_prj/firmware/nnet_utils/nnet_batchnorm_stream.h:28]   --->   Operation 16 'partselect' 'a_V_10' <Predicate = true> <Delay = 0.00>
ST_1 : Operation 17 [1/1] (0.00ns)   --->   "%a_V_11 = partselect i16 @_ssdm_op_PartSelect.i16.i1024.i32.i32, i1024 %layer19_out_read, i32 176, i32 191" [/home/ayvol/vitis-accel-CNN/vitis_accel_prj/firmware/nnet_utils/nnet_batchnorm_stream.h:28]   --->   Operation 17 'partselect' 'a_V_11' <Predicate = true> <Delay = 0.00>
ST_1 : Operation 18 [1/1] (0.00ns)   --->   "%a_V_12 = partselect i16 @_ssdm_op_PartSelect.i16.i1024.i32.i32, i1024 %layer19_out_read, i32 192, i32 207" [/home/ayvol/vitis-accel-CNN/vitis_accel_prj/firmware/nnet_utils/nnet_batchnorm_stream.h:28]   --->   Operation 18 'partselect' 'a_V_12' <Predicate = true> <Delay = 0.00>
ST_1 : Operation 19 [1/1] (0.00ns)   --->   "%a_V_13 = partselect i16 @_ssdm_op_PartSelect.i16.i1024.i32.i32, i1024 %layer19_out_read, i32 208, i32 223" [/home/ayvol/vitis-accel-CNN/vitis_accel_prj/firmware/nnet_utils/nnet_batchnorm_stream.h:28]   --->   Operation 19 'partselect' 'a_V_13' <Predicate = true> <Delay = 0.00>
ST_1 : Operation 20 [1/1] (0.00ns)   --->   "%a_V_14 = partselect i16 @_ssdm_op_PartSelect.i16.i1024.i32.i32, i1024 %layer19_out_read, i32 224, i32 239" [/home/ayvol/vitis-accel-CNN/vitis_accel_prj/firmware/nnet_utils/nnet_batchnorm_stream.h:28]   --->   Operation 20 'partselect' 'a_V_14' <Predicate = true> <Delay = 0.00>
ST_1 : Operation 21 [1/1] (0.00ns)   --->   "%a_V_15 = partselect i16 @_ssdm_op_PartSelect.i16.i1024.i32.i32, i1024 %layer19_out_read, i32 240, i32 255" [/home/ayvol/vitis-accel-CNN/vitis_accel_prj/firmware/nnet_utils/nnet_batchnorm_stream.h:28]   --->   Operation 21 'partselect' 'a_V_15' <Predicate = true> <Delay = 0.00>
ST_1 : Operation 22 [1/1] (0.00ns)   --->   "%a_V_16 = partselect i16 @_ssdm_op_PartSelect.i16.i1024.i32.i32, i1024 %layer19_out_read, i32 256, i32 271" [/home/ayvol/vitis-accel-CNN/vitis_accel_prj/firmware/nnet_utils/nnet_batchnorm_stream.h:28]   --->   Operation 22 'partselect' 'a_V_16' <Predicate = true> <Delay = 0.00>
ST_1 : Operation 23 [1/1] (0.00ns)   --->   "%a_V_17 = partselect i16 @_ssdm_op_PartSelect.i16.i1024.i32.i32, i1024 %layer19_out_read, i32 272, i32 287" [/home/ayvol/vitis-accel-CNN/vitis_accel_prj/firmware/nnet_utils/nnet_batchnorm_stream.h:28]   --->   Operation 23 'partselect' 'a_V_17' <Predicate = true> <Delay = 0.00>
ST_1 : Operation 24 [1/1] (0.00ns)   --->   "%a_V_18 = partselect i16 @_ssdm_op_PartSelect.i16.i1024.i32.i32, i1024 %layer19_out_read, i32 288, i32 303" [/home/ayvol/vitis-accel-CNN/vitis_accel_prj/firmware/nnet_utils/nnet_batchnorm_stream.h:28]   --->   Operation 24 'partselect' 'a_V_18' <Predicate = true> <Delay = 0.00>
ST_1 : Operation 25 [1/1] (0.00ns)   --->   "%a_V_19 = partselect i16 @_ssdm_op_PartSelect.i16.i1024.i32.i32, i1024 %layer19_out_read, i32 304, i32 319" [/home/ayvol/vitis-accel-CNN/vitis_accel_prj/firmware/nnet_utils/nnet_batchnorm_stream.h:28]   --->   Operation 25 'partselect' 'a_V_19' <Predicate = true> <Delay = 0.00>
ST_1 : Operation 26 [1/1] (0.00ns)   --->   "%a_V_20 = partselect i16 @_ssdm_op_PartSelect.i16.i1024.i32.i32, i1024 %layer19_out_read, i32 320, i32 335" [/home/ayvol/vitis-accel-CNN/vitis_accel_prj/firmware/nnet_utils/nnet_batchnorm_stream.h:28]   --->   Operation 26 'partselect' 'a_V_20' <Predicate = true> <Delay = 0.00>
ST_1 : Operation 27 [1/1] (0.00ns)   --->   "%a_V_21 = partselect i16 @_ssdm_op_PartSelect.i16.i1024.i32.i32, i1024 %layer19_out_read, i32 336, i32 351" [/home/ayvol/vitis-accel-CNN/vitis_accel_prj/firmware/nnet_utils/nnet_batchnorm_stream.h:28]   --->   Operation 27 'partselect' 'a_V_21' <Predicate = true> <Delay = 0.00>
ST_1 : Operation 28 [1/1] (0.00ns)   --->   "%a_V_22 = partselect i16 @_ssdm_op_PartSelect.i16.i1024.i32.i32, i1024 %layer19_out_read, i32 352, i32 367" [/home/ayvol/vitis-accel-CNN/vitis_accel_prj/firmware/nnet_utils/nnet_batchnorm_stream.h:28]   --->   Operation 28 'partselect' 'a_V_22' <Predicate = true> <Delay = 0.00>
ST_1 : Operation 29 [1/1] (0.00ns)   --->   "%a_V_23 = partselect i16 @_ssdm_op_PartSelect.i16.i1024.i32.i32, i1024 %layer19_out_read, i32 368, i32 383" [/home/ayvol/vitis-accel-CNN/vitis_accel_prj/firmware/nnet_utils/nnet_batchnorm_stream.h:28]   --->   Operation 29 'partselect' 'a_V_23' <Predicate = true> <Delay = 0.00>
ST_1 : Operation 30 [1/1] (0.00ns)   --->   "%a_V_24 = partselect i16 @_ssdm_op_PartSelect.i16.i1024.i32.i32, i1024 %layer19_out_read, i32 384, i32 399" [/home/ayvol/vitis-accel-CNN/vitis_accel_prj/firmware/nnet_utils/nnet_batchnorm_stream.h:28]   --->   Operation 30 'partselect' 'a_V_24' <Predicate = true> <Delay = 0.00>
ST_1 : Operation 31 [1/1] (0.00ns)   --->   "%a_V_25 = partselect i16 @_ssdm_op_PartSelect.i16.i1024.i32.i32, i1024 %layer19_out_read, i32 400, i32 415" [/home/ayvol/vitis-accel-CNN/vitis_accel_prj/firmware/nnet_utils/nnet_batchnorm_stream.h:28]   --->   Operation 31 'partselect' 'a_V_25' <Predicate = true> <Delay = 0.00>
ST_1 : Operation 32 [1/1] (0.00ns)   --->   "%a_V_26 = partselect i16 @_ssdm_op_PartSelect.i16.i1024.i32.i32, i1024 %layer19_out_read, i32 416, i32 431" [/home/ayvol/vitis-accel-CNN/vitis_accel_prj/firmware/nnet_utils/nnet_batchnorm_stream.h:28]   --->   Operation 32 'partselect' 'a_V_26' <Predicate = true> <Delay = 0.00>
ST_1 : Operation 33 [1/1] (0.00ns)   --->   "%a_V_27 = partselect i16 @_ssdm_op_PartSelect.i16.i1024.i32.i32, i1024 %layer19_out_read, i32 432, i32 447" [/home/ayvol/vitis-accel-CNN/vitis_accel_prj/firmware/nnet_utils/nnet_batchnorm_stream.h:28]   --->   Operation 33 'partselect' 'a_V_27' <Predicate = true> <Delay = 0.00>
ST_1 : Operation 34 [1/1] (0.00ns)   --->   "%a_V_28 = partselect i16 @_ssdm_op_PartSelect.i16.i1024.i32.i32, i1024 %layer19_out_read, i32 448, i32 463" [/home/ayvol/vitis-accel-CNN/vitis_accel_prj/firmware/nnet_utils/nnet_batchnorm_stream.h:28]   --->   Operation 34 'partselect' 'a_V_28' <Predicate = true> <Delay = 0.00>
ST_1 : Operation 35 [1/1] (0.00ns)   --->   "%a_V_29 = partselect i16 @_ssdm_op_PartSelect.i16.i1024.i32.i32, i1024 %layer19_out_read, i32 464, i32 479" [/home/ayvol/vitis-accel-CNN/vitis_accel_prj/firmware/nnet_utils/nnet_batchnorm_stream.h:28]   --->   Operation 35 'partselect' 'a_V_29' <Predicate = true> <Delay = 0.00>
ST_1 : Operation 36 [1/1] (0.00ns)   --->   "%a_V_30 = partselect i16 @_ssdm_op_PartSelect.i16.i1024.i32.i32, i1024 %layer19_out_read, i32 480, i32 495" [/home/ayvol/vitis-accel-CNN/vitis_accel_prj/firmware/nnet_utils/nnet_batchnorm_stream.h:28]   --->   Operation 36 'partselect' 'a_V_30' <Predicate = true> <Delay = 0.00>
ST_1 : Operation 37 [1/1] (0.00ns)   --->   "%a_V_31 = partselect i16 @_ssdm_op_PartSelect.i16.i1024.i32.i32, i1024 %layer19_out_read, i32 496, i32 511" [/home/ayvol/vitis-accel-CNN/vitis_accel_prj/firmware/nnet_utils/nnet_batchnorm_stream.h:28]   --->   Operation 37 'partselect' 'a_V_31' <Predicate = true> <Delay = 0.00>
ST_1 : Operation 38 [1/1] (0.00ns)   --->   "%a_V_32 = partselect i16 @_ssdm_op_PartSelect.i16.i1024.i32.i32, i1024 %layer19_out_read, i32 512, i32 527" [/home/ayvol/vitis-accel-CNN/vitis_accel_prj/firmware/nnet_utils/nnet_batchnorm_stream.h:28]   --->   Operation 38 'partselect' 'a_V_32' <Predicate = true> <Delay = 0.00>
ST_1 : Operation 39 [1/1] (0.00ns)   --->   "%a_V_33 = partselect i16 @_ssdm_op_PartSelect.i16.i1024.i32.i32, i1024 %layer19_out_read, i32 528, i32 543" [/home/ayvol/vitis-accel-CNN/vitis_accel_prj/firmware/nnet_utils/nnet_batchnorm_stream.h:28]   --->   Operation 39 'partselect' 'a_V_33' <Predicate = true> <Delay = 0.00>
ST_1 : Operation 40 [1/1] (0.00ns)   --->   "%a_V_34 = partselect i16 @_ssdm_op_PartSelect.i16.i1024.i32.i32, i1024 %layer19_out_read, i32 544, i32 559" [/home/ayvol/vitis-accel-CNN/vitis_accel_prj/firmware/nnet_utils/nnet_batchnorm_stream.h:28]   --->   Operation 40 'partselect' 'a_V_34' <Predicate = true> <Delay = 0.00>
ST_1 : Operation 41 [1/1] (0.00ns)   --->   "%a_V_35 = partselect i16 @_ssdm_op_PartSelect.i16.i1024.i32.i32, i1024 %layer19_out_read, i32 560, i32 575" [/home/ayvol/vitis-accel-CNN/vitis_accel_prj/firmware/nnet_utils/nnet_batchnorm_stream.h:28]   --->   Operation 41 'partselect' 'a_V_35' <Predicate = true> <Delay = 0.00>
ST_1 : Operation 42 [1/1] (0.00ns)   --->   "%a_V_36 = partselect i16 @_ssdm_op_PartSelect.i16.i1024.i32.i32, i1024 %layer19_out_read, i32 576, i32 591" [/home/ayvol/vitis-accel-CNN/vitis_accel_prj/firmware/nnet_utils/nnet_batchnorm_stream.h:28]   --->   Operation 42 'partselect' 'a_V_36' <Predicate = true> <Delay = 0.00>
ST_1 : Operation 43 [1/1] (0.00ns)   --->   "%a_V_37 = partselect i16 @_ssdm_op_PartSelect.i16.i1024.i32.i32, i1024 %layer19_out_read, i32 592, i32 607" [/home/ayvol/vitis-accel-CNN/vitis_accel_prj/firmware/nnet_utils/nnet_batchnorm_stream.h:28]   --->   Operation 43 'partselect' 'a_V_37' <Predicate = true> <Delay = 0.00>
ST_1 : Operation 44 [1/1] (0.00ns)   --->   "%a_V_38 = partselect i16 @_ssdm_op_PartSelect.i16.i1024.i32.i32, i1024 %layer19_out_read, i32 608, i32 623" [/home/ayvol/vitis-accel-CNN/vitis_accel_prj/firmware/nnet_utils/nnet_batchnorm_stream.h:28]   --->   Operation 44 'partselect' 'a_V_38' <Predicate = true> <Delay = 0.00>
ST_1 : Operation 45 [1/1] (0.00ns)   --->   "%a_V_39 = partselect i16 @_ssdm_op_PartSelect.i16.i1024.i32.i32, i1024 %layer19_out_read, i32 624, i32 639" [/home/ayvol/vitis-accel-CNN/vitis_accel_prj/firmware/nnet_utils/nnet_batchnorm_stream.h:28]   --->   Operation 45 'partselect' 'a_V_39' <Predicate = true> <Delay = 0.00>
ST_1 : Operation 46 [1/1] (0.00ns)   --->   "%a_V_40 = partselect i16 @_ssdm_op_PartSelect.i16.i1024.i32.i32, i1024 %layer19_out_read, i32 640, i32 655" [/home/ayvol/vitis-accel-CNN/vitis_accel_prj/firmware/nnet_utils/nnet_batchnorm_stream.h:28]   --->   Operation 46 'partselect' 'a_V_40' <Predicate = true> <Delay = 0.00>
ST_1 : Operation 47 [1/1] (0.00ns)   --->   "%a_V_41 = partselect i16 @_ssdm_op_PartSelect.i16.i1024.i32.i32, i1024 %layer19_out_read, i32 656, i32 671" [/home/ayvol/vitis-accel-CNN/vitis_accel_prj/firmware/nnet_utils/nnet_batchnorm_stream.h:28]   --->   Operation 47 'partselect' 'a_V_41' <Predicate = true> <Delay = 0.00>
ST_1 : Operation 48 [1/1] (0.00ns)   --->   "%a_V_42 = partselect i16 @_ssdm_op_PartSelect.i16.i1024.i32.i32, i1024 %layer19_out_read, i32 672, i32 687" [/home/ayvol/vitis-accel-CNN/vitis_accel_prj/firmware/nnet_utils/nnet_batchnorm_stream.h:28]   --->   Operation 48 'partselect' 'a_V_42' <Predicate = true> <Delay = 0.00>
ST_1 : Operation 49 [1/1] (0.00ns)   --->   "%a_V_43 = partselect i16 @_ssdm_op_PartSelect.i16.i1024.i32.i32, i1024 %layer19_out_read, i32 688, i32 703" [/home/ayvol/vitis-accel-CNN/vitis_accel_prj/firmware/nnet_utils/nnet_batchnorm_stream.h:28]   --->   Operation 49 'partselect' 'a_V_43' <Predicate = true> <Delay = 0.00>
ST_1 : Operation 50 [1/1] (0.00ns)   --->   "%a_V_44 = partselect i16 @_ssdm_op_PartSelect.i16.i1024.i32.i32, i1024 %layer19_out_read, i32 704, i32 719" [/home/ayvol/vitis-accel-CNN/vitis_accel_prj/firmware/nnet_utils/nnet_batchnorm_stream.h:28]   --->   Operation 50 'partselect' 'a_V_44' <Predicate = true> <Delay = 0.00>
ST_1 : Operation 51 [1/1] (0.00ns)   --->   "%a_V_45 = partselect i16 @_ssdm_op_PartSelect.i16.i1024.i32.i32, i1024 %layer19_out_read, i32 720, i32 735" [/home/ayvol/vitis-accel-CNN/vitis_accel_prj/firmware/nnet_utils/nnet_batchnorm_stream.h:28]   --->   Operation 51 'partselect' 'a_V_45' <Predicate = true> <Delay = 0.00>
ST_1 : Operation 52 [1/1] (0.00ns)   --->   "%a_V_46 = partselect i16 @_ssdm_op_PartSelect.i16.i1024.i32.i32, i1024 %layer19_out_read, i32 736, i32 751" [/home/ayvol/vitis-accel-CNN/vitis_accel_prj/firmware/nnet_utils/nnet_batchnorm_stream.h:28]   --->   Operation 52 'partselect' 'a_V_46' <Predicate = true> <Delay = 0.00>
ST_1 : Operation 53 [1/1] (0.00ns)   --->   "%a_V_47 = partselect i16 @_ssdm_op_PartSelect.i16.i1024.i32.i32, i1024 %layer19_out_read, i32 752, i32 767" [/home/ayvol/vitis-accel-CNN/vitis_accel_prj/firmware/nnet_utils/nnet_batchnorm_stream.h:28]   --->   Operation 53 'partselect' 'a_V_47' <Predicate = true> <Delay = 0.00>
ST_1 : Operation 54 [1/1] (0.00ns)   --->   "%a_V_48 = partselect i16 @_ssdm_op_PartSelect.i16.i1024.i32.i32, i1024 %layer19_out_read, i32 768, i32 783" [/home/ayvol/vitis-accel-CNN/vitis_accel_prj/firmware/nnet_utils/nnet_batchnorm_stream.h:28]   --->   Operation 54 'partselect' 'a_V_48' <Predicate = true> <Delay = 0.00>
ST_1 : Operation 55 [1/1] (0.00ns)   --->   "%a_V_49 = partselect i16 @_ssdm_op_PartSelect.i16.i1024.i32.i32, i1024 %layer19_out_read, i32 784, i32 799" [/home/ayvol/vitis-accel-CNN/vitis_accel_prj/firmware/nnet_utils/nnet_batchnorm_stream.h:28]   --->   Operation 55 'partselect' 'a_V_49' <Predicate = true> <Delay = 0.00>
ST_1 : Operation 56 [1/1] (0.00ns)   --->   "%a_V_50 = partselect i16 @_ssdm_op_PartSelect.i16.i1024.i32.i32, i1024 %layer19_out_read, i32 800, i32 815" [/home/ayvol/vitis-accel-CNN/vitis_accel_prj/firmware/nnet_utils/nnet_batchnorm_stream.h:28]   --->   Operation 56 'partselect' 'a_V_50' <Predicate = true> <Delay = 0.00>
ST_1 : Operation 57 [1/1] (0.00ns)   --->   "%a_V_51 = partselect i16 @_ssdm_op_PartSelect.i16.i1024.i32.i32, i1024 %layer19_out_read, i32 816, i32 831" [/home/ayvol/vitis-accel-CNN/vitis_accel_prj/firmware/nnet_utils/nnet_batchnorm_stream.h:28]   --->   Operation 57 'partselect' 'a_V_51' <Predicate = true> <Delay = 0.00>
ST_1 : Operation 58 [1/1] (0.00ns)   --->   "%a_V_52 = partselect i16 @_ssdm_op_PartSelect.i16.i1024.i32.i32, i1024 %layer19_out_read, i32 832, i32 847" [/home/ayvol/vitis-accel-CNN/vitis_accel_prj/firmware/nnet_utils/nnet_batchnorm_stream.h:28]   --->   Operation 58 'partselect' 'a_V_52' <Predicate = true> <Delay = 0.00>
ST_1 : Operation 59 [1/1] (0.00ns)   --->   "%a_V_53 = partselect i16 @_ssdm_op_PartSelect.i16.i1024.i32.i32, i1024 %layer19_out_read, i32 848, i32 863" [/home/ayvol/vitis-accel-CNN/vitis_accel_prj/firmware/nnet_utils/nnet_batchnorm_stream.h:28]   --->   Operation 59 'partselect' 'a_V_53' <Predicate = true> <Delay = 0.00>
ST_1 : Operation 60 [1/1] (0.00ns)   --->   "%a_V_54 = partselect i16 @_ssdm_op_PartSelect.i16.i1024.i32.i32, i1024 %layer19_out_read, i32 864, i32 879" [/home/ayvol/vitis-accel-CNN/vitis_accel_prj/firmware/nnet_utils/nnet_batchnorm_stream.h:28]   --->   Operation 60 'partselect' 'a_V_54' <Predicate = true> <Delay = 0.00>
ST_1 : Operation 61 [1/1] (0.00ns)   --->   "%a_V_55 = partselect i16 @_ssdm_op_PartSelect.i16.i1024.i32.i32, i1024 %layer19_out_read, i32 880, i32 895" [/home/ayvol/vitis-accel-CNN/vitis_accel_prj/firmware/nnet_utils/nnet_batchnorm_stream.h:28]   --->   Operation 61 'partselect' 'a_V_55' <Predicate = true> <Delay = 0.00>
ST_1 : Operation 62 [1/1] (0.00ns)   --->   "%a_V_56 = partselect i16 @_ssdm_op_PartSelect.i16.i1024.i32.i32, i1024 %layer19_out_read, i32 896, i32 911" [/home/ayvol/vitis-accel-CNN/vitis_accel_prj/firmware/nnet_utils/nnet_batchnorm_stream.h:28]   --->   Operation 62 'partselect' 'a_V_56' <Predicate = true> <Delay = 0.00>
ST_1 : Operation 63 [1/1] (0.00ns)   --->   "%a_V_57 = partselect i16 @_ssdm_op_PartSelect.i16.i1024.i32.i32, i1024 %layer19_out_read, i32 928, i32 943" [/home/ayvol/vitis-accel-CNN/vitis_accel_prj/firmware/nnet_utils/nnet_batchnorm_stream.h:28]   --->   Operation 63 'partselect' 'a_V_57' <Predicate = true> <Delay = 0.00>
ST_1 : Operation 64 [1/1] (0.00ns)   --->   "%a_V_58 = partselect i16 @_ssdm_op_PartSelect.i16.i1024.i32.i32, i1024 %layer19_out_read, i32 944, i32 959" [/home/ayvol/vitis-accel-CNN/vitis_accel_prj/firmware/nnet_utils/nnet_batchnorm_stream.h:28]   --->   Operation 64 'partselect' 'a_V_58' <Predicate = true> <Delay = 0.00>
ST_1 : Operation 65 [1/1] (0.00ns)   --->   "%a_V_59 = partselect i16 @_ssdm_op_PartSelect.i16.i1024.i32.i32, i1024 %layer19_out_read, i32 960, i32 975" [/home/ayvol/vitis-accel-CNN/vitis_accel_prj/firmware/nnet_utils/nnet_batchnorm_stream.h:28]   --->   Operation 65 'partselect' 'a_V_59' <Predicate = true> <Delay = 0.00>
ST_1 : Operation 66 [1/1] (0.00ns)   --->   "%a_V_60 = partselect i16 @_ssdm_op_PartSelect.i16.i1024.i32.i32, i1024 %layer19_out_read, i32 976, i32 991" [/home/ayvol/vitis-accel-CNN/vitis_accel_prj/firmware/nnet_utils/nnet_batchnorm_stream.h:28]   --->   Operation 66 'partselect' 'a_V_60' <Predicate = true> <Delay = 0.00>
ST_1 : Operation 67 [1/1] (0.00ns)   --->   "%sext_ln1347 = sext i16 %a_V"   --->   Operation 67 'sext' 'sext_ln1347' <Predicate = true> <Delay = 0.00>
ST_1 : Operation 68 [1/1] (1.94ns)   --->   "%mul_ln1347 = mul i26 %sext_ln1347, i26 3703"   --->   Operation 68 'mul' 'mul_ln1347' <Predicate = true> <Delay = 1.94> <CoreInst = "Multiplier">   --->   Core 3 'Multiplier' <Latency = 0> <II = 1> <Delay = 1.94> <FuncUnit> <Opcode : 'mul'> <InPorts = 2> <OutPorts = 1>
ST_1 : Operation 69 [1/1] (0.00ns)   --->   "%sext_ln1347_1 = sext i16 %a_V_1"   --->   Operation 69 'sext' 'sext_ln1347_1' <Predicate = true> <Delay = 0.00>
ST_1 : Operation 70 [1/1] (1.94ns)   --->   "%mul_ln1347_1 = mul i26 %sext_ln1347_1, i26 4488"   --->   Operation 70 'mul' 'mul_ln1347_1' <Predicate = true> <Delay = 1.94> <CoreInst = "Multiplier">   --->   Core 3 'Multiplier' <Latency = 0> <II = 1> <Delay = 1.94> <FuncUnit> <Opcode : 'mul'> <InPorts = 2> <OutPorts = 1>
ST_1 : Operation 71 [1/1] (0.00ns)   --->   "%sext_ln1347_2 = sext i16 %a_V_2"   --->   Operation 71 'sext' 'sext_ln1347_2' <Predicate = true> <Delay = 0.00>
ST_1 : Operation 72 [1/1] (1.94ns)   --->   "%mul_ln1347_2 = mul i26 %sext_ln1347_2, i26 4777"   --->   Operation 72 'mul' 'mul_ln1347_2' <Predicate = true> <Delay = 1.94> <CoreInst = "Multiplier">   --->   Core 3 'Multiplier' <Latency = 0> <II = 1> <Delay = 1.94> <FuncUnit> <Opcode : 'mul'> <InPorts = 2> <OutPorts = 1>
ST_1 : Operation 73 [1/1] (0.00ns)   --->   "%sext_ln1347_3 = sext i16 %a_V_3"   --->   Operation 73 'sext' 'sext_ln1347_3' <Predicate = true> <Delay = 0.00>
ST_1 : Operation 74 [1/1] (1.94ns)   --->   "%mul_ln1347_3 = mul i26 %sext_ln1347_3, i26 4018"   --->   Operation 74 'mul' 'mul_ln1347_3' <Predicate = true> <Delay = 1.94> <CoreInst = "Multiplier">   --->   Core 3 'Multiplier' <Latency = 0> <II = 1> <Delay = 1.94> <FuncUnit> <Opcode : 'mul'> <InPorts = 2> <OutPorts = 1>
ST_1 : Operation 75 [1/1] (0.00ns)   --->   "%sext_ln1347_4 = sext i16 %a_V_4"   --->   Operation 75 'sext' 'sext_ln1347_4' <Predicate = true> <Delay = 0.00>
ST_1 : Operation 76 [1/1] (1.94ns)   --->   "%mul_ln1347_4 = mul i26 %sext_ln1347_4, i26 4059"   --->   Operation 76 'mul' 'mul_ln1347_4' <Predicate = true> <Delay = 1.94> <CoreInst = "Multiplier">   --->   Core 3 'Multiplier' <Latency = 0> <II = 1> <Delay = 1.94> <FuncUnit> <Opcode : 'mul'> <InPorts = 2> <OutPorts = 1>
ST_1 : Operation 77 [1/1] (0.00ns)   --->   "%sext_ln1347_5 = sext i16 %a_V_5"   --->   Operation 77 'sext' 'sext_ln1347_5' <Predicate = true> <Delay = 0.00>
ST_1 : Operation 78 [1/1] (1.94ns)   --->   "%mul_ln1347_5 = mul i26 %sext_ln1347_5, i26 4457"   --->   Operation 78 'mul' 'mul_ln1347_5' <Predicate = true> <Delay = 1.94> <CoreInst = "Multiplier">   --->   Core 3 'Multiplier' <Latency = 0> <II = 1> <Delay = 1.94> <FuncUnit> <Opcode : 'mul'> <InPorts = 2> <OutPorts = 1>
ST_1 : Operation 79 [1/1] (0.00ns)   --->   "%sext_ln1347_6 = sext i16 %a_V_6"   --->   Operation 79 'sext' 'sext_ln1347_6' <Predicate = true> <Delay = 0.00>
ST_1 : Operation 80 [1/1] (1.94ns)   --->   "%mul_ln1347_6 = mul i26 %sext_ln1347_6, i26 3992"   --->   Operation 80 'mul' 'mul_ln1347_6' <Predicate = true> <Delay = 1.94> <CoreInst = "Multiplier">   --->   Core 3 'Multiplier' <Latency = 0> <II = 1> <Delay = 1.94> <FuncUnit> <Opcode : 'mul'> <InPorts = 2> <OutPorts = 1>
ST_1 : Operation 81 [1/1] (0.00ns)   --->   "%sext_ln1347_7 = sext i16 %a_V_7"   --->   Operation 81 'sext' 'sext_ln1347_7' <Predicate = true> <Delay = 0.00>
ST_1 : Operation 82 [1/1] (1.94ns)   --->   "%mul_ln1347_7 = mul i26 %sext_ln1347_7, i26 4960"   --->   Operation 82 'mul' 'mul_ln1347_7' <Predicate = true> <Delay = 1.94> <CoreInst = "Multiplier">   --->   Core 3 'Multiplier' <Latency = 0> <II = 1> <Delay = 1.94> <FuncUnit> <Opcode : 'mul'> <InPorts = 2> <OutPorts = 1>
ST_1 : Operation 83 [1/1] (0.00ns)   --->   "%sext_ln1347_8 = sext i16 %a_V_8"   --->   Operation 83 'sext' 'sext_ln1347_8' <Predicate = true> <Delay = 0.00>
ST_1 : Operation 84 [1/1] (1.94ns)   --->   "%mul_ln1347_8 = mul i26 %sext_ln1347_8, i26 3751"   --->   Operation 84 'mul' 'mul_ln1347_8' <Predicate = true> <Delay = 1.94> <CoreInst = "Multiplier">   --->   Core 3 'Multiplier' <Latency = 0> <II = 1> <Delay = 1.94> <FuncUnit> <Opcode : 'mul'> <InPorts = 2> <OutPorts = 1>
ST_1 : Operation 85 [1/1] (0.00ns)   --->   "%sext_ln1347_9 = sext i16 %a_V_9"   --->   Operation 85 'sext' 'sext_ln1347_9' <Predicate = true> <Delay = 0.00>
ST_1 : Operation 86 [1/1] (1.94ns)   --->   "%mul_ln1347_9 = mul i26 %sext_ln1347_9, i26 4622"   --->   Operation 86 'mul' 'mul_ln1347_9' <Predicate = true> <Delay = 1.94> <CoreInst = "Multiplier">   --->   Core 3 'Multiplier' <Latency = 0> <II = 1> <Delay = 1.94> <FuncUnit> <Opcode : 'mul'> <InPorts = 2> <OutPorts = 1>
ST_1 : Operation 87 [1/1] (0.00ns)   --->   "%sext_ln1347_10 = sext i16 %a_V_10"   --->   Operation 87 'sext' 'sext_ln1347_10' <Predicate = true> <Delay = 0.00>
ST_1 : Operation 88 [1/1] (1.94ns)   --->   "%mul_ln1347_10 = mul i26 %sext_ln1347_10, i26 5362"   --->   Operation 88 'mul' 'mul_ln1347_10' <Predicate = true> <Delay = 1.94> <CoreInst = "Multiplier">   --->   Core 3 'Multiplier' <Latency = 0> <II = 1> <Delay = 1.94> <FuncUnit> <Opcode : 'mul'> <InPorts = 2> <OutPorts = 1>
ST_1 : Operation 89 [1/1] (0.00ns)   --->   "%sext_ln1347_11 = sext i16 %a_V_11"   --->   Operation 89 'sext' 'sext_ln1347_11' <Predicate = true> <Delay = 0.00>
ST_1 : Operation 90 [1/1] (1.94ns)   --->   "%mul_ln1347_11 = mul i26 %sext_ln1347_11, i26 5263"   --->   Operation 90 'mul' 'mul_ln1347_11' <Predicate = true> <Delay = 1.94> <CoreInst = "Multiplier">   --->   Core 3 'Multiplier' <Latency = 0> <II = 1> <Delay = 1.94> <FuncUnit> <Opcode : 'mul'> <InPorts = 2> <OutPorts = 1>
ST_1 : Operation 91 [1/1] (0.00ns)   --->   "%sext_ln1347_12 = sext i16 %a_V_12"   --->   Operation 91 'sext' 'sext_ln1347_12' <Predicate = true> <Delay = 0.00>
ST_1 : Operation 92 [1/1] (1.94ns)   --->   "%mul_ln1347_12 = mul i26 %sext_ln1347_12, i26 5192"   --->   Operation 92 'mul' 'mul_ln1347_12' <Predicate = true> <Delay = 1.94> <CoreInst = "Multiplier">   --->   Core 3 'Multiplier' <Latency = 0> <II = 1> <Delay = 1.94> <FuncUnit> <Opcode : 'mul'> <InPorts = 2> <OutPorts = 1>
ST_1 : Operation 93 [1/1] (0.00ns)   --->   "%sext_ln1347_13 = sext i16 %a_V_13"   --->   Operation 93 'sext' 'sext_ln1347_13' <Predicate = true> <Delay = 0.00>
ST_1 : Operation 94 [1/1] (1.94ns)   --->   "%mul_ln1347_13 = mul i26 %sext_ln1347_13, i26 4438"   --->   Operation 94 'mul' 'mul_ln1347_13' <Predicate = true> <Delay = 1.94> <CoreInst = "Multiplier">   --->   Core 3 'Multiplier' <Latency = 0> <II = 1> <Delay = 1.94> <FuncUnit> <Opcode : 'mul'> <InPorts = 2> <OutPorts = 1>
ST_1 : Operation 95 [1/1] (0.00ns)   --->   "%sext_ln1347_14 = sext i16 %a_V_14"   --->   Operation 95 'sext' 'sext_ln1347_14' <Predicate = true> <Delay = 0.00>
ST_1 : Operation 96 [1/1] (1.94ns)   --->   "%mul_ln1347_14 = mul i26 %sext_ln1347_14, i26 3935"   --->   Operation 96 'mul' 'mul_ln1347_14' <Predicate = true> <Delay = 1.94> <CoreInst = "Multiplier">   --->   Core 3 'Multiplier' <Latency = 0> <II = 1> <Delay = 1.94> <FuncUnit> <Opcode : 'mul'> <InPorts = 2> <OutPorts = 1>
ST_1 : Operation 97 [1/1] (0.00ns)   --->   "%sext_ln1347_15 = sext i16 %a_V_15"   --->   Operation 97 'sext' 'sext_ln1347_15' <Predicate = true> <Delay = 0.00>
ST_1 : Operation 98 [1/1] (1.94ns)   --->   "%mul_ln1347_15 = mul i26 %sext_ln1347_15, i26 4589"   --->   Operation 98 'mul' 'mul_ln1347_15' <Predicate = true> <Delay = 1.94> <CoreInst = "Multiplier">   --->   Core 3 'Multiplier' <Latency = 0> <II = 1> <Delay = 1.94> <FuncUnit> <Opcode : 'mul'> <InPorts = 2> <OutPorts = 1>
ST_1 : Operation 99 [1/1] (0.00ns)   --->   "%sext_ln1347_16 = sext i16 %a_V_16"   --->   Operation 99 'sext' 'sext_ln1347_16' <Predicate = true> <Delay = 0.00>
ST_1 : Operation 100 [1/1] (1.94ns)   --->   "%mul_ln1347_16 = mul i26 %sext_ln1347_16, i26 5031"   --->   Operation 100 'mul' 'mul_ln1347_16' <Predicate = true> <Delay = 1.94> <CoreInst = "Multiplier">   --->   Core 3 'Multiplier' <Latency = 0> <II = 1> <Delay = 1.94> <FuncUnit> <Opcode : 'mul'> <InPorts = 2> <OutPorts = 1>
ST_1 : Operation 101 [1/1] (0.00ns)   --->   "%sext_ln1347_17 = sext i16 %a_V_17"   --->   Operation 101 'sext' 'sext_ln1347_17' <Predicate = true> <Delay = 0.00>
ST_1 : Operation 102 [1/1] (1.94ns)   --->   "%mul_ln1347_17 = mul i26 %sext_ln1347_17, i26 4360"   --->   Operation 102 'mul' 'mul_ln1347_17' <Predicate = true> <Delay = 1.94> <CoreInst = "Multiplier">   --->   Core 3 'Multiplier' <Latency = 0> <II = 1> <Delay = 1.94> <FuncUnit> <Opcode : 'mul'> <InPorts = 2> <OutPorts = 1>
ST_1 : Operation 103 [1/1] (0.00ns)   --->   "%sext_ln1347_18 = sext i16 %a_V_18"   --->   Operation 103 'sext' 'sext_ln1347_18' <Predicate = true> <Delay = 0.00>
ST_1 : Operation 104 [1/1] (1.94ns)   --->   "%mul_ln1347_18 = mul i26 %sext_ln1347_18, i26 4893"   --->   Operation 104 'mul' 'mul_ln1347_18' <Predicate = true> <Delay = 1.94> <CoreInst = "Multiplier">   --->   Core 3 'Multiplier' <Latency = 0> <II = 1> <Delay = 1.94> <FuncUnit> <Opcode : 'mul'> <InPorts = 2> <OutPorts = 1>
ST_1 : Operation 105 [1/1] (0.00ns)   --->   "%sext_ln1347_19 = sext i16 %a_V_19"   --->   Operation 105 'sext' 'sext_ln1347_19' <Predicate = true> <Delay = 0.00>
ST_1 : Operation 106 [1/1] (1.94ns)   --->   "%mul_ln1347_19 = mul i26 %sext_ln1347_19, i26 3966"   --->   Operation 106 'mul' 'mul_ln1347_19' <Predicate = true> <Delay = 1.94> <CoreInst = "Multiplier">   --->   Core 3 'Multiplier' <Latency = 0> <II = 1> <Delay = 1.94> <FuncUnit> <Opcode : 'mul'> <InPorts = 2> <OutPorts = 1>
ST_1 : Operation 107 [1/1] (0.00ns)   --->   "%sext_ln1347_20 = sext i16 %a_V_20"   --->   Operation 107 'sext' 'sext_ln1347_20' <Predicate = true> <Delay = 0.00>
ST_1 : Operation 108 [1/1] (1.94ns)   --->   "%mul_ln1347_20 = mul i26 %sext_ln1347_20, i26 4259"   --->   Operation 108 'mul' 'mul_ln1347_20' <Predicate = true> <Delay = 1.94> <CoreInst = "Multiplier">   --->   Core 3 'Multiplier' <Latency = 0> <II = 1> <Delay = 1.94> <FuncUnit> <Opcode : 'mul'> <InPorts = 2> <OutPorts = 1>
ST_1 : Operation 109 [1/1] (0.00ns)   --->   "%sext_ln1347_21 = sext i16 %a_V_21"   --->   Operation 109 'sext' 'sext_ln1347_21' <Predicate = true> <Delay = 0.00>
ST_1 : Operation 110 [1/1] (1.94ns)   --->   "%mul_ln1347_21 = mul i26 %sext_ln1347_21, i26 4430"   --->   Operation 110 'mul' 'mul_ln1347_21' <Predicate = true> <Delay = 1.94> <CoreInst = "Multiplier">   --->   Core 3 'Multiplier' <Latency = 0> <II = 1> <Delay = 1.94> <FuncUnit> <Opcode : 'mul'> <InPorts = 2> <OutPorts = 1>
ST_1 : Operation 111 [1/1] (0.00ns)   --->   "%sext_ln1347_22 = sext i16 %a_V_22"   --->   Operation 111 'sext' 'sext_ln1347_22' <Predicate = true> <Delay = 0.00>
ST_1 : Operation 112 [1/1] (1.94ns)   --->   "%mul_ln1347_22 = mul i26 %sext_ln1347_22, i26 4117"   --->   Operation 112 'mul' 'mul_ln1347_22' <Predicate = true> <Delay = 1.94> <CoreInst = "Multiplier">   --->   Core 3 'Multiplier' <Latency = 0> <II = 1> <Delay = 1.94> <FuncUnit> <Opcode : 'mul'> <InPorts = 2> <OutPorts = 1>
ST_1 : Operation 113 [1/1] (0.00ns)   --->   "%sext_ln1347_23 = sext i16 %a_V_23"   --->   Operation 113 'sext' 'sext_ln1347_23' <Predicate = true> <Delay = 0.00>
ST_1 : Operation 114 [1/1] (1.94ns)   --->   "%mul_ln1347_23 = mul i26 %sext_ln1347_23, i26 5480"   --->   Operation 114 'mul' 'mul_ln1347_23' <Predicate = true> <Delay = 1.94> <CoreInst = "Multiplier">   --->   Core 3 'Multiplier' <Latency = 0> <II = 1> <Delay = 1.94> <FuncUnit> <Opcode : 'mul'> <InPorts = 2> <OutPorts = 1>
ST_1 : Operation 115 [1/1] (0.00ns)   --->   "%sext_ln1347_24 = sext i16 %a_V_24"   --->   Operation 115 'sext' 'sext_ln1347_24' <Predicate = true> <Delay = 0.00>
ST_1 : Operation 116 [1/1] (1.94ns)   --->   "%mul_ln1347_24 = mul i26 %sext_ln1347_24, i26 4119"   --->   Operation 116 'mul' 'mul_ln1347_24' <Predicate = true> <Delay = 1.94> <CoreInst = "Multiplier">   --->   Core 3 'Multiplier' <Latency = 0> <II = 1> <Delay = 1.94> <FuncUnit> <Opcode : 'mul'> <InPorts = 2> <OutPorts = 1>
ST_1 : Operation 117 [1/1] (0.00ns)   --->   "%sext_ln1347_25 = sext i16 %a_V_25"   --->   Operation 117 'sext' 'sext_ln1347_25' <Predicate = true> <Delay = 0.00>
ST_1 : Operation 118 [1/1] (1.94ns)   --->   "%mul_ln1347_25 = mul i26 %sext_ln1347_25, i26 4624"   --->   Operation 118 'mul' 'mul_ln1347_25' <Predicate = true> <Delay = 1.94> <CoreInst = "Multiplier">   --->   Core 3 'Multiplier' <Latency = 0> <II = 1> <Delay = 1.94> <FuncUnit> <Opcode : 'mul'> <InPorts = 2> <OutPorts = 1>
ST_1 : Operation 119 [1/1] (0.00ns)   --->   "%sext_ln1347_26 = sext i16 %a_V_26"   --->   Operation 119 'sext' 'sext_ln1347_26' <Predicate = true> <Delay = 0.00>
ST_1 : Operation 120 [1/1] (1.94ns)   --->   "%mul_ln1347_26 = mul i26 %sext_ln1347_26, i26 5604"   --->   Operation 120 'mul' 'mul_ln1347_26' <Predicate = true> <Delay = 1.94> <CoreInst = "Multiplier">   --->   Core 3 'Multiplier' <Latency = 0> <II = 1> <Delay = 1.94> <FuncUnit> <Opcode : 'mul'> <InPorts = 2> <OutPorts = 1>
ST_1 : Operation 121 [1/1] (0.00ns)   --->   "%sext_ln1347_27 = sext i16 %a_V_27"   --->   Operation 121 'sext' 'sext_ln1347_27' <Predicate = true> <Delay = 0.00>
ST_1 : Operation 122 [1/1] (1.94ns)   --->   "%mul_ln1347_27 = mul i26 %sext_ln1347_27, i26 4450"   --->   Operation 122 'mul' 'mul_ln1347_27' <Predicate = true> <Delay = 1.94> <CoreInst = "Multiplier">   --->   Core 3 'Multiplier' <Latency = 0> <II = 1> <Delay = 1.94> <FuncUnit> <Opcode : 'mul'> <InPorts = 2> <OutPorts = 1>
ST_1 : Operation 123 [1/1] (0.00ns)   --->   "%sext_ln1347_28 = sext i16 %a_V_28"   --->   Operation 123 'sext' 'sext_ln1347_28' <Predicate = true> <Delay = 0.00>
ST_1 : Operation 124 [1/1] (1.94ns)   --->   "%mul_ln1347_28 = mul i26 %sext_ln1347_28, i26 5121"   --->   Operation 124 'mul' 'mul_ln1347_28' <Predicate = true> <Delay = 1.94> <CoreInst = "Multiplier">   --->   Core 3 'Multiplier' <Latency = 0> <II = 1> <Delay = 1.94> <FuncUnit> <Opcode : 'mul'> <InPorts = 2> <OutPorts = 1>
ST_1 : Operation 125 [1/1] (0.00ns)   --->   "%sext_ln1347_29 = sext i16 %a_V_29"   --->   Operation 125 'sext' 'sext_ln1347_29' <Predicate = true> <Delay = 0.00>
ST_1 : Operation 126 [1/1] (1.94ns)   --->   "%mul_ln1347_29 = mul i26 %sext_ln1347_29, i26 4422"   --->   Operation 126 'mul' 'mul_ln1347_29' <Predicate = true> <Delay = 1.94> <CoreInst = "Multiplier">   --->   Core 3 'Multiplier' <Latency = 0> <II = 1> <Delay = 1.94> <FuncUnit> <Opcode : 'mul'> <InPorts = 2> <OutPorts = 1>
ST_1 : Operation 127 [1/1] (0.00ns)   --->   "%sext_ln1347_30 = sext i16 %a_V_30"   --->   Operation 127 'sext' 'sext_ln1347_30' <Predicate = true> <Delay = 0.00>
ST_1 : Operation 128 [1/1] (1.94ns)   --->   "%mul_ln1347_30 = mul i26 %sext_ln1347_30, i26 4348"   --->   Operation 128 'mul' 'mul_ln1347_30' <Predicate = true> <Delay = 1.94> <CoreInst = "Multiplier">   --->   Core 3 'Multiplier' <Latency = 0> <II = 1> <Delay = 1.94> <FuncUnit> <Opcode : 'mul'> <InPorts = 2> <OutPorts = 1>
ST_1 : Operation 129 [1/1] (0.00ns)   --->   "%sext_ln1347_31 = sext i16 %a_V_31"   --->   Operation 129 'sext' 'sext_ln1347_31' <Predicate = true> <Delay = 0.00>
ST_1 : Operation 130 [1/1] (1.94ns)   --->   "%mul_ln1347_31 = mul i26 %sext_ln1347_31, i26 4727"   --->   Operation 130 'mul' 'mul_ln1347_31' <Predicate = true> <Delay = 1.94> <CoreInst = "Multiplier">   --->   Core 3 'Multiplier' <Latency = 0> <II = 1> <Delay = 1.94> <FuncUnit> <Opcode : 'mul'> <InPorts = 2> <OutPorts = 1>
ST_1 : Operation 131 [1/1] (0.00ns)   --->   "%sext_ln1347_32 = sext i16 %a_V_32"   --->   Operation 131 'sext' 'sext_ln1347_32' <Predicate = true> <Delay = 0.00>
ST_1 : Operation 132 [1/1] (1.94ns)   --->   "%mul_ln1347_32 = mul i26 %sext_ln1347_32, i26 3868"   --->   Operation 132 'mul' 'mul_ln1347_32' <Predicate = true> <Delay = 1.94> <CoreInst = "Multiplier">   --->   Core 3 'Multiplier' <Latency = 0> <II = 1> <Delay = 1.94> <FuncUnit> <Opcode : 'mul'> <InPorts = 2> <OutPorts = 1>
ST_1 : Operation 133 [1/1] (0.00ns)   --->   "%sext_ln1347_33 = sext i16 %a_V_33"   --->   Operation 133 'sext' 'sext_ln1347_33' <Predicate = true> <Delay = 0.00>
ST_1 : Operation 134 [1/1] (1.94ns)   --->   "%mul_ln1347_33 = mul i26 %sext_ln1347_33, i26 5049"   --->   Operation 134 'mul' 'mul_ln1347_33' <Predicate = true> <Delay = 1.94> <CoreInst = "Multiplier">   --->   Core 3 'Multiplier' <Latency = 0> <II = 1> <Delay = 1.94> <FuncUnit> <Opcode : 'mul'> <InPorts = 2> <OutPorts = 1>
ST_1 : Operation 135 [1/1] (0.00ns)   --->   "%sext_ln1347_34 = sext i16 %a_V_34"   --->   Operation 135 'sext' 'sext_ln1347_34' <Predicate = true> <Delay = 0.00>
ST_1 : Operation 136 [1/1] (1.94ns)   --->   "%mul_ln1347_34 = mul i26 %sext_ln1347_34, i26 4390"   --->   Operation 136 'mul' 'mul_ln1347_34' <Predicate = true> <Delay = 1.94> <CoreInst = "Multiplier">   --->   Core 3 'Multiplier' <Latency = 0> <II = 1> <Delay = 1.94> <FuncUnit> <Opcode : 'mul'> <InPorts = 2> <OutPorts = 1>
ST_1 : Operation 137 [1/1] (0.00ns)   --->   "%sext_ln1347_35 = sext i16 %a_V_35"   --->   Operation 137 'sext' 'sext_ln1347_35' <Predicate = true> <Delay = 0.00>
ST_1 : Operation 138 [1/1] (1.94ns)   --->   "%mul_ln1347_35 = mul i26 %sext_ln1347_35, i26 5228"   --->   Operation 138 'mul' 'mul_ln1347_35' <Predicate = true> <Delay = 1.94> <CoreInst = "Multiplier">   --->   Core 3 'Multiplier' <Latency = 0> <II = 1> <Delay = 1.94> <FuncUnit> <Opcode : 'mul'> <InPorts = 2> <OutPorts = 1>
ST_1 : Operation 139 [1/1] (0.00ns)   --->   "%sext_ln1347_36 = sext i16 %a_V_36"   --->   Operation 139 'sext' 'sext_ln1347_36' <Predicate = true> <Delay = 0.00>
ST_1 : Operation 140 [1/1] (1.94ns)   --->   "%mul_ln1347_36 = mul i26 %sext_ln1347_36, i26 4263"   --->   Operation 140 'mul' 'mul_ln1347_36' <Predicate = true> <Delay = 1.94> <CoreInst = "Multiplier">   --->   Core 3 'Multiplier' <Latency = 0> <II = 1> <Delay = 1.94> <FuncUnit> <Opcode : 'mul'> <InPorts = 2> <OutPorts = 1>
ST_1 : Operation 141 [1/1] (0.00ns)   --->   "%sext_ln1347_37 = sext i16 %a_V_37"   --->   Operation 141 'sext' 'sext_ln1347_37' <Predicate = true> <Delay = 0.00>
ST_1 : Operation 142 [1/1] (1.94ns)   --->   "%mul_ln1347_37 = mul i26 %sext_ln1347_37, i26 4361"   --->   Operation 142 'mul' 'mul_ln1347_37' <Predicate = true> <Delay = 1.94> <CoreInst = "Multiplier">   --->   Core 3 'Multiplier' <Latency = 0> <II = 1> <Delay = 1.94> <FuncUnit> <Opcode : 'mul'> <InPorts = 2> <OutPorts = 1>
ST_1 : Operation 143 [1/1] (0.00ns)   --->   "%sext_ln1347_38 = sext i16 %a_V_38"   --->   Operation 143 'sext' 'sext_ln1347_38' <Predicate = true> <Delay = 0.00>
ST_1 : Operation 144 [1/1] (1.94ns)   --->   "%mul_ln1347_38 = mul i26 %sext_ln1347_38, i26 4068"   --->   Operation 144 'mul' 'mul_ln1347_38' <Predicate = true> <Delay = 1.94> <CoreInst = "Multiplier">   --->   Core 3 'Multiplier' <Latency = 0> <II = 1> <Delay = 1.94> <FuncUnit> <Opcode : 'mul'> <InPorts = 2> <OutPorts = 1>
ST_1 : Operation 145 [1/1] (0.00ns)   --->   "%sext_ln1347_39 = sext i16 %a_V_39"   --->   Operation 145 'sext' 'sext_ln1347_39' <Predicate = true> <Delay = 0.00>
ST_1 : Operation 146 [1/1] (1.94ns)   --->   "%mul_ln1347_39 = mul i26 %sext_ln1347_39, i26 4316"   --->   Operation 146 'mul' 'mul_ln1347_39' <Predicate = true> <Delay = 1.94> <CoreInst = "Multiplier">   --->   Core 3 'Multiplier' <Latency = 0> <II = 1> <Delay = 1.94> <FuncUnit> <Opcode : 'mul'> <InPorts = 2> <OutPorts = 1>
ST_1 : Operation 147 [1/1] (0.00ns)   --->   "%sext_ln1347_40 = sext i16 %a_V_40"   --->   Operation 147 'sext' 'sext_ln1347_40' <Predicate = true> <Delay = 0.00>
ST_1 : Operation 148 [1/1] (1.94ns)   --->   "%mul_ln1347_40 = mul i26 %sext_ln1347_40, i26 5118"   --->   Operation 148 'mul' 'mul_ln1347_40' <Predicate = true> <Delay = 1.94> <CoreInst = "Multiplier">   --->   Core 3 'Multiplier' <Latency = 0> <II = 1> <Delay = 1.94> <FuncUnit> <Opcode : 'mul'> <InPorts = 2> <OutPorts = 1>
ST_1 : Operation 149 [1/1] (0.00ns)   --->   "%sext_ln1347_41 = sext i16 %a_V_41"   --->   Operation 149 'sext' 'sext_ln1347_41' <Predicate = true> <Delay = 0.00>
ST_1 : Operation 150 [1/1] (1.94ns)   --->   "%mul_ln1347_41 = mul i26 %sext_ln1347_41, i26 4538"   --->   Operation 150 'mul' 'mul_ln1347_41' <Predicate = true> <Delay = 1.94> <CoreInst = "Multiplier">   --->   Core 3 'Multiplier' <Latency = 0> <II = 1> <Delay = 1.94> <FuncUnit> <Opcode : 'mul'> <InPorts = 2> <OutPorts = 1>
ST_1 : Operation 151 [1/1] (0.00ns)   --->   "%sext_ln1347_42 = sext i16 %a_V_42"   --->   Operation 151 'sext' 'sext_ln1347_42' <Predicate = true> <Delay = 0.00>
ST_1 : Operation 152 [1/1] (1.94ns)   --->   "%mul_ln1347_42 = mul i26 %sext_ln1347_42, i26 4042"   --->   Operation 152 'mul' 'mul_ln1347_42' <Predicate = true> <Delay = 1.94> <CoreInst = "Multiplier">   --->   Core 3 'Multiplier' <Latency = 0> <II = 1> <Delay = 1.94> <FuncUnit> <Opcode : 'mul'> <InPorts = 2> <OutPorts = 1>
ST_1 : Operation 153 [1/1] (0.00ns)   --->   "%sext_ln1347_43 = sext i16 %a_V_43"   --->   Operation 153 'sext' 'sext_ln1347_43' <Predicate = true> <Delay = 0.00>
ST_1 : Operation 154 [1/1] (1.94ns)   --->   "%mul_ln1347_43 = mul i26 %sext_ln1347_43, i26 4542"   --->   Operation 154 'mul' 'mul_ln1347_43' <Predicate = true> <Delay = 1.94> <CoreInst = "Multiplier">   --->   Core 3 'Multiplier' <Latency = 0> <II = 1> <Delay = 1.94> <FuncUnit> <Opcode : 'mul'> <InPorts = 2> <OutPorts = 1>
ST_1 : Operation 155 [1/1] (0.00ns)   --->   "%sext_ln1347_44 = sext i16 %a_V_44"   --->   Operation 155 'sext' 'sext_ln1347_44' <Predicate = true> <Delay = 0.00>
ST_1 : Operation 156 [1/1] (1.94ns)   --->   "%mul_ln1347_44 = mul i26 %sext_ln1347_44, i26 4018"   --->   Operation 156 'mul' 'mul_ln1347_44' <Predicate = true> <Delay = 1.94> <CoreInst = "Multiplier">   --->   Core 3 'Multiplier' <Latency = 0> <II = 1> <Delay = 1.94> <FuncUnit> <Opcode : 'mul'> <InPorts = 2> <OutPorts = 1>
ST_1 : Operation 157 [1/1] (0.00ns)   --->   "%sext_ln1347_45 = sext i16 %a_V_45"   --->   Operation 157 'sext' 'sext_ln1347_45' <Predicate = true> <Delay = 0.00>
ST_1 : Operation 158 [1/1] (1.94ns)   --->   "%mul_ln1347_45 = mul i26 %sext_ln1347_45, i26 3932"   --->   Operation 158 'mul' 'mul_ln1347_45' <Predicate = true> <Delay = 1.94> <CoreInst = "Multiplier">   --->   Core 3 'Multiplier' <Latency = 0> <II = 1> <Delay = 1.94> <FuncUnit> <Opcode : 'mul'> <InPorts = 2> <OutPorts = 1>
ST_1 : Operation 159 [1/1] (0.00ns)   --->   "%sext_ln1347_46 = sext i16 %a_V_46"   --->   Operation 159 'sext' 'sext_ln1347_46' <Predicate = true> <Delay = 0.00>
ST_1 : Operation 160 [1/1] (1.94ns)   --->   "%mul_ln1347_46 = mul i26 %sext_ln1347_46, i26 4650"   --->   Operation 160 'mul' 'mul_ln1347_46' <Predicate = true> <Delay = 1.94> <CoreInst = "Multiplier">   --->   Core 3 'Multiplier' <Latency = 0> <II = 1> <Delay = 1.94> <FuncUnit> <Opcode : 'mul'> <InPorts = 2> <OutPorts = 1>
ST_1 : Operation 161 [1/1] (0.00ns)   --->   "%sext_ln1347_47 = sext i16 %a_V_47"   --->   Operation 161 'sext' 'sext_ln1347_47' <Predicate = true> <Delay = 0.00>
ST_1 : Operation 162 [1/1] (1.94ns)   --->   "%mul_ln1347_47 = mul i26 %sext_ln1347_47, i26 5688"   --->   Operation 162 'mul' 'mul_ln1347_47' <Predicate = true> <Delay = 1.94> <CoreInst = "Multiplier">   --->   Core 3 'Multiplier' <Latency = 0> <II = 1> <Delay = 1.94> <FuncUnit> <Opcode : 'mul'> <InPorts = 2> <OutPorts = 1>
ST_1 : Operation 163 [1/1] (0.00ns)   --->   "%sext_ln1347_48 = sext i16 %a_V_48"   --->   Operation 163 'sext' 'sext_ln1347_48' <Predicate = true> <Delay = 0.00>
ST_1 : Operation 164 [1/1] (1.94ns)   --->   "%mul_ln1347_48 = mul i26 %sext_ln1347_48, i26 4202"   --->   Operation 164 'mul' 'mul_ln1347_48' <Predicate = true> <Delay = 1.94> <CoreInst = "Multiplier">   --->   Core 3 'Multiplier' <Latency = 0> <II = 1> <Delay = 1.94> <FuncUnit> <Opcode : 'mul'> <InPorts = 2> <OutPorts = 1>
ST_1 : Operation 165 [1/1] (0.00ns)   --->   "%sext_ln1347_49 = sext i16 %a_V_49"   --->   Operation 165 'sext' 'sext_ln1347_49' <Predicate = true> <Delay = 0.00>
ST_1 : Operation 166 [1/1] (1.94ns)   --->   "%mul_ln1347_49 = mul i26 %sext_ln1347_49, i26 3624"   --->   Operation 166 'mul' 'mul_ln1347_49' <Predicate = true> <Delay = 1.94> <CoreInst = "Multiplier">   --->   Core 3 'Multiplier' <Latency = 0> <II = 1> <Delay = 1.94> <FuncUnit> <Opcode : 'mul'> <InPorts = 2> <OutPorts = 1>
ST_1 : Operation 167 [1/1] (0.00ns)   --->   "%sext_ln1347_50 = sext i16 %a_V_50"   --->   Operation 167 'sext' 'sext_ln1347_50' <Predicate = true> <Delay = 0.00>
ST_1 : Operation 168 [1/1] (1.94ns)   --->   "%mul_ln1347_50 = mul i26 %sext_ln1347_50, i26 4632"   --->   Operation 168 'mul' 'mul_ln1347_50' <Predicate = true> <Delay = 1.94> <CoreInst = "Multiplier">   --->   Core 3 'Multiplier' <Latency = 0> <II = 1> <Delay = 1.94> <FuncUnit> <Opcode : 'mul'> <InPorts = 2> <OutPorts = 1>
ST_1 : Operation 169 [1/1] (0.00ns)   --->   "%sext_ln1347_51 = sext i16 %a_V_51"   --->   Operation 169 'sext' 'sext_ln1347_51' <Predicate = true> <Delay = 0.00>
ST_1 : Operation 170 [1/1] (1.94ns)   --->   "%mul_ln1347_51 = mul i26 %sext_ln1347_51, i26 3999"   --->   Operation 170 'mul' 'mul_ln1347_51' <Predicate = true> <Delay = 1.94> <CoreInst = "Multiplier">   --->   Core 3 'Multiplier' <Latency = 0> <II = 1> <Delay = 1.94> <FuncUnit> <Opcode : 'mul'> <InPorts = 2> <OutPorts = 1>
ST_1 : Operation 171 [1/1] (0.00ns)   --->   "%sext_ln1347_52 = sext i16 %a_V_52"   --->   Operation 171 'sext' 'sext_ln1347_52' <Predicate = true> <Delay = 0.00>
ST_1 : Operation 172 [1/1] (1.94ns)   --->   "%mul_ln1347_52 = mul i26 %sext_ln1347_52, i26 4073"   --->   Operation 172 'mul' 'mul_ln1347_52' <Predicate = true> <Delay = 1.94> <CoreInst = "Multiplier">   --->   Core 3 'Multiplier' <Latency = 0> <II = 1> <Delay = 1.94> <FuncUnit> <Opcode : 'mul'> <InPorts = 2> <OutPorts = 1>
ST_1 : Operation 173 [1/1] (0.00ns)   --->   "%sext_ln1347_53 = sext i16 %a_V_53"   --->   Operation 173 'sext' 'sext_ln1347_53' <Predicate = true> <Delay = 0.00>
ST_1 : Operation 174 [1/1] (1.94ns)   --->   "%mul_ln1347_53 = mul i26 %sext_ln1347_53, i26 4247"   --->   Operation 174 'mul' 'mul_ln1347_53' <Predicate = true> <Delay = 1.94> <CoreInst = "Multiplier">   --->   Core 3 'Multiplier' <Latency = 0> <II = 1> <Delay = 1.94> <FuncUnit> <Opcode : 'mul'> <InPorts = 2> <OutPorts = 1>
ST_1 : Operation 175 [1/1] (0.00ns)   --->   "%sext_ln1347_54 = sext i16 %a_V_54"   --->   Operation 175 'sext' 'sext_ln1347_54' <Predicate = true> <Delay = 0.00>
ST_1 : Operation 176 [1/1] (1.94ns)   --->   "%mul_ln1347_54 = mul i26 %sext_ln1347_54, i26 3296"   --->   Operation 176 'mul' 'mul_ln1347_54' <Predicate = true> <Delay = 1.94> <CoreInst = "Multiplier">   --->   Core 3 'Multiplier' <Latency = 0> <II = 1> <Delay = 1.94> <FuncUnit> <Opcode : 'mul'> <InPorts = 2> <OutPorts = 1>
ST_1 : Operation 177 [1/1] (0.00ns)   --->   "%sext_ln1347_55 = sext i16 %a_V_55"   --->   Operation 177 'sext' 'sext_ln1347_55' <Predicate = true> <Delay = 0.00>
ST_1 : Operation 178 [1/1] (1.94ns)   --->   "%mul_ln1347_55 = mul i26 %sext_ln1347_55, i26 4406"   --->   Operation 178 'mul' 'mul_ln1347_55' <Predicate = true> <Delay = 1.94> <CoreInst = "Multiplier">   --->   Core 3 'Multiplier' <Latency = 0> <II = 1> <Delay = 1.94> <FuncUnit> <Opcode : 'mul'> <InPorts = 2> <OutPorts = 1>
ST_1 : Operation 179 [1/1] (0.00ns)   --->   "%sext_ln1347_56 = sext i16 %a_V_56"   --->   Operation 179 'sext' 'sext_ln1347_56' <Predicate = true> <Delay = 0.00>
ST_1 : Operation 180 [1/1] (1.94ns)   --->   "%mul_ln1347_56 = mul i26 %sext_ln1347_56, i26 5615"   --->   Operation 180 'mul' 'mul_ln1347_56' <Predicate = true> <Delay = 1.94> <CoreInst = "Multiplier">   --->   Core 3 'Multiplier' <Latency = 0> <II = 1> <Delay = 1.94> <FuncUnit> <Opcode : 'mul'> <InPorts = 2> <OutPorts = 1>
ST_1 : Operation 181 [1/1] (0.00ns)   --->   "%tmp = partselect i14 @_ssdm_op_PartSelect.i14.i1024.i32.i32, i1024 %layer19_out_read, i32 912, i32 925"   --->   Operation 181 'partselect' 'tmp' <Predicate = true> <Delay = 0.00>
ST_1 : Operation 182 [1/1] (0.00ns)   --->   "%shl_ln = bitconcatenate i26 @_ssdm_op_BitConcatenate.i26.i14.i12, i14 %tmp, i12 0"   --->   Operation 182 'bitconcatenate' 'shl_ln' <Predicate = true> <Delay = 0.00>
ST_1 : Operation 183 [1/1] (0.00ns)   --->   "%tmp_70 = partselect i16 @_ssdm_op_PartSelect.i16.i1024.i32.i32, i1024 %layer19_out_read, i32 912, i32 927"   --->   Operation 183 'partselect' 'tmp_70' <Predicate = true> <Delay = 0.00>
ST_1 : Operation 184 [1/1] (0.00ns)   --->   "%shl_ln1273_1 = bitconcatenate i21 @_ssdm_op_BitConcatenate.i21.i16.i5, i16 %tmp_70, i5 0"   --->   Operation 184 'bitconcatenate' 'shl_ln1273_1' <Predicate = true> <Delay = 0.00>
ST_1 : Operation 185 [1/1] (0.00ns)   --->   "%sext_ln1347_63 = sext i21 %shl_ln1273_1"   --->   Operation 185 'sext' 'sext_ln1347_63' <Predicate = true> <Delay = 0.00>
ST_1 : Operation 186 [1/1] (0.81ns)   --->   "%add_ln1347 = add i22 %sext_ln1347_63, i22 66560"   --->   Operation 186 'add' 'add_ln1347' <Predicate = true> <Delay = 0.81> <CoreInst = "Adder">   --->   Core 1 'Adder' <Latency = 0> <II = 1> <Delay = 0.81> <FuncUnit> <Opcode : 'add' 'sub'> <InPorts = 2> <OutPorts = 1>
ST_1 : Operation 187 [1/1] (0.00ns)   --->   "%sext_ln1347_64 = sext i22 %add_ln1347"   --->   Operation 187 'sext' 'sext_ln1347_64' <Predicate = true> <Delay = 0.00>
ST_1 : Operation 188 [1/1] (0.84ns)   --->   "%ret_V_70 = add i26 %sext_ln1347_64, i26 %shl_ln"   --->   Operation 188 'add' 'ret_V_70' <Predicate = true> <Delay = 0.84> <CoreInst = "Adder">   --->   Core 1 'Adder' <Latency = 0> <II = 1> <Delay = 0.84> <FuncUnit> <Opcode : 'add' 'sub'> <InPorts = 2> <OutPorts = 1>
ST_1 : Operation 189 [1/1] (0.00ns)   --->   "%trunc_ln818_56 = partselect i16 @_ssdm_op_PartSelect.i16.i26.i32.i32, i26 %ret_V_70, i32 10, i32 25"   --->   Operation 189 'partselect' 'trunc_ln818_56' <Predicate = true> <Delay = 0.00>
ST_1 : Operation 190 [1/1] (0.00ns)   --->   "%sext_ln1347_57 = sext i16 %a_V_57"   --->   Operation 190 'sext' 'sext_ln1347_57' <Predicate = true> <Delay = 0.00>
ST_1 : Operation 191 [1/1] (1.94ns)   --->   "%mul_ln1347_57 = mul i26 %sext_ln1347_57, i26 4442"   --->   Operation 191 'mul' 'mul_ln1347_57' <Predicate = true> <Delay = 1.94> <CoreInst = "Multiplier">   --->   Core 3 'Multiplier' <Latency = 0> <II = 1> <Delay = 1.94> <FuncUnit> <Opcode : 'mul'> <InPorts = 2> <OutPorts = 1>
ST_1 : Operation 192 [1/1] (0.00ns)   --->   "%sext_ln1347_58 = sext i16 %a_V_58"   --->   Operation 192 'sext' 'sext_ln1347_58' <Predicate = true> <Delay = 0.00>
ST_1 : Operation 193 [1/1] (1.94ns)   --->   "%mul_ln1347_58 = mul i26 %sext_ln1347_58, i26 5751"   --->   Operation 193 'mul' 'mul_ln1347_58' <Predicate = true> <Delay = 1.94> <CoreInst = "Multiplier">   --->   Core 3 'Multiplier' <Latency = 0> <II = 1> <Delay = 1.94> <FuncUnit> <Opcode : 'mul'> <InPorts = 2> <OutPorts = 1>
ST_1 : Operation 194 [1/1] (0.00ns)   --->   "%sext_ln1347_59 = sext i16 %a_V_59"   --->   Operation 194 'sext' 'sext_ln1347_59' <Predicate = true> <Delay = 0.00>
ST_1 : Operation 195 [1/1] (1.94ns)   --->   "%mul_ln1347_59 = mul i26 %sext_ln1347_59, i26 3914"   --->   Operation 195 'mul' 'mul_ln1347_59' <Predicate = true> <Delay = 1.94> <CoreInst = "Multiplier">   --->   Core 3 'Multiplier' <Latency = 0> <II = 1> <Delay = 1.94> <FuncUnit> <Opcode : 'mul'> <InPorts = 2> <OutPorts = 1>
ST_1 : Operation 196 [1/1] (0.00ns)   --->   "%sext_ln1347_60 = sext i16 %a_V_60"   --->   Operation 196 'sext' 'sext_ln1347_60' <Predicate = true> <Delay = 0.00>
ST_1 : Operation 197 [1/1] (1.94ns)   --->   "%mul_ln1347_60 = mul i26 %sext_ln1347_60, i26 4247"   --->   Operation 197 'mul' 'mul_ln1347_60' <Predicate = true> <Delay = 1.94> <CoreInst = "Multiplier">   --->   Core 3 'Multiplier' <Latency = 0> <II = 1> <Delay = 1.94> <FuncUnit> <Opcode : 'mul'> <InPorts = 2> <OutPorts = 1>
ST_1 : Operation 198 [1/1] (0.00ns)   --->   "%sext_ln1347_61 = sext i16 %a_V_61"   --->   Operation 198 'sext' 'sext_ln1347_61' <Predicate = true> <Delay = 0.00>
ST_1 : Operation 199 [1/1] (1.94ns)   --->   "%mul_ln1347_61 = mul i26 %sext_ln1347_61, i26 3822"   --->   Operation 199 'mul' 'mul_ln1347_61' <Predicate = true> <Delay = 1.94> <CoreInst = "Multiplier">   --->   Core 3 'Multiplier' <Latency = 0> <II = 1> <Delay = 1.94> <FuncUnit> <Opcode : 'mul'> <InPorts = 2> <OutPorts = 1>
ST_1 : Operation 200 [1/1] (0.00ns)   --->   "%sext_ln1347_62 = sext i16 %a_V_62"   --->   Operation 200 'sext' 'sext_ln1347_62' <Predicate = true> <Delay = 0.00>
ST_1 : Operation 201 [1/1] (1.94ns)   --->   "%mul_ln1347_62 = mul i26 %sext_ln1347_62, i26 3503"   --->   Operation 201 'mul' 'mul_ln1347_62' <Predicate = true> <Delay = 1.94> <CoreInst = "Multiplier">   --->   Core 3 'Multiplier' <Latency = 0> <II = 1> <Delay = 1.94> <FuncUnit> <Opcode : 'mul'> <InPorts = 2> <OutPorts = 1>

State 2 <SV = 1> <Delay = 2.17>
ST_2 : Operation 202 [1/1] (0.00ns)   --->   "%specinterface_ln0 = specinterface void @_ssdm_op_SpecInterface, i1024 %layer21_out, void @empty_0, i32 0, i32 0, void @empty_7, i32 0, i32 0, void @empty_7, void @empty_7, void @empty_7, i32 0, i32 0, i32 0, i32 0, void @empty_7, void @empty_7, i32 4294967295, i32 0"   --->   Operation 202 'specinterface' 'specinterface_ln0' <Predicate = true> <Delay = 0.00>
ST_2 : Operation 203 [1/1] (0.00ns)   --->   "%specinterface_ln0 = specinterface void @_ssdm_op_SpecInterface, i1024 %layer19_out, void @empty_0, i32 0, i32 0, void @empty_7, i32 0, i32 0, void @empty_7, void @empty_7, void @empty_7, i32 0, i32 0, i32 0, i32 0, void @empty_7, void @empty_7, i32 4294967295, i32 0"   --->   Operation 203 'specinterface' 'specinterface_ln0' <Predicate = true> <Delay = 0.00>
ST_2 : Operation 204 [1/1] (0.00ns)   --->   "%specresourcelimit_ln22 = specresourcelimit void @_ssdm_op_SpecResourceLimit, i64 64, void @empty_11, void @empty_7, void @empty_7, void @empty_7" [/home/ayvol/vitis-accel-CNN/vitis_accel_prj/firmware/nnet_utils/nnet_batchnorm_stream.h:22]   --->   Operation 204 'specresourcelimit' 'specresourcelimit_ln22' <Predicate = true> <Delay = 0.00>
ST_2 : Operation 205 [1/1] (0.84ns)   --->   "%ret_V = add i26 %mul_ln1347, i26 67079168"   --->   Operation 205 'add' 'ret_V' <Predicate = true> <Delay = 0.84> <CoreInst = "Adder">   --->   Core 1 'Adder' <Latency = 0> <II = 1> <Delay = 0.84> <FuncUnit> <Opcode : 'add' 'sub'> <InPorts = 2> <OutPorts = 1>
ST_2 : Operation 206 [1/1] (0.00ns)   --->   "%trunc_ln = partselect i16 @_ssdm_op_PartSelect.i16.i26.i32.i32, i26 %ret_V, i32 10, i32 25"   --->   Operation 206 'partselect' 'trunc_ln' <Predicate = true> <Delay = 0.00>
ST_2 : Operation 207 [1/1] (0.84ns)   --->   "%ret_V_14 = add i26 %mul_ln1347_1, i26 65722368"   --->   Operation 207 'add' 'ret_V_14' <Predicate = true> <Delay = 0.84> <CoreInst = "Adder">   --->   Core 1 'Adder' <Latency = 0> <II = 1> <Delay = 0.84> <FuncUnit> <Opcode : 'add' 'sub'> <InPorts = 2> <OutPorts = 1>
ST_2 : Operation 208 [1/1] (0.00ns)   --->   "%trunc_ln818_2 = partselect i16 @_ssdm_op_PartSelect.i16.i26.i32.i32, i26 %ret_V_14, i32 10, i32 25"   --->   Operation 208 'partselect' 'trunc_ln818_2' <Predicate = true> <Delay = 0.00>
ST_2 : Operation 209 [1/1] (0.84ns)   --->   "%ret_V_15 = add i26 %mul_ln1347_2, i26 66516992"   --->   Operation 209 'add' 'ret_V_15' <Predicate = true> <Delay = 0.84> <CoreInst = "Adder">   --->   Core 1 'Adder' <Latency = 0> <II = 1> <Delay = 0.84> <FuncUnit> <Opcode : 'add' 'sub'> <InPorts = 2> <OutPorts = 1>
ST_2 : Operation 210 [1/1] (0.00ns)   --->   "%trunc_ln818_3 = partselect i16 @_ssdm_op_PartSelect.i16.i26.i32.i32, i26 %ret_V_15, i32 10, i32 25"   --->   Operation 210 'partselect' 'trunc_ln818_3' <Predicate = true> <Delay = 0.00>
ST_2 : Operation 211 [1/1] (0.84ns)   --->   "%ret_V_16 = add i26 %mul_ln1347_3, i26 66864128"   --->   Operation 211 'add' 'ret_V_16' <Predicate = true> <Delay = 0.84> <CoreInst = "Adder">   --->   Core 1 'Adder' <Latency = 0> <II = 1> <Delay = 0.84> <FuncUnit> <Opcode : 'add' 'sub'> <InPorts = 2> <OutPorts = 1>
ST_2 : Operation 212 [1/1] (0.00ns)   --->   "%trunc_ln818_4 = partselect i16 @_ssdm_op_PartSelect.i16.i26.i32.i32, i26 %ret_V_16, i32 10, i32 25"   --->   Operation 212 'partselect' 'trunc_ln818_4' <Predicate = true> <Delay = 0.00>
ST_2 : Operation 213 [1/1] (0.84ns)   --->   "%ret_V_17 = add i26 %mul_ln1347_4, i26 67016704"   --->   Operation 213 'add' 'ret_V_17' <Predicate = true> <Delay = 0.84> <CoreInst = "Adder">   --->   Core 1 'Adder' <Latency = 0> <II = 1> <Delay = 0.84> <FuncUnit> <Opcode : 'add' 'sub'> <InPorts = 2> <OutPorts = 1>
ST_2 : Operation 214 [1/1] (0.00ns)   --->   "%trunc_ln818_5 = partselect i16 @_ssdm_op_PartSelect.i16.i26.i32.i32, i26 %ret_V_17, i32 10, i32 25"   --->   Operation 214 'partselect' 'trunc_ln818_5' <Predicate = true> <Delay = 0.00>
ST_2 : Operation 215 [1/1] (0.84ns)   --->   "%ret_V_18 = add i26 %mul_ln1347_5, i26 66742272"   --->   Operation 215 'add' 'ret_V_18' <Predicate = true> <Delay = 0.84> <CoreInst = "Adder">   --->   Core 1 'Adder' <Latency = 0> <II = 1> <Delay = 0.84> <FuncUnit> <Opcode : 'add' 'sub'> <InPorts = 2> <OutPorts = 1>
ST_2 : Operation 216 [1/1] (0.00ns)   --->   "%trunc_ln818_6 = partselect i16 @_ssdm_op_PartSelect.i16.i26.i32.i32, i26 %ret_V_18, i32 10, i32 25"   --->   Operation 216 'partselect' 'trunc_ln818_6' <Predicate = true> <Delay = 0.00>
ST_2 : Operation 217 [1/1] (0.84ns)   --->   "%ret_V_19 = add i26 %mul_ln1347_6, i26 67026944"   --->   Operation 217 'add' 'ret_V_19' <Predicate = true> <Delay = 0.84> <CoreInst = "Adder">   --->   Core 1 'Adder' <Latency = 0> <II = 1> <Delay = 0.84> <FuncUnit> <Opcode : 'add' 'sub'> <InPorts = 2> <OutPorts = 1>
ST_2 : Operation 218 [1/1] (0.00ns)   --->   "%trunc_ln818_7 = partselect i16 @_ssdm_op_PartSelect.i16.i26.i32.i32, i26 %ret_V_19, i32 10, i32 25"   --->   Operation 218 'partselect' 'trunc_ln818_7' <Predicate = true> <Delay = 0.00>
ST_2 : Operation 219 [1/1] (0.84ns)   --->   "%ret_V_20 = add i26 %mul_ln1347_7, i26 66945024"   --->   Operation 219 'add' 'ret_V_20' <Predicate = true> <Delay = 0.84> <CoreInst = "Adder">   --->   Core 1 'Adder' <Latency = 0> <II = 1> <Delay = 0.84> <FuncUnit> <Opcode : 'add' 'sub'> <InPorts = 2> <OutPorts = 1>
ST_2 : Operation 220 [1/1] (0.00ns)   --->   "%trunc_ln818_8 = partselect i16 @_ssdm_op_PartSelect.i16.i26.i32.i32, i26 %ret_V_20, i32 10, i32 25"   --->   Operation 220 'partselect' 'trunc_ln818_8' <Predicate = true> <Delay = 0.00>
ST_2 : Operation 221 [1/1] (0.84ns)   --->   "%ret_V_21 = add i26 %mul_ln1347_8, i26 66406400"   --->   Operation 221 'add' 'ret_V_21' <Predicate = true> <Delay = 0.84> <CoreInst = "Adder">   --->   Core 1 'Adder' <Latency = 0> <II = 1> <Delay = 0.84> <FuncUnit> <Opcode : 'add' 'sub'> <InPorts = 2> <OutPorts = 1>
ST_2 : Operation 222 [1/1] (0.00ns)   --->   "%trunc_ln818_9 = partselect i16 @_ssdm_op_PartSelect.i16.i26.i32.i32, i26 %ret_V_21, i32 10, i32 25"   --->   Operation 222 'partselect' 'trunc_ln818_9' <Predicate = true> <Delay = 0.00>
ST_2 : Operation 223 [1/1] (0.84ns)   --->   "%ret_V_22 = add i26 %mul_ln1347_9, i26 66415616"   --->   Operation 223 'add' 'ret_V_22' <Predicate = true> <Delay = 0.84> <CoreInst = "Adder">   --->   Core 1 'Adder' <Latency = 0> <II = 1> <Delay = 0.84> <FuncUnit> <Opcode : 'add' 'sub'> <InPorts = 2> <OutPorts = 1>
ST_2 : Operation 224 [1/1] (0.00ns)   --->   "%trunc_ln818_s = partselect i16 @_ssdm_op_PartSelect.i16.i26.i32.i32, i26 %ret_V_22, i32 10, i32 25"   --->   Operation 224 'partselect' 'trunc_ln818_s' <Predicate = true> <Delay = 0.00>
ST_2 : Operation 225 [1/1] (0.84ns)   --->   "%ret_V_23 = add i26 %mul_ln1347_10, i26 13312"   --->   Operation 225 'add' 'ret_V_23' <Predicate = true> <Delay = 0.84> <CoreInst = "Adder">   --->   Core 1 'Adder' <Latency = 0> <II = 1> <Delay = 0.84> <FuncUnit> <Opcode : 'add' 'sub'> <InPorts = 2> <OutPorts = 1>
ST_2 : Operation 226 [1/1] (0.00ns)   --->   "%trunc_ln818_1 = partselect i16 @_ssdm_op_PartSelect.i16.i26.i32.i32, i26 %ret_V_23, i32 10, i32 25"   --->   Operation 226 'partselect' 'trunc_ln818_1' <Predicate = true> <Delay = 0.00>
ST_2 : Operation 227 [1/1] (0.84ns)   --->   "%ret_V_24 = add i26 %mul_ln1347_11, i26 66779136"   --->   Operation 227 'add' 'ret_V_24' <Predicate = true> <Delay = 0.84> <CoreInst = "Adder">   --->   Core 1 'Adder' <Latency = 0> <II = 1> <Delay = 0.84> <FuncUnit> <Opcode : 'add' 'sub'> <InPorts = 2> <OutPorts = 1>
ST_2 : Operation 228 [1/1] (0.00ns)   --->   "%trunc_ln818_10 = partselect i16 @_ssdm_op_PartSelect.i16.i26.i32.i32, i26 %ret_V_24, i32 10, i32 25"   --->   Operation 228 'partselect' 'trunc_ln818_10' <Predicate = true> <Delay = 0.00>
ST_2 : Operation 229 [1/1] (0.84ns)   --->   "%ret_V_25 = add i26 %mul_ln1347_12, i26 66325504"   --->   Operation 229 'add' 'ret_V_25' <Predicate = true> <Delay = 0.84> <CoreInst = "Adder">   --->   Core 1 'Adder' <Latency = 0> <II = 1> <Delay = 0.84> <FuncUnit> <Opcode : 'add' 'sub'> <InPorts = 2> <OutPorts = 1>
ST_2 : Operation 230 [1/1] (0.00ns)   --->   "%trunc_ln818_11 = partselect i16 @_ssdm_op_PartSelect.i16.i26.i32.i32, i26 %ret_V_25, i32 10, i32 25"   --->   Operation 230 'partselect' 'trunc_ln818_11' <Predicate = true> <Delay = 0.00>
ST_2 : Operation 231 [1/1] (0.84ns)   --->   "%ret_V_26 = add i26 %mul_ln1347_13, i26 750592"   --->   Operation 231 'add' 'ret_V_26' <Predicate = true> <Delay = 0.84> <CoreInst = "Adder">   --->   Core 1 'Adder' <Latency = 0> <II = 1> <Delay = 0.84> <FuncUnit> <Opcode : 'add' 'sub'> <InPorts = 2> <OutPorts = 1>
ST_2 : Operation 232 [1/1] (0.00ns)   --->   "%trunc_ln818_12 = partselect i16 @_ssdm_op_PartSelect.i16.i26.i32.i32, i26 %ret_V_26, i32 10, i32 25"   --->   Operation 232 'partselect' 'trunc_ln818_12' <Predicate = true> <Delay = 0.00>
ST_2 : Operation 233 [1/1] (0.84ns)   --->   "%ret_V_27 = add i26 %mul_ln1347_14, i26 67075072"   --->   Operation 233 'add' 'ret_V_27' <Predicate = true> <Delay = 0.84> <CoreInst = "Adder">   --->   Core 1 'Adder' <Latency = 0> <II = 1> <Delay = 0.84> <FuncUnit> <Opcode : 'add' 'sub'> <InPorts = 2> <OutPorts = 1>
ST_2 : Operation 234 [1/1] (0.00ns)   --->   "%trunc_ln818_13 = partselect i16 @_ssdm_op_PartSelect.i16.i26.i32.i32, i26 %ret_V_27, i32 10, i32 25"   --->   Operation 234 'partselect' 'trunc_ln818_13' <Predicate = true> <Delay = 0.00>
ST_2 : Operation 235 [1/1] (0.84ns)   --->   "%ret_V_28 = add i26 %mul_ln1347_15, i26 66331648"   --->   Operation 235 'add' 'ret_V_28' <Predicate = true> <Delay = 0.84> <CoreInst = "Adder">   --->   Core 1 'Adder' <Latency = 0> <II = 1> <Delay = 0.84> <FuncUnit> <Opcode : 'add' 'sub'> <InPorts = 2> <OutPorts = 1>
ST_2 : Operation 236 [1/1] (0.00ns)   --->   "%trunc_ln818_14 = partselect i16 @_ssdm_op_PartSelect.i16.i26.i32.i32, i26 %ret_V_28, i32 10, i32 25"   --->   Operation 236 'partselect' 'trunc_ln818_14' <Predicate = true> <Delay = 0.00>
ST_2 : Operation 237 [1/1] (0.84ns)   --->   "%ret_V_29 = add i26 %mul_ln1347_16, i26 66363392"   --->   Operation 237 'add' 'ret_V_29' <Predicate = true> <Delay = 0.84> <CoreInst = "Adder">   --->   Core 1 'Adder' <Latency = 0> <II = 1> <Delay = 0.84> <FuncUnit> <Opcode : 'add' 'sub'> <InPorts = 2> <OutPorts = 1>
ST_2 : Operation 238 [1/1] (0.00ns)   --->   "%trunc_ln818_15 = partselect i16 @_ssdm_op_PartSelect.i16.i26.i32.i32, i26 %ret_V_29, i32 10, i32 25"   --->   Operation 238 'partselect' 'trunc_ln818_15' <Predicate = true> <Delay = 0.00>
ST_2 : Operation 239 [1/1] (0.84ns)   --->   "%ret_V_30 = add i26 %mul_ln1347_17, i26 67049472"   --->   Operation 239 'add' 'ret_V_30' <Predicate = true> <Delay = 0.84> <CoreInst = "Adder">   --->   Core 1 'Adder' <Latency = 0> <II = 1> <Delay = 0.84> <FuncUnit> <Opcode : 'add' 'sub'> <InPorts = 2> <OutPorts = 1>
ST_2 : Operation 240 [1/1] (0.00ns)   --->   "%trunc_ln818_16 = partselect i16 @_ssdm_op_PartSelect.i16.i26.i32.i32, i26 %ret_V_30, i32 10, i32 25"   --->   Operation 240 'partselect' 'trunc_ln818_16' <Predicate = true> <Delay = 0.00>
ST_2 : Operation 241 [1/1] (0.84ns)   --->   "%ret_V_31 = add i26 %mul_ln1347_18, i26 573440"   --->   Operation 241 'add' 'ret_V_31' <Predicate = true> <Delay = 0.84> <CoreInst = "Adder">   --->   Core 1 'Adder' <Latency = 0> <II = 1> <Delay = 0.84> <FuncUnit> <Opcode : 'add' 'sub'> <InPorts = 2> <OutPorts = 1>
ST_2 : Operation 242 [1/1] (0.00ns)   --->   "%trunc_ln818_17 = partselect i16 @_ssdm_op_PartSelect.i16.i26.i32.i32, i26 %ret_V_31, i32 10, i32 25"   --->   Operation 242 'partselect' 'trunc_ln818_17' <Predicate = true> <Delay = 0.00>
ST_2 : Operation 243 [1/1] (0.84ns)   --->   "%ret_V_32 = add i26 %mul_ln1347_19, i26 66489344"   --->   Operation 243 'add' 'ret_V_32' <Predicate = true> <Delay = 0.84> <CoreInst = "Adder">   --->   Core 1 'Adder' <Latency = 0> <II = 1> <Delay = 0.84> <FuncUnit> <Opcode : 'add' 'sub'> <InPorts = 2> <OutPorts = 1>
ST_2 : Operation 244 [1/1] (0.00ns)   --->   "%trunc_ln818_18 = partselect i16 @_ssdm_op_PartSelect.i16.i26.i32.i32, i26 %ret_V_32, i32 10, i32 25"   --->   Operation 244 'partselect' 'trunc_ln818_18' <Predicate = true> <Delay = 0.00>
ST_2 : Operation 245 [1/1] (0.84ns)   --->   "%ret_V_33 = add i26 %mul_ln1347_20, i26 399360"   --->   Operation 245 'add' 'ret_V_33' <Predicate = true> <Delay = 0.84> <CoreInst = "Adder">   --->   Core 1 'Adder' <Latency = 0> <II = 1> <Delay = 0.84> <FuncUnit> <Opcode : 'add' 'sub'> <InPorts = 2> <OutPorts = 1>
ST_2 : Operation 246 [1/1] (0.00ns)   --->   "%trunc_ln818_19 = partselect i16 @_ssdm_op_PartSelect.i16.i26.i32.i32, i26 %ret_V_33, i32 10, i32 25"   --->   Operation 246 'partselect' 'trunc_ln818_19' <Predicate = true> <Delay = 0.00>
ST_2 : Operation 247 [1/1] (0.84ns)   --->   "%ret_V_34 = add i26 %mul_ln1347_21, i26 228352"   --->   Operation 247 'add' 'ret_V_34' <Predicate = true> <Delay = 0.84> <CoreInst = "Adder">   --->   Core 1 'Adder' <Latency = 0> <II = 1> <Delay = 0.84> <FuncUnit> <Opcode : 'add' 'sub'> <InPorts = 2> <OutPorts = 1>
ST_2 : Operation 248 [1/1] (0.00ns)   --->   "%trunc_ln818_20 = partselect i16 @_ssdm_op_PartSelect.i16.i26.i32.i32, i26 %ret_V_34, i32 10, i32 25"   --->   Operation 248 'partselect' 'trunc_ln818_20' <Predicate = true> <Delay = 0.00>
ST_2 : Operation 249 [1/1] (0.84ns)   --->   "%ret_V_35 = add i26 %mul_ln1347_22, i26 66705408"   --->   Operation 249 'add' 'ret_V_35' <Predicate = true> <Delay = 0.84> <CoreInst = "Adder">   --->   Core 1 'Adder' <Latency = 0> <II = 1> <Delay = 0.84> <FuncUnit> <Opcode : 'add' 'sub'> <InPorts = 2> <OutPorts = 1>
ST_2 : Operation 250 [1/1] (0.00ns)   --->   "%trunc_ln818_21 = partselect i16 @_ssdm_op_PartSelect.i16.i26.i32.i32, i26 %ret_V_35, i32 10, i32 25"   --->   Operation 250 'partselect' 'trunc_ln818_21' <Predicate = true> <Delay = 0.00>
ST_2 : Operation 251 [1/1] (0.84ns)   --->   "%ret_V_36 = add i26 %mul_ln1347_23, i26 66440192"   --->   Operation 251 'add' 'ret_V_36' <Predicate = true> <Delay = 0.84> <CoreInst = "Adder">   --->   Core 1 'Adder' <Latency = 0> <II = 1> <Delay = 0.84> <FuncUnit> <Opcode : 'add' 'sub'> <InPorts = 2> <OutPorts = 1>
ST_2 : Operation 252 [1/1] (0.00ns)   --->   "%trunc_ln818_22 = partselect i16 @_ssdm_op_PartSelect.i16.i26.i32.i32, i26 %ret_V_36, i32 10, i32 25"   --->   Operation 252 'partselect' 'trunc_ln818_22' <Predicate = true> <Delay = 0.00>
ST_2 : Operation 253 [1/1] (0.84ns)   --->   "%ret_V_37 = add i26 %mul_ln1347_24, i26 66469888"   --->   Operation 253 'add' 'ret_V_37' <Predicate = true> <Delay = 0.84> <CoreInst = "Adder">   --->   Core 1 'Adder' <Latency = 0> <II = 1> <Delay = 0.84> <FuncUnit> <Opcode : 'add' 'sub'> <InPorts = 2> <OutPorts = 1>
ST_2 : Operation 254 [1/1] (0.00ns)   --->   "%trunc_ln818_23 = partselect i16 @_ssdm_op_PartSelect.i16.i26.i32.i32, i26 %ret_V_37, i32 10, i32 25"   --->   Operation 254 'partselect' 'trunc_ln818_23' <Predicate = true> <Delay = 0.00>
ST_2 : Operation 255 [1/1] (0.84ns)   --->   "%ret_V_38 = add i26 %mul_ln1347_25, i26 669696"   --->   Operation 255 'add' 'ret_V_38' <Predicate = true> <Delay = 0.84> <CoreInst = "Adder">   --->   Core 1 'Adder' <Latency = 0> <II = 1> <Delay = 0.84> <FuncUnit> <Opcode : 'add' 'sub'> <InPorts = 2> <OutPorts = 1>
ST_2 : Operation 256 [1/1] (0.00ns)   --->   "%trunc_ln818_24 = partselect i16 @_ssdm_op_PartSelect.i16.i26.i32.i32, i26 %ret_V_38, i32 10, i32 25"   --->   Operation 256 'partselect' 'trunc_ln818_24' <Predicate = true> <Delay = 0.00>
ST_2 : Operation 257 [1/1] (0.84ns)   --->   "%ret_V_39 = add i26 %mul_ln1347_26, i26 435200"   --->   Operation 257 'add' 'ret_V_39' <Predicate = true> <Delay = 0.84> <CoreInst = "Adder">   --->   Core 1 'Adder' <Latency = 0> <II = 1> <Delay = 0.84> <FuncUnit> <Opcode : 'add' 'sub'> <InPorts = 2> <OutPorts = 1>
ST_2 : Operation 258 [1/1] (0.00ns)   --->   "%trunc_ln818_25 = partselect i16 @_ssdm_op_PartSelect.i16.i26.i32.i32, i26 %ret_V_39, i32 10, i32 25"   --->   Operation 258 'partselect' 'trunc_ln818_25' <Predicate = true> <Delay = 0.00>
ST_2 : Operation 259 [1/1] (0.84ns)   --->   "%ret_V_40 = add i26 %mul_ln1347_27, i26 66524160"   --->   Operation 259 'add' 'ret_V_40' <Predicate = true> <Delay = 0.84> <CoreInst = "Adder">   --->   Core 1 'Adder' <Latency = 0> <II = 1> <Delay = 0.84> <FuncUnit> <Opcode : 'add' 'sub'> <InPorts = 2> <OutPorts = 1>
ST_2 : Operation 260 [1/1] (0.00ns)   --->   "%trunc_ln818_26 = partselect i16 @_ssdm_op_PartSelect.i16.i26.i32.i32, i26 %ret_V_40, i32 10, i32 25"   --->   Operation 260 'partselect' 'trunc_ln818_26' <Predicate = true> <Delay = 0.00>
ST_2 : Operation 261 [1/1] (0.84ns)   --->   "%ret_V_41 = add i26 %mul_ln1347_28, i26 66766848"   --->   Operation 261 'add' 'ret_V_41' <Predicate = true> <Delay = 0.84> <CoreInst = "Adder">   --->   Core 1 'Adder' <Latency = 0> <II = 1> <Delay = 0.84> <FuncUnit> <Opcode : 'add' 'sub'> <InPorts = 2> <OutPorts = 1>
ST_2 : Operation 262 [1/1] (0.00ns)   --->   "%trunc_ln818_27 = partselect i16 @_ssdm_op_PartSelect.i16.i26.i32.i32, i26 %ret_V_41, i32 10, i32 25"   --->   Operation 262 'partselect' 'trunc_ln818_27' <Predicate = true> <Delay = 0.00>
ST_2 : Operation 263 [1/1] (0.84ns)   --->   "%ret_V_42 = add i26 %mul_ln1347_29, i26 614400"   --->   Operation 263 'add' 'ret_V_42' <Predicate = true> <Delay = 0.84> <CoreInst = "Adder">   --->   Core 1 'Adder' <Latency = 0> <II = 1> <Delay = 0.84> <FuncUnit> <Opcode : 'add' 'sub'> <InPorts = 2> <OutPorts = 1>
ST_2 : Operation 264 [1/1] (0.00ns)   --->   "%trunc_ln818_28 = partselect i16 @_ssdm_op_PartSelect.i16.i26.i32.i32, i26 %ret_V_42, i32 10, i32 25"   --->   Operation 264 'partselect' 'trunc_ln818_28' <Predicate = true> <Delay = 0.00>
ST_2 : Operation 265 [1/1] (0.84ns)   --->   "%ret_V_43 = add i26 %mul_ln1347_30, i26 281600"   --->   Operation 265 'add' 'ret_V_43' <Predicate = true> <Delay = 0.84> <CoreInst = "Adder">   --->   Core 1 'Adder' <Latency = 0> <II = 1> <Delay = 0.84> <FuncUnit> <Opcode : 'add' 'sub'> <InPorts = 2> <OutPorts = 1>
ST_2 : Operation 266 [1/1] (0.00ns)   --->   "%trunc_ln818_29 = partselect i16 @_ssdm_op_PartSelect.i16.i26.i32.i32, i26 %ret_V_43, i32 10, i32 25"   --->   Operation 266 'partselect' 'trunc_ln818_29' <Predicate = true> <Delay = 0.00>
ST_2 : Operation 267 [1/1] (0.84ns)   --->   "%ret_V_44 = add i26 %mul_ln1347_31, i26 66935808"   --->   Operation 267 'add' 'ret_V_44' <Predicate = true> <Delay = 0.84> <CoreInst = "Adder">   --->   Core 1 'Adder' <Latency = 0> <II = 1> <Delay = 0.84> <FuncUnit> <Opcode : 'add' 'sub'> <InPorts = 2> <OutPorts = 1>
ST_2 : Operation 268 [1/1] (0.00ns)   --->   "%trunc_ln818_30 = partselect i16 @_ssdm_op_PartSelect.i16.i26.i32.i32, i26 %ret_V_44, i32 10, i32 25"   --->   Operation 268 'partselect' 'trunc_ln818_30' <Predicate = true> <Delay = 0.00>
ST_2 : Operation 269 [1/1] (0.84ns)   --->   "%ret_V_45 = add i26 %mul_ln1347_32, i26 66939904"   --->   Operation 269 'add' 'ret_V_45' <Predicate = true> <Delay = 0.84> <CoreInst = "Adder">   --->   Core 1 'Adder' <Latency = 0> <II = 1> <Delay = 0.84> <FuncUnit> <Opcode : 'add' 'sub'> <InPorts = 2> <OutPorts = 1>
ST_2 : Operation 270 [1/1] (0.00ns)   --->   "%trunc_ln818_31 = partselect i16 @_ssdm_op_PartSelect.i16.i26.i32.i32, i26 %ret_V_45, i32 10, i32 25"   --->   Operation 270 'partselect' 'trunc_ln818_31' <Predicate = true> <Delay = 0.00>
ST_2 : Operation 271 [1/1] (0.84ns)   --->   "%ret_V_46 = add i26 %mul_ln1347_33, i26 942080"   --->   Operation 271 'add' 'ret_V_46' <Predicate = true> <Delay = 0.84> <CoreInst = "Adder">   --->   Core 1 'Adder' <Latency = 0> <II = 1> <Delay = 0.84> <FuncUnit> <Opcode : 'add' 'sub'> <InPorts = 2> <OutPorts = 1>
ST_2 : Operation 272 [1/1] (0.00ns)   --->   "%trunc_ln818_32 = partselect i16 @_ssdm_op_PartSelect.i16.i26.i32.i32, i26 %ret_V_46, i32 10, i32 25"   --->   Operation 272 'partselect' 'trunc_ln818_32' <Predicate = true> <Delay = 0.00>
ST_2 : Operation 273 [1/1] (0.84ns)   --->   "%ret_V_47 = add i26 %mul_ln1347_34, i26 261120"   --->   Operation 273 'add' 'ret_V_47' <Predicate = true> <Delay = 0.84> <CoreInst = "Adder">   --->   Core 1 'Adder' <Latency = 0> <II = 1> <Delay = 0.84> <FuncUnit> <Opcode : 'add' 'sub'> <InPorts = 2> <OutPorts = 1>
ST_2 : Operation 274 [1/1] (0.00ns)   --->   "%trunc_ln818_33 = partselect i16 @_ssdm_op_PartSelect.i16.i26.i32.i32, i26 %ret_V_47, i32 10, i32 25"   --->   Operation 274 'partselect' 'trunc_ln818_33' <Predicate = true> <Delay = 0.00>
ST_2 : Operation 275 [1/1] (0.84ns)   --->   "%ret_V_48 = add i26 %mul_ln1347_35, i26 66234368"   --->   Operation 275 'add' 'ret_V_48' <Predicate = true> <Delay = 0.84> <CoreInst = "Adder">   --->   Core 1 'Adder' <Latency = 0> <II = 1> <Delay = 0.84> <FuncUnit> <Opcode : 'add' 'sub'> <InPorts = 2> <OutPorts = 1>
ST_2 : Operation 276 [1/1] (0.00ns)   --->   "%trunc_ln818_34 = partselect i16 @_ssdm_op_PartSelect.i16.i26.i32.i32, i26 %ret_V_48, i32 10, i32 25"   --->   Operation 276 'partselect' 'trunc_ln818_34' <Predicate = true> <Delay = 0.00>
ST_2 : Operation 277 [1/1] (0.84ns)   --->   "%ret_V_49 = add i26 %mul_ln1347_36, i26 66500608"   --->   Operation 277 'add' 'ret_V_49' <Predicate = true> <Delay = 0.84> <CoreInst = "Adder">   --->   Core 1 'Adder' <Latency = 0> <II = 1> <Delay = 0.84> <FuncUnit> <Opcode : 'add' 'sub'> <InPorts = 2> <OutPorts = 1>
ST_2 : Operation 278 [1/1] (0.00ns)   --->   "%trunc_ln818_35 = partselect i16 @_ssdm_op_PartSelect.i16.i26.i32.i32, i26 %ret_V_49, i32 10, i32 25"   --->   Operation 278 'partselect' 'trunc_ln818_35' <Predicate = true> <Delay = 0.00>
ST_2 : Operation 279 [1/1] (0.84ns)   --->   "%ret_V_50 = add i26 %mul_ln1347_37, i26 67002368"   --->   Operation 279 'add' 'ret_V_50' <Predicate = true> <Delay = 0.84> <CoreInst = "Adder">   --->   Core 1 'Adder' <Latency = 0> <II = 1> <Delay = 0.84> <FuncUnit> <Opcode : 'add' 'sub'> <InPorts = 2> <OutPorts = 1>
ST_2 : Operation 280 [1/1] (0.00ns)   --->   "%trunc_ln818_36 = partselect i16 @_ssdm_op_PartSelect.i16.i26.i32.i32, i26 %ret_V_50, i32 10, i32 25"   --->   Operation 280 'partselect' 'trunc_ln818_36' <Predicate = true> <Delay = 0.00>
ST_2 : Operation 281 [1/1] (0.84ns)   --->   "%ret_V_51 = add i26 %mul_ln1347_38, i26 66564096"   --->   Operation 281 'add' 'ret_V_51' <Predicate = true> <Delay = 0.84> <CoreInst = "Adder">   --->   Core 1 'Adder' <Latency = 0> <II = 1> <Delay = 0.84> <FuncUnit> <Opcode : 'add' 'sub'> <InPorts = 2> <OutPorts = 1>
ST_2 : Operation 282 [1/1] (0.00ns)   --->   "%trunc_ln818_37 = partselect i16 @_ssdm_op_PartSelect.i16.i26.i32.i32, i26 %ret_V_51, i32 10, i32 25"   --->   Operation 282 'partselect' 'trunc_ln818_37' <Predicate = true> <Delay = 0.00>
ST_2 : Operation 283 [1/1] (0.84ns)   --->   "%ret_V_52 = add i26 %mul_ln1347_39, i26 65948672"   --->   Operation 283 'add' 'ret_V_52' <Predicate = true> <Delay = 0.84> <CoreInst = "Adder">   --->   Core 1 'Adder' <Latency = 0> <II = 1> <Delay = 0.84> <FuncUnit> <Opcode : 'add' 'sub'> <InPorts = 2> <OutPorts = 1>
ST_2 : Operation 284 [1/1] (0.00ns)   --->   "%trunc_ln818_38 = partselect i16 @_ssdm_op_PartSelect.i16.i26.i32.i32, i26 %ret_V_52, i32 10, i32 25"   --->   Operation 284 'partselect' 'trunc_ln818_38' <Predicate = true> <Delay = 0.00>
ST_2 : Operation 285 [1/1] (0.84ns)   --->   "%ret_V_53 = add i26 %mul_ln1347_40, i26 66561024"   --->   Operation 285 'add' 'ret_V_53' <Predicate = true> <Delay = 0.84> <CoreInst = "Adder">   --->   Core 1 'Adder' <Latency = 0> <II = 1> <Delay = 0.84> <FuncUnit> <Opcode : 'add' 'sub'> <InPorts = 2> <OutPorts = 1>
ST_2 : Operation 286 [1/1] (0.00ns)   --->   "%trunc_ln818_39 = partselect i16 @_ssdm_op_PartSelect.i16.i26.i32.i32, i26 %ret_V_53, i32 10, i32 25"   --->   Operation 286 'partselect' 'trunc_ln818_39' <Predicate = true> <Delay = 0.00>
ST_2 : Operation 287 [1/1] (0.84ns)   --->   "%ret_V_54 = add i26 %mul_ln1347_41, i26 6144"   --->   Operation 287 'add' 'ret_V_54' <Predicate = true> <Delay = 0.84> <CoreInst = "Adder">   --->   Core 1 'Adder' <Latency = 0> <II = 1> <Delay = 0.84> <FuncUnit> <Opcode : 'add' 'sub'> <InPorts = 2> <OutPorts = 1>
ST_2 : Operation 288 [1/1] (0.00ns)   --->   "%trunc_ln818_40 = partselect i16 @_ssdm_op_PartSelect.i16.i26.i32.i32, i26 %ret_V_54, i32 10, i32 25"   --->   Operation 288 'partselect' 'trunc_ln818_40' <Predicate = true> <Delay = 0.00>
ST_2 : Operation 289 [1/1] (0.84ns)   --->   "%ret_V_55 = add i26 %mul_ln1347_42, i26 66882560"   --->   Operation 289 'add' 'ret_V_55' <Predicate = true> <Delay = 0.84> <CoreInst = "Adder">   --->   Core 1 'Adder' <Latency = 0> <II = 1> <Delay = 0.84> <FuncUnit> <Opcode : 'add' 'sub'> <InPorts = 2> <OutPorts = 1>
ST_2 : Operation 290 [1/1] (0.00ns)   --->   "%trunc_ln818_41 = partselect i16 @_ssdm_op_PartSelect.i16.i26.i32.i32, i26 %ret_V_55, i32 10, i32 25"   --->   Operation 290 'partselect' 'trunc_ln818_41' <Predicate = true> <Delay = 0.00>
ST_2 : Operation 291 [1/1] (0.84ns)   --->   "%ret_V_56 = add i26 %mul_ln1347_43, i26 530432"   --->   Operation 291 'add' 'ret_V_56' <Predicate = true> <Delay = 0.84> <CoreInst = "Adder">   --->   Core 1 'Adder' <Latency = 0> <II = 1> <Delay = 0.84> <FuncUnit> <Opcode : 'add' 'sub'> <InPorts = 2> <OutPorts = 1>
ST_2 : Operation 292 [1/1] (0.00ns)   --->   "%trunc_ln818_42 = partselect i16 @_ssdm_op_PartSelect.i16.i26.i32.i32, i26 %ret_V_56, i32 10, i32 25"   --->   Operation 292 'partselect' 'trunc_ln818_42' <Predicate = true> <Delay = 0.00>
ST_2 : Operation 293 [1/1] (0.84ns)   --->   "%ret_V_57 = add i26 %mul_ln1347_44, i26 66708480"   --->   Operation 293 'add' 'ret_V_57' <Predicate = true> <Delay = 0.84> <CoreInst = "Adder">   --->   Core 1 'Adder' <Latency = 0> <II = 1> <Delay = 0.84> <FuncUnit> <Opcode : 'add' 'sub'> <InPorts = 2> <OutPorts = 1>
ST_2 : Operation 294 [1/1] (0.00ns)   --->   "%trunc_ln818_43 = partselect i16 @_ssdm_op_PartSelect.i16.i26.i32.i32, i26 %ret_V_57, i32 10, i32 25"   --->   Operation 294 'partselect' 'trunc_ln818_43' <Predicate = true> <Delay = 0.00>
ST_2 : Operation 295 [1/1] (0.84ns)   --->   "%ret_V_58 = add i26 %mul_ln1347_45, i26 66334720"   --->   Operation 295 'add' 'ret_V_58' <Predicate = true> <Delay = 0.84> <CoreInst = "Adder">   --->   Core 1 'Adder' <Latency = 0> <II = 1> <Delay = 0.84> <FuncUnit> <Opcode : 'add' 'sub'> <InPorts = 2> <OutPorts = 1>
ST_2 : Operation 296 [1/1] (0.00ns)   --->   "%trunc_ln818_44 = partselect i16 @_ssdm_op_PartSelect.i16.i26.i32.i32, i26 %ret_V_58, i32 10, i32 25"   --->   Operation 296 'partselect' 'trunc_ln818_44' <Predicate = true> <Delay = 0.00>
ST_2 : Operation 297 [1/1] (0.84ns)   --->   "%ret_V_59 = add i26 %mul_ln1347_46, i26 21504"   --->   Operation 297 'add' 'ret_V_59' <Predicate = true> <Delay = 0.84> <CoreInst = "Adder">   --->   Core 1 'Adder' <Latency = 0> <II = 1> <Delay = 0.84> <FuncUnit> <Opcode : 'add' 'sub'> <InPorts = 2> <OutPorts = 1>
ST_2 : Operation 298 [1/1] (0.00ns)   --->   "%trunc_ln818_45 = partselect i16 @_ssdm_op_PartSelect.i16.i26.i32.i32, i26 %ret_V_59, i32 10, i32 25"   --->   Operation 298 'partselect' 'trunc_ln818_45' <Predicate = true> <Delay = 0.00>
ST_2 : Operation 299 [1/1] (0.84ns)   --->   "%ret_V_60 = add i26 %mul_ln1347_47, i26 169984"   --->   Operation 299 'add' 'ret_V_60' <Predicate = true> <Delay = 0.84> <CoreInst = "Adder">   --->   Core 1 'Adder' <Latency = 0> <II = 1> <Delay = 0.84> <FuncUnit> <Opcode : 'add' 'sub'> <InPorts = 2> <OutPorts = 1>
ST_2 : Operation 300 [1/1] (0.00ns)   --->   "%trunc_ln818_46 = partselect i16 @_ssdm_op_PartSelect.i16.i26.i32.i32, i26 %ret_V_60, i32 10, i32 25"   --->   Operation 300 'partselect' 'trunc_ln818_46' <Predicate = true> <Delay = 0.00>
ST_2 : Operation 301 [1/1] (0.84ns)   --->   "%ret_V_61 = add i26 %mul_ln1347_48, i26 50176"   --->   Operation 301 'add' 'ret_V_61' <Predicate = true> <Delay = 0.84> <CoreInst = "Adder">   --->   Core 1 'Adder' <Latency = 0> <II = 1> <Delay = 0.84> <FuncUnit> <Opcode : 'add' 'sub'> <InPorts = 2> <OutPorts = 1>
ST_2 : Operation 302 [1/1] (0.00ns)   --->   "%trunc_ln818_47 = partselect i16 @_ssdm_op_PartSelect.i16.i26.i32.i32, i26 %ret_V_61, i32 10, i32 25"   --->   Operation 302 'partselect' 'trunc_ln818_47' <Predicate = true> <Delay = 0.00>
ST_2 : Operation 303 [1/1] (0.84ns)   --->   "%ret_V_62 = add i26 %mul_ln1347_49, i26 66836480"   --->   Operation 303 'add' 'ret_V_62' <Predicate = true> <Delay = 0.84> <CoreInst = "Adder">   --->   Core 1 'Adder' <Latency = 0> <II = 1> <Delay = 0.84> <FuncUnit> <Opcode : 'add' 'sub'> <InPorts = 2> <OutPorts = 1>
ST_2 : Operation 304 [1/1] (0.00ns)   --->   "%trunc_ln818_48 = partselect i16 @_ssdm_op_PartSelect.i16.i26.i32.i32, i26 %ret_V_62, i32 10, i32 25"   --->   Operation 304 'partselect' 'trunc_ln818_48' <Predicate = true> <Delay = 0.00>
ST_2 : Operation 305 [1/1] (0.84ns)   --->   "%ret_V_63 = add i26 %mul_ln1347_50, i26 67002368"   --->   Operation 305 'add' 'ret_V_63' <Predicate = true> <Delay = 0.84> <CoreInst = "Adder">   --->   Core 1 'Adder' <Latency = 0> <II = 1> <Delay = 0.84> <FuncUnit> <Opcode : 'add' 'sub'> <InPorts = 2> <OutPorts = 1>
ST_2 : Operation 306 [1/1] (0.00ns)   --->   "%trunc_ln818_49 = partselect i16 @_ssdm_op_PartSelect.i16.i26.i32.i32, i26 %ret_V_63, i32 10, i32 25"   --->   Operation 306 'partselect' 'trunc_ln818_49' <Predicate = true> <Delay = 0.00>
ST_2 : Operation 307 [1/1] (0.84ns)   --->   "%ret_V_64 = add i26 %mul_ln1347_51, i26 66887680"   --->   Operation 307 'add' 'ret_V_64' <Predicate = true> <Delay = 0.84> <CoreInst = "Adder">   --->   Core 1 'Adder' <Latency = 0> <II = 1> <Delay = 0.84> <FuncUnit> <Opcode : 'add' 'sub'> <InPorts = 2> <OutPorts = 1>
ST_2 : Operation 308 [1/1] (0.00ns)   --->   "%trunc_ln818_50 = partselect i16 @_ssdm_op_PartSelect.i16.i26.i32.i32, i26 %ret_V_64, i32 10, i32 25"   --->   Operation 308 'partselect' 'trunc_ln818_50' <Predicate = true> <Delay = 0.00>
ST_2 : Operation 309 [1/1] (0.84ns)   --->   "%ret_V_65 = add i26 %mul_ln1347_52, i26 66576384"   --->   Operation 309 'add' 'ret_V_65' <Predicate = true> <Delay = 0.84> <CoreInst = "Adder">   --->   Core 1 'Adder' <Latency = 0> <II = 1> <Delay = 0.84> <FuncUnit> <Opcode : 'add' 'sub'> <InPorts = 2> <OutPorts = 1>
ST_2 : Operation 310 [1/1] (0.00ns)   --->   "%trunc_ln818_51 = partselect i16 @_ssdm_op_PartSelect.i16.i26.i32.i32, i26 %ret_V_65, i32 10, i32 25"   --->   Operation 310 'partselect' 'trunc_ln818_51' <Predicate = true> <Delay = 0.00>
ST_2 : Operation 311 [1/1] (0.84ns)   --->   "%ret_V_66 = add i26 %mul_ln1347_53, i26 66963456"   --->   Operation 311 'add' 'ret_V_66' <Predicate = true> <Delay = 0.84> <CoreInst = "Adder">   --->   Core 1 'Adder' <Latency = 0> <II = 1> <Delay = 0.84> <FuncUnit> <Opcode : 'add' 'sub'> <InPorts = 2> <OutPorts = 1>
ST_2 : Operation 312 [1/1] (0.00ns)   --->   "%trunc_ln818_52 = partselect i16 @_ssdm_op_PartSelect.i16.i26.i32.i32, i26 %ret_V_66, i32 10, i32 25"   --->   Operation 312 'partselect' 'trunc_ln818_52' <Predicate = true> <Delay = 0.00>
ST_2 : Operation 313 [1/1] (0.84ns)   --->   "%ret_V_67 = add i26 %mul_ln1347_54, i26 66738176"   --->   Operation 313 'add' 'ret_V_67' <Predicate = true> <Delay = 0.84> <CoreInst = "Adder">   --->   Core 1 'Adder' <Latency = 0> <II = 1> <Delay = 0.84> <FuncUnit> <Opcode : 'add' 'sub'> <InPorts = 2> <OutPorts = 1>
ST_2 : Operation 314 [1/1] (0.00ns)   --->   "%trunc_ln818_53 = partselect i16 @_ssdm_op_PartSelect.i16.i26.i32.i32, i26 %ret_V_67, i32 10, i32 25"   --->   Operation 314 'partselect' 'trunc_ln818_53' <Predicate = true> <Delay = 0.00>
ST_2 : Operation 315 [1/1] (0.84ns)   --->   "%ret_V_68 = add i26 %mul_ln1347_55, i26 65903616"   --->   Operation 315 'add' 'ret_V_68' <Predicate = true> <Delay = 0.84> <CoreInst = "Adder">   --->   Core 1 'Adder' <Latency = 0> <II = 1> <Delay = 0.84> <FuncUnit> <Opcode : 'add' 'sub'> <InPorts = 2> <OutPorts = 1>
ST_2 : Operation 316 [1/1] (0.00ns)   --->   "%trunc_ln818_54 = partselect i16 @_ssdm_op_PartSelect.i16.i26.i32.i32, i26 %ret_V_68, i32 10, i32 25"   --->   Operation 316 'partselect' 'trunc_ln818_54' <Predicate = true> <Delay = 0.00>
ST_2 : Operation 317 [1/1] (0.84ns)   --->   "%ret_V_69 = add i26 %mul_ln1347_56, i26 65626112"   --->   Operation 317 'add' 'ret_V_69' <Predicate = true> <Delay = 0.84> <CoreInst = "Adder">   --->   Core 1 'Adder' <Latency = 0> <II = 1> <Delay = 0.84> <FuncUnit> <Opcode : 'add' 'sub'> <InPorts = 2> <OutPorts = 1>
ST_2 : Operation 318 [1/1] (0.00ns)   --->   "%trunc_ln818_55 = partselect i16 @_ssdm_op_PartSelect.i16.i26.i32.i32, i26 %ret_V_69, i32 10, i32 25"   --->   Operation 318 'partselect' 'trunc_ln818_55' <Predicate = true> <Delay = 0.00>
ST_2 : Operation 319 [1/1] (0.84ns)   --->   "%ret_V_71 = add i26 %mul_ln1347_57, i26 363520"   --->   Operation 319 'add' 'ret_V_71' <Predicate = true> <Delay = 0.84> <CoreInst = "Adder">   --->   Core 1 'Adder' <Latency = 0> <II = 1> <Delay = 0.84> <FuncUnit> <Opcode : 'add' 'sub'> <InPorts = 2> <OutPorts = 1>
ST_2 : Operation 320 [1/1] (0.00ns)   --->   "%trunc_ln818_57 = partselect i16 @_ssdm_op_PartSelect.i16.i26.i32.i32, i26 %ret_V_71, i32 10, i32 25"   --->   Operation 320 'partselect' 'trunc_ln818_57' <Predicate = true> <Delay = 0.00>
ST_2 : Operation 321 [1/1] (0.84ns)   --->   "%ret_V_72 = add i26 %mul_ln1347_58, i26 66463744"   --->   Operation 321 'add' 'ret_V_72' <Predicate = true> <Delay = 0.84> <CoreInst = "Adder">   --->   Core 1 'Adder' <Latency = 0> <II = 1> <Delay = 0.84> <FuncUnit> <Opcode : 'add' 'sub'> <InPorts = 2> <OutPorts = 1>
ST_2 : Operation 322 [1/1] (0.00ns)   --->   "%trunc_ln818_58 = partselect i16 @_ssdm_op_PartSelect.i16.i26.i32.i32, i26 %ret_V_72, i32 10, i32 25"   --->   Operation 322 'partselect' 'trunc_ln818_58' <Predicate = true> <Delay = 0.00>
ST_2 : Operation 323 [1/1] (0.84ns)   --->   "%ret_V_73 = add i26 %mul_ln1347_59, i26 163840"   --->   Operation 323 'add' 'ret_V_73' <Predicate = true> <Delay = 0.84> <CoreInst = "Adder">   --->   Core 1 'Adder' <Latency = 0> <II = 1> <Delay = 0.84> <FuncUnit> <Opcode : 'add' 'sub'> <InPorts = 2> <OutPorts = 1>
ST_2 : Operation 324 [1/1] (0.00ns)   --->   "%trunc_ln818_59 = partselect i16 @_ssdm_op_PartSelect.i16.i26.i32.i32, i26 %ret_V_73, i32 10, i32 25"   --->   Operation 324 'partselect' 'trunc_ln818_59' <Predicate = true> <Delay = 0.00>
ST_2 : Operation 325 [1/1] (0.84ns)   --->   "%ret_V_74 = add i26 %mul_ln1347_60, i26 586752"   --->   Operation 325 'add' 'ret_V_74' <Predicate = true> <Delay = 0.84> <CoreInst = "Adder">   --->   Core 1 'Adder' <Latency = 0> <II = 1> <Delay = 0.84> <FuncUnit> <Opcode : 'add' 'sub'> <InPorts = 2> <OutPorts = 1>
ST_2 : Operation 326 [1/1] (0.00ns)   --->   "%trunc_ln818_60 = partselect i16 @_ssdm_op_PartSelect.i16.i26.i32.i32, i26 %ret_V_74, i32 10, i32 25"   --->   Operation 326 'partselect' 'trunc_ln818_60' <Predicate = true> <Delay = 0.00>
ST_2 : Operation 327 [1/1] (0.84ns)   --->   "%ret_V_75 = add i26 %mul_ln1347_61, i26 66761728"   --->   Operation 327 'add' 'ret_V_75' <Predicate = true> <Delay = 0.84> <CoreInst = "Adder">   --->   Core 1 'Adder' <Latency = 0> <II = 1> <Delay = 0.84> <FuncUnit> <Opcode : 'add' 'sub'> <InPorts = 2> <OutPorts = 1>
ST_2 : Operation 328 [1/1] (0.00ns)   --->   "%trunc_ln818_61 = partselect i16 @_ssdm_op_PartSelect.i16.i26.i32.i32, i26 %ret_V_75, i32 10, i32 25"   --->   Operation 328 'partselect' 'trunc_ln818_61' <Predicate = true> <Delay = 0.00>
ST_2 : Operation 329 [1/1] (0.84ns)   --->   "%ret_V_76 = add i26 %mul_ln1347_62, i26 182272"   --->   Operation 329 'add' 'ret_V_76' <Predicate = true> <Delay = 0.84> <CoreInst = "Adder">   --->   Core 1 'Adder' <Latency = 0> <II = 1> <Delay = 0.84> <FuncUnit> <Opcode : 'add' 'sub'> <InPorts = 2> <OutPorts = 1>
ST_2 : Operation 330 [1/1] (0.00ns)   --->   "%trunc_ln818_62 = partselect i16 @_ssdm_op_PartSelect.i16.i26.i32.i32, i26 %ret_V_76, i32 10, i32 25"   --->   Operation 330 'partselect' 'trunc_ln818_62' <Predicate = true> <Delay = 0.00>
ST_2 : Operation 331 [1/1] (0.00ns)   --->   "%p_0 = bitconcatenate i1024 @_ssdm_op_BitConcatenate.i1024.i16.i16.i16.i16.i16.i16.i16.i16.i16.i16.i16.i16.i16.i16.i16.i16.i16.i16.i16.i16.i16.i16.i16.i16.i16.i16.i16.i16.i16.i16.i16.i16.i16.i16.i16.i16.i16.i16.i16.i16.i16.i16.i16.i16.i16.i16.i16.i16.i16.i16.i16.i16.i16.i16.i16.i16.i16.i16.i16.i16.i16.i16.i16.i16, i16 %trunc_ln818_62, i16 %trunc_ln818_61, i16 %trunc_ln818_60, i16 %trunc_ln818_59, i16 %trunc_ln818_58, i16 %trunc_ln818_57, i16 %trunc_ln818_56, i16 %trunc_ln818_55, i16 %trunc_ln818_54, i16 %trunc_ln818_53, i16 %trunc_ln818_52, i16 %trunc_ln818_51, i16 %trunc_ln818_50, i16 %trunc_ln818_49, i16 %trunc_ln818_48, i16 %trunc_ln818_47, i16 %trunc_ln818_46, i16 %trunc_ln818_45, i16 %trunc_ln818_44, i16 %trunc_ln818_43, i16 %trunc_ln818_42, i16 %trunc_ln818_41, i16 %trunc_ln818_40, i16 %trunc_ln818_39, i16 %trunc_ln818_38, i16 %trunc_ln818_37, i16 %trunc_ln818_36, i16 %trunc_ln818_35, i16 %trunc_ln818_34, i16 %trunc_ln818_33, i16 %trunc_ln818_32, i16 %trunc_ln818_31, i16 %trunc_ln818_30, i16 %trunc_ln818_29, i16 %trunc_ln818_28, i16 %trunc_ln818_27, i16 %trunc_ln818_26, i16 %trunc_ln818_25, i16 %trunc_ln818_24, i16 %trunc_ln818_23, i16 %trunc_ln818_22, i16 %trunc_ln818_21, i16 %trunc_ln818_20, i16 %trunc_ln818_19, i16 %trunc_ln818_18, i16 %trunc_ln818_17, i16 %trunc_ln818_16, i16 %trunc_ln818_15, i16 %trunc_ln818_14, i16 %trunc_ln818_13, i16 %trunc_ln818_12, i16 %trunc_ln818_11, i16 %trunc_ln818_10, i16 %trunc_ln818_1, i16 %trunc_ln818_s, i16 %trunc_ln818_9, i16 %trunc_ln818_8, i16 %trunc_ln818_7, i16 %trunc_ln818_6, i16 %trunc_ln818_5, i16 %trunc_ln818_4, i16 %trunc_ln818_3, i16 %trunc_ln818_2, i16 %trunc_ln" [/home/ayvol/vitis-accel-CNN/vitis_accel_prj/firmware/nnet_utils/nnet_batchnorm_stream.h:46]   --->   Operation 331 'bitconcatenate' 'p_0' <Predicate = true> <Delay = 0.00>
ST_2 : Operation 332 [1/1] (1.33ns)   --->   "%write_ln46 = write void @_ssdm_op_Write.ap_fifo.volatile.i1024P0A, i1024 %layer21_out, i1024 %p_0" [/home/ayvol/vitis-accel-CNN/vitis_accel_prj/firmware/nnet_utils/nnet_batchnorm_stream.h:46]   --->   Operation 332 'write' 'write_ln46' <Predicate = true> <Delay = 1.33> <CoreInst = "FIFO_SRL">   --->   Core 81 'FIFO_SRL' <Latency = 0> <II = 1> <Delay = 1.33> <Storage> <Opcode : 'read' 'write' 'nbread' 'nbwrite'> <Ports = 0> <Width = 1024> <Depth = 1> <FIFO>
ST_2 : Operation 333 [1/1] (0.00ns)   --->   "%ret_ln48 = ret" [/home/ayvol/vitis-accel-CNN/vitis_accel_prj/firmware/nnet_utils/nnet_batchnorm_stream.h:48]   --->   Operation 333 'ret' 'ret_ln48' <Predicate = true> <Delay = 0.00>


============================================================
+ Verbose Summary: Timing violations
============================================================
Target clock period: 5ns, clock uncertainty: 1.35ns.

 <State 1>: 3.27ns
The critical path consists of the following:
	fifo read operation ('layer19_out_read', /home/ayvol/vitis-accel-CNN/vitis_accel_prj/firmware/nnet_utils/nnet_batchnorm_stream.h:28) on port 'layer19_out' (/home/ayvol/vitis-accel-CNN/vitis_accel_prj/firmware/nnet_utils/nnet_batchnorm_stream.h:28) [6]  (1.33 ns)
	'mul' operation ('mul_ln1347') [71]  (1.94 ns)

 <State 2>: 2.18ns
The critical path consists of the following:
	'add' operation ('ret.V') [72]  (0.844 ns)
	fifo write operation ('write_ln46', /home/ayvol/vitis-accel-CNN/vitis_accel_prj/firmware/nnet_utils/nnet_batchnorm_stream.h:46) on port 'layer21_out' (/home/ayvol/vitis-accel-CNN/vitis_accel_prj/firmware/nnet_utils/nnet_batchnorm_stream.h:46) [332]  (1.33 ns)


============================================================
+ Verbose Summary: Binding
============================================================
N/A
* FSMD analyzer results:
  - Output states:
 - Input state : 
  - Chain level:
	State 1
	State 2


============================================================
+ Verbose Summary: Datapath Resource usage 
============================================================
N/A
