

================================================================
== Vitis HLS Report for 'run_inference'
================================================================
* Date:           Sat Aug 24 01:38:44 2024

* Version:        2022.2 (Build 3670227 on Oct 13 2022)
* Project:        kernel_wrapper
* Solution:       solution (Vitis Kernel Flow Target)
* Product family: versal
* Target device:  xcvc1902-vsvd1760-2MP-e-S


================================================================
== Performance Estimates
================================================================
+ Timing: 
    * Summary: 
    +--------+---------+----------+------------+
    |  Clock |  Target | Estimated| Uncertainty|
    +--------+---------+----------+------------+
    |ap_clk  |  5.00 ns|  3.639 ns|     1.35 ns|
    +--------+---------+----------+------------+

+ Latency: 
    * Summary: 
    +---------+---------+-----------+-----------+-------+-------+---------+
    |  Latency (cycles) |   Latency (absolute)  |    Interval   | Pipeline|
    |   min   |   max   |    min    |    max    |  min  |  max  |   Type  |
    +---------+---------+-----------+-----------+-------+-------+---------+
    |    16405|    16405|  82.025 us|  82.025 us|  16405|  16405|       no|
    +---------+---------+-----------+-----------+-------+-------+---------+

    + Detail: 
        * Instance: 
        N/A

        * Loop: 
        +-------------------+---------+---------+----------+-----------+-----------+-------+----------+
        |                   |  Latency (cycles) | Iteration|  Initiation Interval  |  Trip |          |
        |     Loop Name     |   min   |   max   |  Latency |  achieved |   target  | Count | Pipelined|
        +-------------------+---------+---------+----------+-----------+-----------+-------+----------+
        |- VITIS_LOOP_15_1  |    16404|    16404|        22|          -|          -|  16384|        no|
        +-------------------+---------+---------+----------+-----------+-----------+-------+----------+

============================================================
+ Verbose Summary: Synthesis Manager
============================================================
InlineROM: 1
ExposeGlobal: 0
============================================================
+ Verbose Summary: CDFG Model
============================================================
IsTopModel: 0
ResetActiveHigh: 1
IsCombinational: 2
IsDatapathOnly: 0
HasWiredReturn: 1
HasMFsm: 0
HasVarLatency: 1
IsPipeline: 0
IsRtlPipelined: 0
IsInstanceOverlapped: 0
IsDontTouch: 0
HasImplIP: 0
IsGatedGlobalClock: 0


============================================================
+ Verbose Summary: Schedule
============================================================
* Number of FSM states : 3
* Pipeline : 0
* Dataflow Pipeline: 1
  DF-Pipeline-0: Size = 2, States = { 2 3 }

* FSM state transitions: 
1 --> 2 
2 --> 3 
3 --> 2 

* FSM state operations: 

State 1 <SV = 0> <Delay = 0.40>
ST_1 : Operation 4 [1/1] (0.40ns)   --->   "%br_ln0 = br void %for.cond.i.i"   --->   Operation 4 'br' 'br_ln0' <Predicate = true> <Delay = 0.40>

State 2 <SV = 1> <Delay = 2.66>
ST_2 : Operation 5 [1/1] (0.00ns)   --->   "%i = phi i15 %add_ln15, void %for.inc.i.i, i15 0, void %entry" [/home/kaxiotis/Vitis_Accel_Projects/vitis_accel_prj/kernel_wrapper.cpp:15]   --->   Operation 5 'phi' 'i' <Predicate = true> <Delay = 0.00>
ST_2 : Operation 6 [1/1] (0.81ns)   --->   "%add_ln15 = add i15 %i, i15 1" [/home/kaxiotis/Vitis_Accel_Projects/vitis_accel_prj/kernel_wrapper.cpp:15]   --->   Operation 6 'add' 'add_ln15' <Predicate = true> <Delay = 0.81> <CoreInst = "Adder">   --->   Core 1 'Adder' <Latency = 0> <II = 1> <Delay = 0.81> <FuncUnit> <Opcode : 'add' 'sub'> <InPorts = 2> <OutPorts = 1>
ST_2 : Operation 7 [1/1] (0.64ns)   --->   "%icmp_ln15 = icmp_eq  i15 %i, i15 16384" [/home/kaxiotis/Vitis_Accel_Projects/vitis_accel_prj/kernel_wrapper.cpp:15]   --->   Operation 7 'icmp' 'icmp_ln15' <Predicate = true> <Delay = 0.64> <CoreInst = "Cmp">   --->   Core 9 'Cmp' <Latency = 0> <II = 1> <Delay = 0.64> <FuncUnit> <Opcode : 'icmp'> <InPorts = 2> <OutPorts = 1>
ST_2 : Operation 8 [1/1] (0.00ns)   --->   "%empty = speclooptripcount i32 @_ssdm_op_SpecLoopTripCount, i64 16384, i64 16384, i64 16384"   --->   Operation 8 'speclooptripcount' 'empty' <Predicate = true> <Delay = 0.00>
ST_2 : Operation 9 [1/1] (0.00ns)   --->   "%specdataflowpipeline_ln15 = specdataflowpipeline void @_ssdm_op_SpecDataflowPipeline, i32 4294967295, i32 0, void @dataflow_parent_loop_str, i15 %i, i15 16384, i32 0" [/home/kaxiotis/Vitis_Accel_Projects/vitis_accel_prj/kernel_wrapper.cpp:15]   --->   Operation 9 'specdataflowpipeline' 'specdataflowpipeline_ln15' <Predicate = true> <Delay = 0.00>
ST_2 : Operation 10 [1/1] (0.00ns)   --->   "%br_ln15 = br i1 %icmp_ln15, void %for.inc.i.i, void %run_inference_for.cond.i.exit" [/home/kaxiotis/Vitis_Accel_Projects/vitis_accel_prj/kernel_wrapper.cpp:15]   --->   Operation 10 'br' 'br_ln15' <Predicate = true> <Delay = 0.00>
ST_2 : Operation 11 [2/2] (2.01ns)   --->   "%call_ln17 = call void @dataflow_in_loop_VITIS_LOOP_15_1, i256 %in_buf, i15 %i, i16 %out_buf_0, i16 %out_buf_1, i16 %out_buf_2, i16 %out_buf_3, i16 %out_buf_4, i18 %exp_table, i18 %invert_table" [/home/kaxiotis/Vitis_Accel_Projects/vitis_accel_prj/kernel_wrapper.cpp:17]   --->   Operation 11 'call' 'call_ln17' <Predicate = (!icmp_ln15)> <Delay = 2.01> <CoreType = "Generic">   --->   Core 0 '' <Latency = 0> <II = 1> <Delay = 1.00> <Generic> <Opcode : >
ST_2 : Operation 12 [1/1] (0.00ns)   --->   "%ret_ln19 = ret" [/home/kaxiotis/Vitis_Accel_Projects/vitis_accel_prj/kernel_wrapper.cpp:19]   --->   Operation 12 'ret' 'ret_ln19' <Predicate = (icmp_ln15)> <Delay = 0.00>

State 3 <SV = 2> <Delay = 0.00>
ST_3 : Operation 13 [1/1] (0.00ns)   --->   "%specloopname_ln17 = specloopname void @_ssdm_op_SpecLoopName, void @empty_12" [/home/kaxiotis/Vitis_Accel_Projects/vitis_accel_prj/kernel_wrapper.cpp:17]   --->   Operation 13 'specloopname' 'specloopname_ln17' <Predicate = (!icmp_ln15)> <Delay = 0.00>
ST_3 : Operation 14 [1/2] (0.00ns)   --->   "%call_ln17 = call void @dataflow_in_loop_VITIS_LOOP_15_1, i256 %in_buf, i15 %i, i16 %out_buf_0, i16 %out_buf_1, i16 %out_buf_2, i16 %out_buf_3, i16 %out_buf_4, i18 %exp_table, i18 %invert_table" [/home/kaxiotis/Vitis_Accel_Projects/vitis_accel_prj/kernel_wrapper.cpp:17]   --->   Operation 14 'call' 'call_ln17' <Predicate = (!icmp_ln15)> <Delay = 0.00> <CoreType = "Generic">   --->   Core 0 '' <Latency = 0> <II = 1> <Delay = 1.00> <Generic> <Opcode : >
ST_3 : Operation 15 [1/1] (0.00ns)   --->   "%br_ln15 = br void %for.cond.i.i" [/home/kaxiotis/Vitis_Accel_Projects/vitis_accel_prj/kernel_wrapper.cpp:15]   --->   Operation 15 'br' 'br_ln15' <Predicate = (!icmp_ln15)> <Delay = 0.00>


============================================================
+ Verbose Summary: Timing violations
============================================================
Target clock period: 5ns, clock uncertainty: 1.35ns.

 <State 1>: 0.405ns
The critical path consists of the following:
	multiplexor before 'phi' operation ('i', /home/kaxiotis/Vitis_Accel_Projects/vitis_accel_prj/kernel_wrapper.cpp:15) with incoming values : ('add_ln15', /home/kaxiotis/Vitis_Accel_Projects/vitis_accel_prj/kernel_wrapper.cpp:15) [11]  (0.405 ns)

 <State 2>: 2.66ns
The critical path consists of the following:
	'phi' operation ('i', /home/kaxiotis/Vitis_Accel_Projects/vitis_accel_prj/kernel_wrapper.cpp:15) with incoming values : ('add_ln15', /home/kaxiotis/Vitis_Accel_Projects/vitis_accel_prj/kernel_wrapper.cpp:15) [11]  (0 ns)
	'call' operation ('call_ln17', /home/kaxiotis/Vitis_Accel_Projects/vitis_accel_prj/kernel_wrapper.cpp:17) to 'dataflow_in_loop_VITIS_LOOP_15_1' [19]  (2.01 ns)
	blocking operation 0.648 ns on control path)

 <State 3>: 0ns
The critical path consists of the following:


============================================================
+ Verbose Summary: Binding
============================================================
N/A
* FSMD analyzer results:
  - Output states:
 - Input state : 
  - Chain level:
	State 1
	State 2
	State 3


============================================================
+ Verbose Summary: Datapath Resource usage 
============================================================
N/A
